Archive member included to satisfy reference by file (symbol)

C:/ST/STM32CubeIDE_1.14.0/STM32CubeIDE/plugins/com.st.stm32cube.ide.mcu.externaltools.gnu-tools-for-stm32.11.3.rel1.win32_1.1.100.202309141235/tools/bin/../lib/gcc/arm-none-eabi/11.3.1/../../../../arm-none-eabi/lib/thumb/v7e-m+fp/hard\libc_nano.a(libc_a-exit.o)
                              C:/ST/STM32CubeIDE_1.14.0/STM32CubeIDE/plugins/com.st.stm32cube.ide.mcu.externaltools.gnu-tools-for-stm32.11.3.rel1.win32_1.1.100.202309141235/tools/bin/../lib/gcc/arm-none-eabi/11.3.1/../../../../arm-none-eabi/lib/thumb/v7e-m+fp/hard/crt0.o (exit)
C:/ST/STM32CubeIDE_1.14.0/STM32CubeIDE/plugins/com.st.stm32cube.ide.mcu.externaltools.gnu-tools-for-stm32.11.3.rel1.win32_1.1.100.202309141235/tools/bin/../lib/gcc/arm-none-eabi/11.3.1/../../../../arm-none-eabi/lib/thumb/v7e-m+fp/hard\libc_nano.a(libc_a-findfp.o)
                              C:/ST/STM32CubeIDE_1.14.0/STM32CubeIDE/plugins/com.st.stm32cube.ide.mcu.externaltools.gnu-tools-for-stm32.11.3.rel1.win32_1.1.100.202309141235/tools/bin/../lib/gcc/arm-none-eabi/11.3.1/../../../../arm-none-eabi/lib/thumb/v7e-m+fp/hard\libc_nano.a(libc_a-exit.o) (__stdio_exit_handler)
C:/ST/STM32CubeIDE_1.14.0/STM32CubeIDE/plugins/com.st.stm32cube.ide.mcu.externaltools.gnu-tools-for-stm32.11.3.rel1.win32_1.1.100.202309141235/tools/bin/../lib/gcc/arm-none-eabi/11.3.1/../../../../arm-none-eabi/lib/thumb/v7e-m+fp/hard\libc_nano.a(libc_a-fwalk.o)
                              C:/ST/STM32CubeIDE_1.14.0/STM32CubeIDE/plugins/com.st.stm32cube.ide.mcu.externaltools.gnu-tools-for-stm32.11.3.rel1.win32_1.1.100.202309141235/tools/bin/../lib/gcc/arm-none-eabi/11.3.1/../../../../arm-none-eabi/lib/thumb/v7e-m+fp/hard\libc_nano.a(libc_a-findfp.o) (_fwalk_sglue)
C:/ST/STM32CubeIDE_1.14.0/STM32CubeIDE/plugins/com.st.stm32cube.ide.mcu.externaltools.gnu-tools-for-stm32.11.3.rel1.win32_1.1.100.202309141235/tools/bin/../lib/gcc/arm-none-eabi/11.3.1/../../../../arm-none-eabi/lib/thumb/v7e-m+fp/hard\libc_nano.a(libc_a-sprintf.o)
                              ./App/Aplicacion.o (sprintf)
C:/ST/STM32CubeIDE_1.14.0/STM32CubeIDE/plugins/com.st.stm32cube.ide.mcu.externaltools.gnu-tools-for-stm32.11.3.rel1.win32_1.1.100.202309141235/tools/bin/../lib/gcc/arm-none-eabi/11.3.1/../../../../arm-none-eabi/lib/thumb/v7e-m+fp/hard\libc_nano.a(libc_a-stdio.o)
                              C:/ST/STM32CubeIDE_1.14.0/STM32CubeIDE/plugins/com.st.stm32cube.ide.mcu.externaltools.gnu-tools-for-stm32.11.3.rel1.win32_1.1.100.202309141235/tools/bin/../lib/gcc/arm-none-eabi/11.3.1/../../../../arm-none-eabi/lib/thumb/v7e-m+fp/hard\libc_nano.a(libc_a-findfp.o) (__sread)
C:/ST/STM32CubeIDE_1.14.0/STM32CubeIDE/plugins/com.st.stm32cube.ide.mcu.externaltools.gnu-tools-for-stm32.11.3.rel1.win32_1.1.100.202309141235/tools/bin/../lib/gcc/arm-none-eabi/11.3.1/../../../../arm-none-eabi/lib/thumb/v7e-m+fp/hard\libc_nano.a(libc_a-memset.o)
                              C:/ST/STM32CubeIDE_1.14.0/STM32CubeIDE/plugins/com.st.stm32cube.ide.mcu.externaltools.gnu-tools-for-stm32.11.3.rel1.win32_1.1.100.202309141235/tools/bin/../lib/gcc/arm-none-eabi/11.3.1/../../../../arm-none-eabi/lib/thumb/v7e-m+fp/hard/crt0.o (memset)
C:/ST/STM32CubeIDE_1.14.0/STM32CubeIDE/plugins/com.st.stm32cube.ide.mcu.externaltools.gnu-tools-for-stm32.11.3.rel1.win32_1.1.100.202309141235/tools/bin/../lib/gcc/arm-none-eabi/11.3.1/../../../../arm-none-eabi/lib/thumb/v7e-m+fp/hard\libc_nano.a(libc_a-closer.o)
                              C:/ST/STM32CubeIDE_1.14.0/STM32CubeIDE/plugins/com.st.stm32cube.ide.mcu.externaltools.gnu-tools-for-stm32.11.3.rel1.win32_1.1.100.202309141235/tools/bin/../lib/gcc/arm-none-eabi/11.3.1/../../../../arm-none-eabi/lib/thumb/v7e-m+fp/hard\libc_nano.a(libc_a-stdio.o) (_close_r)
C:/ST/STM32CubeIDE_1.14.0/STM32CubeIDE/plugins/com.st.stm32cube.ide.mcu.externaltools.gnu-tools-for-stm32.11.3.rel1.win32_1.1.100.202309141235/tools/bin/../lib/gcc/arm-none-eabi/11.3.1/../../../../arm-none-eabi/lib/thumb/v7e-m+fp/hard\libc_nano.a(libc_a-reent.o)
                              C:/ST/STM32CubeIDE_1.14.0/STM32CubeIDE/plugins/com.st.stm32cube.ide.mcu.externaltools.gnu-tools-for-stm32.11.3.rel1.win32_1.1.100.202309141235/tools/bin/../lib/gcc/arm-none-eabi/11.3.1/../../../../arm-none-eabi/lib/thumb/v7e-m+fp/hard\libc_nano.a(libc_a-closer.o) (errno)
C:/ST/STM32CubeIDE_1.14.0/STM32CubeIDE/plugins/com.st.stm32cube.ide.mcu.externaltools.gnu-tools-for-stm32.11.3.rel1.win32_1.1.100.202309141235/tools/bin/../lib/gcc/arm-none-eabi/11.3.1/../../../../arm-none-eabi/lib/thumb/v7e-m+fp/hard\libc_nano.a(libc_a-impure.o)
                              C:/ST/STM32CubeIDE_1.14.0/STM32CubeIDE/plugins/com.st.stm32cube.ide.mcu.externaltools.gnu-tools-for-stm32.11.3.rel1.win32_1.1.100.202309141235/tools/bin/../lib/gcc/arm-none-eabi/11.3.1/../../../../arm-none-eabi/lib/thumb/v7e-m+fp/hard\libc_nano.a(libc_a-sprintf.o) (_impure_ptr)
[...]
Memory Configuration

Name             Origin             Length             Attributes
CCMRAM           0x0000000010000000 0x0000000000004000 xrw
RAM              0x0000000020000000 0x0000000000010000 xrw
FLASH            0x0000000008000000 0x0000000000080000 xr
*default*        0x0000000000000000 0xffffffffffffffff

Linker script and memory map

LOAD C:/ST/STM32CubeIDE_1.14.0/STM32CubeIDE/plugins/com.st.stm32cube.ide.mcu.externaltools.gnu-tools-for-stm32.11.3.rel1.win32_1.1.100.202309141235/tools/bin/../lib/gcc/arm-none-eabi/11.3.1/thumb/v7e-m+fp/hard/crti.o
LOAD C:/ST/STM32CubeIDE_1.14.0/STM32CubeIDE/plugins/com.st.stm32cube.ide.mcu.externaltools.gnu-tools-for-stm32.11.3.rel1.win32_1.1.100.202309141235/tools/bin/../lib/gcc/arm-none-eabi/11.3.1/thumb/v7e-m+fp/hard/crtbegin.o
LOAD C:/ST/STM32CubeIDE_1.14.0/STM32CubeIDE/plugins/com.st.stm32cube.ide.mcu.externaltools.gnu-tools-for-stm32.11.3.rel1.win32_1.1.100.202309141235/tools/bin/../lib/gcc/arm-none-eabi/11.3.1/../../../../arm-none-eabi/lib/thumb/v7e-m+fp/hard/crt0.o
LOAD ./App/Aplicacion.o
LOAD ./App/Idioma.o
LOAD ./App/OSC.o
LOAD ./App/Panel Tactil.o
LOAD ./Core/Src/main.o
LOAD ./Core/Src/stm32f3xx_hal_msp.o
LOAD ./Core/Src/stm32f3xx_it.o
LOAD ./Core/Src/syscalls.o
LOAD ./Core/Src/sysmem.o
LOAD ./Core/Src/system_stm32f3xx.o
LOAD ./Core/Startup/startup_stm32f303retx.o
LOAD ./Drivers/STM32F3xx_HAL_Driver/Src/stm32f3xx_hal.o
LOAD ./Drivers/STM32F3xx_HAL_Driver/Src/stm32f3xx_hal_adc.o
LOAD ./Drivers/STM32F3xx_HAL_Driver/Src/stm32f3xx_hal_adc_ex.o
LOAD ./Drivers/STM32F3xx_HAL_Driver/Src/stm32f3xx_hal_cortex.o
LOAD ./Drivers/STM32F3xx_HAL_Driver/Src/stm32f3xx_hal_dac.o
LOAD ./Drivers/STM32F3xx_HAL_Driver/Src/stm32f3xx_hal_dac_ex.o
LOAD ./Drivers/STM32F3xx_HAL_Driver/Src/stm32f3xx_hal_dma.o
LOAD ./Drivers/STM32F3xx_HAL_Driver/Src/stm32f3xx_hal_exti.o
LOAD ./Drivers/STM32F3xx_HAL_Driver/Src/stm32f3xx_hal_flash.o
LOAD ./Drivers/STM32F3xx_HAL_Driver/Src/stm32f3xx_hal_flash_ex.o
LOAD ./Drivers/STM32F3xx_HAL_Driver/Src/stm32f3xx_hal_gpio.o
LOAD ./Drivers/STM32F3xx_HAL_Driver/Src/stm32f3xx_hal_i2c.o
LOAD ./Drivers/STM32F3xx_HAL_Driver/Src/stm32f3xx_hal_i2c_ex.o
LOAD ./Drivers/STM32F3xx_HAL_Driver/Src/stm32f3xx_hal_pcd.o
LOAD ./Drivers/STM32F3xx_HAL_Driver/Src/stm32f3xx_hal_pcd_ex.o
LOAD ./Drivers/STM32F3xx_HAL_Driver/Src/stm32f3xx_hal_pwr.o
LOAD ./Drivers/STM32F3xx_HAL_Driver/Src/stm32f3xx_hal_pwr_ex.o
LOAD ./Drivers/STM32F3xx_HAL_Driver/Src/stm32f3xx_hal_rcc.o
LOAD ./Drivers/STM32F3xx_HAL_Driver/Src/stm32f3xx_hal_rcc_ex.o
LOAD ./Drivers/STM32F3xx_HAL_Driver/Src/stm32f3xx_hal_spi.o
LOAD ./Drivers/STM32F3xx_HAL_Driver/Src/stm32f3xx_hal_spi_ex.o
LOAD ./Drivers/STM32F3xx_HAL_Driver/Src/stm32f3xx_hal_tim.o
LOAD ./Drivers/STM32F3xx_HAL_Driver/Src/stm32f3xx_hal_tim_ex.o
LOAD ./Drivers/STM32F3xx_HAL_Driver/Src/stm32f3xx_hal_uart.o
LOAD ./Drivers/STM32F3xx_HAL_Driver/Src/stm32f3xx_hal_uart_ex.o
LOAD ./Drivers/STM32F3xx_HAL_Driver/Src/stm32f3xx_ll_usb.o
LOAD ./FATFS/App/fatfs.o
LOAD ./FATFS/Target/fatfs_sd.o
LOAD ./FATFS/Target/user_diskio.o
LOAD ./FATFS/Target/user_diskio_spi.o
LOAD ./ILI9341/ILI9341_Driver.o
LOAD ./Memoria/Memoria.o
LOAD ./Middlewares/ST/STM32_USB_Device_Library/Class/CDC/Src/usbd_cdc.o
LOAD ./Middlewares/ST/STM32_USB_Device_Library/Core/Src/usbd_core.o
LOAD ./Middlewares/ST/STM32_USB_Device_Library/Core/Src/usbd_ctlreq.o
LOAD ./Middlewares/ST/STM32_USB_Device_Library/Core/Src/usbd_ioreq.o
LOAD ./Middlewares/Third_Party/FatFs/src/diskio.o
LOAD ./Middlewares/Third_Party/FatFs/src/ff.o
LOAD ./Middlewares/Third_Party/FatFs/src/ff_gen_drv.o
LOAD ./Middlewares/Third_Party/FatFs/src/option/ccsbcs.o
LOAD ./Middlewares/Third_Party/FatFs/src/option/syscall.o
LOAD ./Recursos/Recursos.o
LOAD ./Touch/XPT2046_touch.o
LOAD ./USB_DEVICE/App/usb_device.o
LOAD ./USB_DEVICE/App/usbd_cdc_if.o
LOAD ./USB_DEVICE/App/usbd_desc.o
LOAD ./USB_DEVICE/Target/usbd_conf.o
START GROUP
LOAD C:/ST/STM32CubeIDE_1.14.0/STM32CubeIDE/plugins/com.st.stm32cube.ide.mcu.externaltools.gnu-tools-for-stm32.11.3.rel1.win32_1.1.100.202309141235/tools/bin/../lib/gcc/arm-none-eabi/11.3.1/../../../../arm-none-eabi/lib/thumb/v7e-m+fp/hard\libc_nano.a
LOAD C:/ST/STM32CubeIDE_1.14.0/STM32CubeIDE/plugins/com.st.stm32cube.ide.mcu.externaltools.gnu-tools-for-stm32.11.3.rel1.win32_1.1.100.202309141235/tools/bin/../lib/gcc/arm-none-eabi/11.3.1/../../../../arm-none-eabi/lib/thumb/v7e-m+fp/hard\libm.a
END GROUP
START GROUP
LOAD C:/ST/STM32CubeIDE_1.14.0/STM32CubeIDE/plugins/com.st.stm32cube.ide.mcu.externaltools.gnu-tools-for-stm32.11.3.rel1.win32_1.1.100.202309141235/tools/bin/../lib/gcc/arm-none-eabi/11.3.1/thumb/v7e-m+fp/hard\libgcc.a
LOAD C:/ST/STM32CubeIDE_1.14.0/STM32CubeIDE/plugins/com.st.stm32cube.ide.mcu.externaltools.gnu-tools-for-stm32.11.3.rel1.win32_1.1.100.202309141235/tools/bin/../lib/gcc/arm-none-eabi/11.3.1/../../../../arm-none-eabi/lib/thumb/v7e-m+fp/hard\libc_nano.a
END GROUP
START GROUP
LOAD C:/ST/STM32CubeIDE_1.14.0/STM32CubeIDE/plugins/com.st.stm32cube.ide.mcu.externaltools.gnu-tools-for-stm32.11.3.rel1.win32_1.1.100.202309141235/tools/bin/../lib/gcc/arm-none-eabi/11.3.1/thumb/v7e-m+fp/hard\libgcc.a
LOAD C:/ST/STM32CubeIDE_1.14.0/STM32CubeIDE/plugins/com.st.stm32cube.ide.mcu.externaltools.gnu-tools-for-stm32.11.3.rel1.win32_1.1.100.202309141235/tools/bin/../lib/gcc/arm-none-eabi/11.3.1/../../../../arm-none-eabi/lib/thumb/v7e-m+fp/hard\libc_nano.a
LOAD C:/ST/STM32CubeIDE_1.14.0/STM32CubeIDE/plugins/com.st.stm32cube.ide.mcu.externaltools.gnu-tools-for-stm32.11.3.rel1.win32_1.1.100.202309141235/tools/bin/../lib/gcc/arm-none-eabi/11.3.1/../../../../arm-none-eabi/lib/thumb/v7e-m+fp/hard\libnosys.a
END GROUP
START GROUP
LOAD C:/ST/STM32CubeIDE_1.14.0/STM32CubeIDE/plugins/com.st.stm32cube.ide.mcu.externaltools.gnu-tools-for-stm32.11.3.rel1.win32_1.1.100.202309141235/tools/bin/../lib/gcc/arm-none-eabi/11.3.1/thumb/v7e-m+fp/hard\libgcc.a
LOAD C:/ST/STM32CubeIDE_1.14.0/STM32CubeIDE/plugins/com.st.stm32cube.ide.mcu.externaltools.gnu-tools-for-stm32.11.3.rel1.win32_1.1.100.202309141235/tools/bin/../lib/gcc/arm-none-eabi/11.3.1/../../../../arm-none-eabi/lib/thumb/v7e-m+fp/hard\libc_nano.a
LOAD C:/ST/STM32CubeIDE_1.14.0/STM32CubeIDE/plugins/com.st.stm32cube.ide.mcu.externaltools.gnu-tools-for-stm32.11.3.rel1.win32_1.1.100.202309141235/tools/bin/../lib/gcc/arm-none-eabi/11.3.1/../../../../arm-none-eabi/lib/thumb/v7e-m+fp/hard\libnosys.a
END GROUP
LOAD C:/ST/STM32CubeIDE_1.14.0/STM32CubeIDE/plugins/com.st.stm32cube.ide.mcu.externaltools.gnu-tools-for-stm32.11.3.rel1.win32_1.1.100.202309141235/tools/bin/../lib/gcc/arm-none-eabi/11.3.1/thumb/v7e-m+fp/hard/crtend.o
LOAD C:/ST/STM32CubeIDE_1.14.0/STM32CubeIDE/plugins/com.st.stm32cube.ide.mcu.externaltools.gnu-tools-for-stm32.11.3.rel1.win32_1.1.100.202309141235/tools/bin/../lib/gcc/arm-none-eabi/11.3.1/thumb/v7e-m+fp/hard/crtn.o
                0x0000000020010000                _estack = (ORIGIN (RAM) + LENGTH (RAM))
                0x0000000000000200                _Min_Heap_Size = 0x200
                0x0000000000000400                _Min_Stack_Size = 0x400

.isr_vector     0x0000000008000000      0x194
                0x0000000008000000                . = ALIGN (0x4)
 *(.isr_vector)
 .isr_vector    0x0000000008000000      0x194 ./Core/Startup/startup_stm32f303retx.o
                0x0000000008000000                g_pfnVectors
                0x0000000008000194                . = ALIGN (0x4)

.text           0x00000000080001a0    0x1b078
                0x00000000080001a0                . = ALIGN (0x4)
 *(.text)
 .text          0x00000000080001a0       0x40 C:/ST/STM32CubeIDE_1.14.0/STM32CubeIDE/plugins/com.st.stm32cube.ide.mcu.externaltools.gnu-tools-for-stm32.11.3.rel1.win32_1.1.100.202309141235/tools/bin/../lib/gcc/arm-none-eabi/11.3.1/thumb/v7e-m+fp/hard/crtbegin.o
 .text          0x00000000080001e0       0x10 C:/ST/STM32CubeIDE_1.14.0/STM32CubeIDE/plugins/com.st.stm32cube.ide.mcu.externaltools.gnu-tools-for-stm32.11.3.rel1.win32_1.1.100.202309141235/tools/bin/../lib/gcc/arm-none-eabi/11.3.1/../../../../arm-none-eabi/lib/thumb/v7e-m+fp/hard\libc_nano.a(libc_a-strlen.o)
                0x00000000080001e0                strlen
 .text          0x00000000080001f0       0xa0 C:/ST/STM32CubeIDE_1.14.0/STM32CubeIDE/plugins/com.st.stm32cube.ide.mcu.externaltools.gnu-tools-for-stm32.11.3.rel1.win32_1.1.100.202309141235/tools/bin/../lib/gcc/arm-none-eabi/11.3.1/../../../../arm-none-eabi/lib/thumb/v7e-m+fp/hard\libc_nano.a(libc_a-memchr.o)
                0x00000000080001f0                memchr
 .text          0x0000000008000290      0x378 C:/ST/STM32CubeIDE_1.14.0/STM32CubeIDE/plugins/com.st.stm32cube.ide.mcu.externaltools.gnu-tools-for-stm32.11.3.rel1.win32_1.1.100.202309141235/tools/bin/../lib/gcc/arm-none-eabi/11.3.1/thumb/v7e-m+fp/hard\libgcc.a(_arm_addsubdf3.o)
                0x0000000008000290                __aeabi_drsub
                0x0000000008000298                __aeabi_dsub
                0x0000000008000298                __subdf3
                0x000000000800029c                __aeabi_dadd
                0x000000000800029c                __adddf3
                0x0000000008000514                __floatunsidf
                0x0000000008000514                __aeabi_ui2d
                0x0000000008000534                __floatsidf
                0x0000000008000534                __aeabi_i2d
                0x0000000008000558                __aeabi_f2d
                0x0000000008000558                __extendsfdf2
                0x000000000800059c                __floatundidf
                0x000000000800059c                __aeabi_ul2d
                0x00000000080005ac                __floatdidf
                0x00000000080005ac                __aeabi_l2d
 .text          0x0000000008000608      0x424 C:/ST/STM32CubeIDE_1.14.0/STM32CubeIDE/plugins/com.st.stm32cube.ide.mcu.externaltools.gnu-tools-for-stm32.11.3.rel1.win32_1.1.100.202309141235/tools/bin/../lib/gcc/arm-none-eabi/11.3.1/thumb/v7e-m+fp/hard\libgcc.a(_arm_muldivdf3.o)
                0x0000000008000608                __aeabi_dmul
                0x0000000008000608                __muldf3
                0x000000000800085c                __divdf3
                0x000000000800085c                __aeabi_ddiv
 .text          0x0000000008000a2c      0x110 C:/ST/STM32CubeIDE_1.14.0/STM32CubeIDE/plugins/com.st.stm32cube.ide.mcu.externaltools.gnu-tools-for-stm32.11.3.rel1.win32_1.1.100.202309141235/tools/bin/../lib/gcc/arm-none-eabi/11.3.1/thumb/v7e-m+fp/hard\libgcc.a(_arm_cmpdf2.o)
                0x0000000008000a2c                __gtdf2
                0x0000000008000a2c                __gedf2
                0x0000000008000a34                __ltdf2
                0x0000000008000a34                __ledf2
                0x0000000008000a3c                __nedf2
                0x0000000008000a3c                __eqdf2
                0x0000000008000a3c                __cmpdf2
                0x0000000008000ab8                __aeabi_cdrcmple
                0x0000000008000ac8                __aeabi_cdcmpeq
                0x0000000008000ac8                __aeabi_cdcmple
                0x0000000008000ad8                __aeabi_dcmpeq
                0x0000000008000aec                __aeabi_dcmplt
                0x0000000008000b00                __aeabi_dcmple
                0x0000000008000b14                __aeabi_dcmpge
                0x0000000008000b28                __aeabi_dcmpgt
 .text          0x0000000008000b3c       0x50 C:/ST/STM32CubeIDE_1.14.0/STM32CubeIDE/plugins/com.st.stm32cube.ide.mcu.externaltools.gnu-tools-for-stm32.11.3.rel1.win32_1.1.100.202309141235/tools/bin/../lib/gcc/arm-none-eabi/11.3.1/thumb/v7e-m+fp/hard\libgcc.a(_arm_fixdfsi.o)
                0x0000000008000b3c                __aeabi_d2iz
                0x0000000008000b3c                __fixdfsi
 .text          0x0000000008000b8c       0x40 C:/ST/STM32CubeIDE_1.14.0/STM32CubeIDE/plugins/com.st.stm32cube.ide.mcu.externaltools.gnu-tools-for-stm32.11.3.rel1.win32_1.1.100.202309141235/tools/bin/../lib/gcc/arm-none-eabi/11.3.1/thumb/v7e-m+fp/hard\libgcc.a(_arm_fixunsdfsi.o)
                0x0000000008000b8c                __aeabi_d2uiz
                0x0000000008000b8c                __fixunsdfsi
 *(.text*)
 .text.AppInit  0x0000000008000bcc       0x38 ./App/Aplicacion.o
                0x0000000008000bcc                AppInit
 .text.AppLoop  0x0000000008000c04      0xf5c ./App/Aplicacion.o
                0x0000000008000c04                AppLoop
 .text.TomarCanales
                0x0000000008001b60      0x284 ./App/OSC.o
                0x0000000008001b60                TomarCanales
 .text.SetBT    0x0000000008001de4      0xd18 ./App/OSC.o
                0x0000000008001de4                SetBT
 .text.AtencionTecla
                0x0000000008002afc      0x670 ./App/Panel Tactil.o
                0x0000000008002afc                AtencionTecla
 *fill*         0x000000000800316c        0x4 
 .text.GenOnda  0x0000000008003170       0xa8 ./Core/Src/main.o
                0x0000000008003170                GenOnda
 .text.main     0x0000000008003218      0x168 ./Core/Src/main.o
                0x0000000008003218                main
 .text.SystemClock_Config
                0x0000000008003380       0xd8 ./Core/Src/main.o
                0x0000000008003380                SystemClock_Config
 .text.MX_ADC1_Init
                0x0000000008003458       0xe0 ./Core/Src/main.o
 .text.MX_ADC2_Init
                0x0000000008003538       0xbc ./Core/Src/main.o
 .text.MX_ADC3_Init
                0x00000000080035f4       0xe4 ./Core/Src/main.o
 .text.MX_ADC4_Init
                0x00000000080036d8       0xbc ./Core/Src/main.o
 .text.MX_DAC1_Init
                0x0000000008003794       0x54 ./Core/Src/main.o
 .text.MX_SPI3_Init
                0x00000000080037e8       0x7c ./Core/Src/main.o
 .text.MX_TIM1_Init
                0x0000000008003864      0x15c ./Core/Src/main.o
 .text.MX_TIM2_Init
                0x00000000080039c0      0x100 ./Core/Src/main.o
 .text.MX_TIM3_Init
                0x0000000008003ac0       0x9c ./Core/Src/main.o
 .text.MX_TIM7_Init
                0x0000000008003b5c       0x6c ./Core/Src/main.o
 .text.MX_TIM8_Init
                0x0000000008003bc8      0x1fc ./Core/Src/main.o
 .text.MX_USART2_UART_Init
                0x0000000008003dc4       0x60 ./Core/Src/main.o
 .text.MX_DMA_Init
                0x0000000008003e24       0xa4 ./Core/Src/main.o
 .text.MX_GPIO_Init
                0x0000000008003ec8      0x13c ./Core/Src/main.o
 .text.HAL_TIM_PeriodElapsedCallback
                0x0000000008004004       0x48 ./Core/Src/main.o
                0x0000000008004004                HAL_TIM_PeriodElapsedCallback
 .text.Error_Handler
                0x000000000800404c        0xe ./Core/Src/main.o
                0x000000000800404c                Error_Handler
 *fill*         0x000000000800405a        0x2 
 .text.HAL_MspInit
                0x000000000800405c       0x48 ./Core/Src/stm32f3xx_hal_msp.o
                0x000000000800405c                HAL_MspInit
 .text.HAL_ADC_MspInit
                0x00000000080040a4      0x370 ./Core/Src/stm32f3xx_hal_msp.o
                0x00000000080040a4                HAL_ADC_MspInit
 .text.HAL_DAC_MspInit
                0x0000000008004414       0xe4 ./Core/Src/stm32f3xx_hal_msp.o
                0x0000000008004414                HAL_DAC_MspInit
 .text.HAL_SPI_MspInit
                0x00000000080044f8       0x88 ./Core/Src/stm32f3xx_hal_msp.o
                0x00000000080044f8                HAL_SPI_MspInit
 .text.HAL_TIM_Base_MspInit
                0x0000000008004580      0x160 ./Core/Src/stm32f3xx_hal_msp.o
                0x0000000008004580                HAL_TIM_Base_MspInit
 .text.HAL_TIM_MspPostInit
                0x00000000080046e0      0x1b8 ./Core/Src/stm32f3xx_hal_msp.o
                0x00000000080046e0                HAL_TIM_MspPostInit
 .text.HAL_UART_MspInit
                0x0000000008004898       0x84 ./Core/Src/stm32f3xx_hal_msp.o
                0x0000000008004898                HAL_UART_MspInit
 .text.SDTimer_Handler
                0x000000000800491c       0x40 ./Core/Src/stm32f3xx_it.o
                0x000000000800491c                SDTimer_Handler
 .text.NMI_Handler
                0x000000000800495c        0xe ./Core/Src/stm32f3xx_it.o
                0x000000000800495c                NMI_Handler
 .text.HardFault_Handler
                0x000000000800496a        0x6 ./Core/Src/stm32f3xx_it.o
                0x000000000800496a                HardFault_Handler
 .text.MemManage_Handler
                0x0000000008004970        0x6 ./Core/Src/stm32f3xx_it.o
                0x0000000008004970                MemManage_Handler
 .text.BusFault_Handler
                0x0000000008004976        0x6 ./Core/Src/stm32f3xx_it.o
                0x0000000008004976                BusFault_Handler
 .text.UsageFault_Handler
                0x000000000800497c        0x6 ./Core/Src/stm32f3xx_it.o
                0x000000000800497c                UsageFault_Handler
 .text.SVC_Handler
                0x0000000008004982        0xe ./Core/Src/stm32f3xx_it.o
                0x0000000008004982                SVC_Handler
 .text.DebugMon_Handler
                0x0000000008004990        0xe ./Core/Src/stm32f3xx_it.o
                0x0000000008004990                DebugMon_Handler
 .text.PendSV_Handler
                0x000000000800499e        0xe ./Core/Src/stm32f3xx_it.o
                0x000000000800499e                PendSV_Handler
 .text.SysTick_Handler
                0x00000000080049ac       0x30 ./Core/Src/stm32f3xx_it.o
                0x00000000080049ac                SysTick_Handler
 .text.DMA1_Channel1_IRQHandler
                0x00000000080049dc       0x14 ./Core/Src/stm32f3xx_it.o
                0x00000000080049dc                DMA1_Channel1_IRQHandler
 .text.DMA1_Channel3_IRQHandler
                0x00000000080049f0       0x14 ./Core/Src/stm32f3xx_it.o
                0x00000000080049f0                DMA1_Channel3_IRQHandler
 .text.DMA1_Channel5_IRQHandler
                0x0000000008004a04       0x14 ./Core/Src/stm32f3xx_it.o
                0x0000000008004a04                DMA1_Channel5_IRQHandler
 .text.TIM1_UP_TIM16_IRQHandler
                0x0000000008004a18       0x14 ./Core/Src/stm32f3xx_it.o
                0x0000000008004a18                TIM1_UP_TIM16_IRQHandler
 .text.TIM3_IRQHandler
                0x0000000008004a2c       0x14 ./Core/Src/stm32f3xx_it.o
                0x0000000008004a2c                TIM3_IRQHandler
 .text.TIM7_IRQHandler
                0x0000000008004a40       0x14 ./Core/Src/stm32f3xx_it.o
                0x0000000008004a40                TIM7_IRQHandler
 .text.DMA2_Channel3_IRQHandler
                0x0000000008004a54       0x14 ./Core/Src/stm32f3xx_it.o
                0x0000000008004a54                DMA2_Channel3_IRQHandler
 .text.DMA2_Channel4_IRQHandler
                0x0000000008004a68       0x14 ./Core/Src/stm32f3xx_it.o
                0x0000000008004a68                DMA2_Channel4_IRQHandler
 .text.DMA2_Channel5_IRQHandler
                0x0000000008004a7c       0x14 ./Core/Src/stm32f3xx_it.o
                0x0000000008004a7c                DMA2_Channel5_IRQHandler
 .text.USB_LP_IRQHandler
                0x0000000008004a90       0x14 ./Core/Src/stm32f3xx_it.o
                0x0000000008004a90                USB_LP_IRQHandler
 .text._sbrk    0x0000000008004aa4       0x58 ./Core/Src/sysmem.o
                0x0000000008004aa4                _sbrk
 .text.SystemInit
                0x0000000008004afc       0x94 ./Core/Src/system_stm32f3xx.o
                0x0000000008004afc                SystemInit
 .text.Reset_Handler
                0x0000000008004b90       0x50 ./Core/Startup/startup_stm32f303retx.o
                0x0000000008004b90                Reset_Handler
 .text.Default_Handler
                0x0000000008004be0        0x2 ./Core/Startup/startup_stm32f303retx.o
                0x0000000008004be0                RTC_Alarm_IRQHandler
                0x0000000008004be0                TIM8_TRG_COM_IRQHandler
                0x0000000008004be0                TIM8_CC_IRQHandler
                0x0000000008004be0                SPI4_IRQHandler
                0x0000000008004be0                TIM1_CC_IRQHandler
                0x0000000008004be0                USB_HP_IRQHandler
                0x0000000008004be0                PVD_IRQHandler
                0x0000000008004be0                TAMP_STAMP_IRQHandler
                0x0000000008004be0                EXTI3_IRQHandler
                0x0000000008004be0                I2C3_ER_IRQHandler
                0x0000000008004be0                USB_HP_CAN_TX_IRQHandler
                0x0000000008004be0                EXTI0_IRQHandler
                0x0000000008004be0                I2C2_EV_IRQHandler
                0x0000000008004be0                FPU_IRQHandler
                0x0000000008004be0                ADC1_2_IRQHandler
                0x0000000008004be0                SPI1_IRQHandler
                0x0000000008004be0                CAN_SCE_IRQHandler
                0x0000000008004be0                TIM6_DAC_IRQHandler
                0x0000000008004be0                TIM8_UP_IRQHandler
                0x0000000008004be0                DMA2_Channel2_IRQHandler
                0x0000000008004be0                DMA1_Channel4_IRQHandler
                0x0000000008004be0                TIM20_TRG_COM_IRQHandler
                0x0000000008004be0                USART3_IRQHandler
                0x0000000008004be0                DMA1_Channel7_IRQHandler
                0x0000000008004be0                UART5_IRQHandler
                0x0000000008004be0                ADC3_IRQHandler
                0x0000000008004be0                TIM4_IRQHandler
                0x0000000008004be0                CAN_RX1_IRQHandler
                0x0000000008004be0                DMA2_Channel1_IRQHandler
                0x0000000008004be0                I2C1_EV_IRQHandler
                0x0000000008004be0                DMA1_Channel6_IRQHandler
                0x0000000008004be0                UART4_IRQHandler
                0x0000000008004be0                RCC_IRQHandler
                0x0000000008004be0                TIM20_UP_IRQHandler
                0x0000000008004be0                Default_Handler
                0x0000000008004be0                USBWakeUp_RMP_IRQHandler
                0x0000000008004be0                EXTI15_10_IRQHandler
                0x0000000008004be0                I2C3_EV_IRQHandler
                0x0000000008004be0                EXTI9_5_IRQHandler
                0x0000000008004be0                RTC_WKUP_IRQHandler
                0x0000000008004be0                SPI2_IRQHandler
                0x0000000008004be0                USB_LP_CAN_RX0_IRQHandler
                0x0000000008004be0                EXTI4_IRQHandler
                0x0000000008004be0                TIM1_TRG_COM_TIM17_IRQHandler
                0x0000000008004be0                ADC4_IRQHandler
                0x0000000008004be0                WWDG_IRQHandler
                0x0000000008004be0                TIM2_IRQHandler
                0x0000000008004be0                COMP7_IRQHandler
                0x0000000008004be0                COMP1_2_3_IRQHandler
                0x0000000008004be0                EXTI1_IRQHandler
                0x0000000008004be0                USART2_IRQHandler
                0x0000000008004be0                COMP4_5_6_IRQHandler
                0x0000000008004be0                TIM20_BRK_IRQHandler
                0x0000000008004be0                I2C2_ER_IRQHandler
                0x0000000008004be0                DMA1_Channel2_IRQHandler
                0x0000000008004be0                TIM8_BRK_IRQHandler
                0x0000000008004be0                FLASH_IRQHandler
                0x0000000008004be0                TIM20_CC_IRQHandler
                0x0000000008004be0                USART1_IRQHandler
                0x0000000008004be0                SPI3_IRQHandler
                0x0000000008004be0                I2C1_ER_IRQHandler
                0x0000000008004be0                FMC_IRQHandler
                0x0000000008004be0                USBWakeUp_IRQHandler
                0x0000000008004be0                EXTI2_TSC_IRQHandler
                0x0000000008004be0                TIM1_BRK_TIM15_IRQHandler
 *fill*         0x0000000008004be2        0x2 
 .text.HAL_Init
                0x0000000008004be4       0x2c ./Drivers/STM32F3xx_HAL_Driver/Src/stm32f3xx_hal.o
                0x0000000008004be4                HAL_Init
 .text.HAL_InitTick
                0x0000000008004c10       0x60 ./Drivers/STM32F3xx_HAL_Driver/Src/stm32f3xx_hal.o
                0x0000000008004c10                HAL_InitTick
 .text.HAL_IncTick
                0x0000000008004c70       0x28 ./Drivers/STM32F3xx_HAL_Driver/Src/stm32f3xx_hal.o
                0x0000000008004c70                HAL_IncTick
 .text.HAL_GetTick
                0x0000000008004c98       0x18 ./Drivers/STM32F3xx_HAL_Driver/Src/stm32f3xx_hal.o
                0x0000000008004c98                HAL_GetTick
 .text.HAL_Delay
                0x0000000008004cb0       0x48 ./Drivers/STM32F3xx_HAL_Driver/Src/stm32f3xx_hal.o
                0x0000000008004cb0                HAL_Delay
 .text.HAL_ADC_ConvCpltCallback
                0x0000000008004cf8       0x14 ./Drivers/STM32F3xx_HAL_Driver/Src/stm32f3xx_hal_adc.o
                0x0000000008004cf8                HAL_ADC_ConvCpltCallback
 .text.HAL_ADC_ConvHalfCpltCallback
                0x0000000008004d0c       0x14 ./Drivers/STM32F3xx_HAL_Driver/Src/stm32f3xx_hal_adc.o
                0x0000000008004d0c                HAL_ADC_ConvHalfCpltCallback
 .text.HAL_ADC_ErrorCallback
                0x0000000008004d20       0x14 ./Drivers/STM32F3xx_HAL_Driver/Src/stm32f3xx_hal_adc.o
                0x0000000008004d20                HAL_ADC_ErrorCallback
 .text.HAL_ADC_Init
                0x0000000008004d34      0x3f4 ./Drivers/STM32F3xx_HAL_Driver/Src/stm32f3xx_hal_adc_ex.o
                0x0000000008004d34                HAL_ADC_Init
 .text.HAL_ADC_Start_DMA
                0x0000000008005128      0x238 ./Drivers/STM32F3xx_HAL_Driver/Src/stm32f3xx_hal_adc_ex.o
                0x0000000008005128                HAL_ADC_Start_DMA
 .text.HAL_ADC_Stop_DMA
                0x0000000008005360       0xc4 ./Drivers/STM32F3xx_HAL_Driver/Src/stm32f3xx_hal_adc_ex.o
                0x0000000008005360                HAL_ADC_Stop_DMA
 .text.HAL_ADC_ConfigChannel
                0x0000000008005424      0x5d4 ./Drivers/STM32F3xx_HAL_Driver/Src/stm32f3xx_hal_adc_ex.o
                0x0000000008005424                HAL_ADC_ConfigChannel
 .text.HAL_ADCEx_MultiModeConfigChannel
                0x00000000080059f8      0x1e4 ./Drivers/STM32F3xx_HAL_Driver/Src/stm32f3xx_hal_adc_ex.o
                0x00000000080059f8                HAL_ADCEx_MultiModeConfigChannel
 .text.ADC_DMAConvCplt
                0x0000000008005bdc       0x7a ./Drivers/STM32F3xx_HAL_Driver/Src/stm32f3xx_hal_adc_ex.o
 .text.ADC_DMAHalfConvCplt
                0x0000000008005c56       0x1c ./Drivers/STM32F3xx_HAL_Driver/Src/stm32f3xx_hal_adc_ex.o
 .text.ADC_DMAError
                0x0000000008005c72       0x34 ./Drivers/STM32F3xx_HAL_Driver/Src/stm32f3xx_hal_adc_ex.o
 *fill*         0x0000000008005ca6        0x2 
 .text.ADC_Enable
                0x0000000008005ca8       0xc8 ./Drivers/STM32F3xx_HAL_Driver/Src/stm32f3xx_hal_adc_ex.o
 .text.ADC_Disable
                0x0000000008005d70       0xcc ./Drivers/STM32F3xx_HAL_Driver/Src/stm32f3xx_hal_adc_ex.o
 .text.ADC_ConversionStop
                0x0000000008005e3c      0x16c ./Drivers/STM32F3xx_HAL_Driver/Src/stm32f3xx_hal_adc_ex.o
 .text.__NVIC_SetPriorityGrouping
                0x0000000008005fa8       0x48 ./Drivers/STM32F3xx_HAL_Driver/Src/stm32f3xx_hal_cortex.o
 .text.__NVIC_GetPriorityGrouping
                0x0000000008005ff0       0x1c ./Drivers/STM32F3xx_HAL_Driver/Src/stm32f3xx_hal_cortex.o
 .text.__NVIC_EnableIRQ
                0x000000000800600c       0x3c ./Drivers/STM32F3xx_HAL_Driver/Src/stm32f3xx_hal_cortex.o
 .text.__NVIC_SetPriority
                0x0000000008006048       0x54 ./Drivers/STM32F3xx_HAL_Driver/Src/stm32f3xx_hal_cortex.o
 .text.NVIC_EncodePriority
                0x000000000800609c       0x66 ./Drivers/STM32F3xx_HAL_Driver/Src/stm32f3xx_hal_cortex.o
 *fill*         0x0000000008006102        0x2 
 .text.SysTick_Config
                0x0000000008006104       0x44 ./Drivers/STM32F3xx_HAL_Driver/Src/stm32f3xx_hal_cortex.o
 .text.HAL_NVIC_SetPriorityGrouping
                0x0000000008006148       0x16 ./Drivers/STM32F3xx_HAL_Driver/Src/stm32f3xx_hal_cortex.o
                0x0000000008006148                HAL_NVIC_SetPriorityGrouping
 .text.HAL_NVIC_SetPriority
                0x000000000800615e       0x38 ./Drivers/STM32F3xx_HAL_Driver/Src/stm32f3xx_hal_cortex.o
                0x000000000800615e                HAL_NVIC_SetPriority
 .text.HAL_NVIC_EnableIRQ
                0x0000000008006196       0x1c ./Drivers/STM32F3xx_HAL_Driver/Src/stm32f3xx_hal_cortex.o
                0x0000000008006196                HAL_NVIC_EnableIRQ
 .text.HAL_SYSTICK_Config
                0x00000000080061b2       0x18 ./Drivers/STM32F3xx_HAL_Driver/Src/stm32f3xx_hal_cortex.o
                0x00000000080061b2                HAL_SYSTICK_Config
 .text.HAL_DAC_Init
                0x00000000080061ca       0x44 ./Drivers/STM32F3xx_HAL_Driver/Src/stm32f3xx_hal_dac.o
                0x00000000080061ca                HAL_DAC_Init
 .text.HAL_DAC_ConvCpltCallbackCh1
                0x000000000800620e       0x14 ./Drivers/STM32F3xx_HAL_Driver/Src/stm32f3xx_hal_dac.o
                0x000000000800620e                HAL_DAC_ConvCpltCallbackCh1
 .text.HAL_DAC_ConvHalfCpltCallbackCh1
                0x0000000008006222       0x14 ./Drivers/STM32F3xx_HAL_Driver/Src/stm32f3xx_hal_dac.o
                0x0000000008006222                HAL_DAC_ConvHalfCpltCallbackCh1
 .text.HAL_DAC_ErrorCallbackCh1
                0x0000000008006236       0x14 ./Drivers/STM32F3xx_HAL_Driver/Src/stm32f3xx_hal_dac.o
                0x0000000008006236                HAL_DAC_ErrorCallbackCh1
 *fill*         0x000000000800624a        0x2 
 .text.HAL_DAC_Start_DMA
                0x000000000800624c      0x178 ./Drivers/STM32F3xx_HAL_Driver/Src/stm32f3xx_hal_dac_ex.o
                0x000000000800624c                HAL_DAC_Start_DMA
 .text.HAL_DAC_ConfigChannel
                0x00000000080063c4       0x9a ./Drivers/STM32F3xx_HAL_Driver/Src/stm32f3xx_hal_dac_ex.o
                0x00000000080063c4                HAL_DAC_ConfigChannel
 .text.HAL_DACEx_ConvCpltCallbackCh2
                0x000000000800645e       0x14 ./Drivers/STM32F3xx_HAL_Driver/Src/stm32f3xx_hal_dac_ex.o
                0x000000000800645e                HAL_DACEx_ConvCpltCallbackCh2
 .text.HAL_DACEx_ConvHalfCpltCallbackCh2
                0x0000000008006472       0x14 ./Drivers/STM32F3xx_HAL_Driver/Src/stm32f3xx_hal_dac_ex.o
                0x0000000008006472                HAL_DACEx_ConvHalfCpltCallbackCh2
 .text.HAL_DACEx_ErrorCallbackCh2
                0x0000000008006486       0x14 ./Drivers/STM32F3xx_HAL_Driver/Src/stm32f3xx_hal_dac_ex.o
                0x0000000008006486                HAL_DACEx_ErrorCallbackCh2
 .text.DAC_DMAConvCpltCh1
                0x000000000800649a       0x22 ./Drivers/STM32F3xx_HAL_Driver/Src/stm32f3xx_hal_dac_ex.o
 .text.DAC_DMAHalfConvCpltCh1
                0x00000000080064bc       0x1c ./Drivers/STM32F3xx_HAL_Driver/Src/stm32f3xx_hal_dac_ex.o
 .text.DAC_DMAErrorCh1
                0x00000000080064d8       0x2e ./Drivers/STM32F3xx_HAL_Driver/Src/stm32f3xx_hal_dac_ex.o
 .text.DAC_DMAConvCpltCh2
                0x0000000008006506       0x22 ./Drivers/STM32F3xx_HAL_Driver/Src/stm32f3xx_hal_dac_ex.o
 .text.DAC_DMAHalfConvCpltCh2
                0x0000000008006528       0x1c ./Drivers/STM32F3xx_HAL_Driver/Src/stm32f3xx_hal_dac_ex.o
 .text.DAC_DMAErrorCh2
                0x0000000008006544       0x2e ./Drivers/STM32F3xx_HAL_Driver/Src/stm32f3xx_hal_dac_ex.o
 .text.HAL_DMA_Init
                0x0000000008006572       0x8e ./Drivers/STM32F3xx_HAL_Driver/Src/stm32f3xx_hal_dma.o
                0x0000000008006572                HAL_DMA_Init
 .text.HAL_DMA_Start_IT
                0x0000000008006600       0xbe ./Drivers/STM32F3xx_HAL_Driver/Src/stm32f3xx_hal_dma.o
                0x0000000008006600                HAL_DMA_Start_IT
 .text.HAL_DMA_Abort
                0x00000000080066be       0x72 ./Drivers/STM32F3xx_HAL_Driver/Src/stm32f3xx_hal_dma.o
                0x00000000080066be                HAL_DMA_Abort
 .text.HAL_DMA_IRQHandler
                0x0000000008006730      0x146 ./Drivers/STM32F3xx_HAL_Driver/Src/stm32f3xx_hal_dma.o
                0x0000000008006730                HAL_DMA_IRQHandler
 .text.DMA_SetConfig
                0x0000000008006876       0x5c ./Drivers/STM32F3xx_HAL_Driver/Src/stm32f3xx_hal_dma.o
 *fill*         0x00000000080068d2        0x2 
 .text.DMA_CalcBaseAndBitshift
                0x00000000080068d4       0x78 ./Drivers/STM32F3xx_HAL_Driver/Src/stm32f3xx_hal_dma.o
 .text.HAL_GPIO_Init
                0x000000000800694c      0x314 ./Drivers/STM32F3xx_HAL_Driver/Src/stm32f3xx_hal_gpio.o
                0x000000000800694c                HAL_GPIO_Init
 .text.HAL_GPIO_ReadPin
                0x0000000008006c60       0x30 ./Drivers/STM32F3xx_HAL_Driver/Src/stm32f3xx_hal_gpio.o
                0x0000000008006c60                HAL_GPIO_ReadPin
 .text.HAL_GPIO_WritePin
                0x0000000008006c90       0x30 ./Drivers/STM32F3xx_HAL_Driver/Src/stm32f3xx_hal_gpio.o
                0x0000000008006c90                HAL_GPIO_WritePin
 .text.HAL_GPIO_TogglePin
                0x0000000008006cc0       0x34 ./Drivers/STM32F3xx_HAL_Driver/Src/stm32f3xx_hal_gpio.o
                0x0000000008006cc0                HAL_GPIO_TogglePin
 .text.HAL_PCD_Init
                0x0000000008006cf4      0x1a4 ./Drivers/STM32F3xx_HAL_Driver/Src/stm32f3xx_hal_pcd.o
                0x0000000008006cf4                HAL_PCD_Init
 .text.HAL_PCD_Start
                0x0000000008006e98       0x4c ./Drivers/STM32F3xx_HAL_Driver/Src/stm32f3xx_hal_pcd.o
                0x0000000008006e98                HAL_PCD_Start
 .text.HAL_PCD_IRQHandler
                0x0000000008006ee4      0x1a8 ./Drivers/STM32F3xx_HAL_Driver/Src/stm32f3xx_hal_pcd.o
                0x0000000008006ee4                HAL_PCD_IRQHandler
 .text.HAL_PCD_SetAddress
                0x000000000800708c       0x4a ./Drivers/STM32F3xx_HAL_Driver/Src/stm32f3xx_hal_pcd.o
                0x000000000800708c                HAL_PCD_SetAddress
 .text.HAL_PCD_EP_Open
                0x00000000080070d6       0xba ./Drivers/STM32F3xx_HAL_Driver/Src/stm32f3xx_hal_pcd.o
                0x00000000080070d6                HAL_PCD_EP_Open
 .text.HAL_PCD_EP_Close
                0x0000000008007190       0x90 ./Drivers/STM32F3xx_HAL_Driver/Src/stm32f3xx_hal_pcd.o
                0x0000000008007190                HAL_PCD_EP_Close
 .text.HAL_PCD_EP_Receive
                0x0000000008007220       0x62 ./Drivers/STM32F3xx_HAL_Driver/Src/stm32f3xx_hal_pcd.o
                0x0000000008007220                HAL_PCD_EP_Receive
 .text.HAL_PCD_EP_GetRxCount
                0x0000000008007282       0x30 ./Drivers/STM32F3xx_HAL_Driver/Src/stm32f3xx_hal_pcd.o
                0x0000000008007282                HAL_PCD_EP_GetRxCount
 .text.HAL_PCD_EP_Transmit
                0x00000000080072b2       0x6e ./Drivers/STM32F3xx_HAL_Driver/Src/stm32f3xx_hal_pcd.o
                0x00000000080072b2                HAL_PCD_EP_Transmit
 .text.HAL_PCD_EP_SetStall
                0x0000000008007320       0xa4 ./Drivers/STM32F3xx_HAL_Driver/Src/stm32f3xx_hal_pcd.o
                0x0000000008007320                HAL_PCD_EP_SetStall
 .text.HAL_PCD_EP_ClrStall
                0x00000000080073c4       0xa8 ./Drivers/STM32F3xx_HAL_Driver/Src/stm32f3xx_hal_pcd.o
                0x00000000080073c4                HAL_PCD_EP_ClrStall
 .text.PCD_EP_ISR_Handler
                0x000000000800746c      0x78a ./Drivers/STM32F3xx_HAL_Driver/Src/stm32f3xx_hal_pcd.o
 .text.HAL_PCD_EP_DB_Receive
                0x0000000008007bf6      0x212 ./Drivers/STM32F3xx_HAL_Driver/Src/stm32f3xx_hal_pcd.o
 .text.HAL_PCD_EP_DB_Transmit
                0x0000000008007e08      0x7ec ./Drivers/STM32F3xx_HAL_Driver/Src/stm32f3xx_hal_pcd.o
 .text.HAL_PCDEx_PMAConfig
                0x00000000080085f4       0x86 ./Drivers/STM32F3xx_HAL_Driver/Src/stm32f3xx_hal_pcd_ex.o
                0x00000000080085f4                HAL_PCDEx_PMAConfig
 *fill*         0x000000000800867a        0x2 
 .text.HAL_RCC_OscConfig
                0x000000000800867c     0x10a8 ./Drivers/STM32F3xx_HAL_Driver/Src/stm32f3xx_hal_rcc.o
                0x000000000800867c                HAL_RCC_OscConfig
 .text.HAL_RCC_ClockConfig
                0x0000000008009724      0x2f8 ./Drivers/STM32F3xx_HAL_Driver/Src/stm32f3xx_hal_rcc.o
                0x0000000008009724                HAL_RCC_ClockConfig
 .text.HAL_RCC_GetSysClockFreq
                0x0000000008009a1c       0xd4 ./Drivers/STM32F3xx_HAL_Driver/Src/stm32f3xx_hal_rcc.o
                0x0000000008009a1c                HAL_RCC_GetSysClockFreq
 .text.HAL_RCC_GetHCLKFreq
                0x0000000008009af0       0x18 ./Drivers/STM32F3xx_HAL_Driver/Src/stm32f3xx_hal_rcc.o
                0x0000000008009af0                HAL_RCC_GetHCLKFreq
 .text.HAL_RCC_GetPCLK1Freq
                0x0000000008009b08       0x44 ./Drivers/STM32F3xx_HAL_Driver/Src/stm32f3xx_hal_rcc.o
                0x0000000008009b08                HAL_RCC_GetPCLK1Freq
 .text.HAL_RCC_GetPCLK2Freq
                0x0000000008009b4c       0x44 ./Drivers/STM32F3xx_HAL_Driver/Src/stm32f3xx_hal_rcc.o
                0x0000000008009b4c                HAL_RCC_GetPCLK2Freq
 .text.HAL_RCCEx_PeriphCLKConfig
                0x0000000008009b90      0x43c ./Drivers/STM32F3xx_HAL_Driver/Src/stm32f3xx_hal_rcc_ex.o
                0x0000000008009b90                HAL_RCCEx_PeriphCLKConfig
 .text.HAL_SPI_Init
                0x0000000008009fcc      0x156 ./Drivers/STM32F3xx_HAL_Driver/Src/stm32f3xx_hal_spi.o
                0x0000000008009fcc                HAL_SPI_Init
 .text.HAL_SPI_Transmit
                0x000000000800a122      0x2ea ./Drivers/STM32F3xx_HAL_Driver/Src/stm32f3xx_hal_spi.o
                0x000000000800a122                HAL_SPI_Transmit
 .text.HAL_SPI_TransmitReceive
                0x000000000800a40c      0x444 ./Drivers/STM32F3xx_HAL_Driver/Src/stm32f3xx_hal_spi.o
                0x000000000800a40c                HAL_SPI_TransmitReceive
 .text.SPI_WaitFlagStateUntilTimeout
                0x000000000800a850      0x110 ./Drivers/STM32F3xx_HAL_Driver/Src/stm32f3xx_hal_spi.o
 .text.SPI_WaitFifoStateUntilTimeout
                0x000000000800a960      0x12c ./Drivers/STM32F3xx_HAL_Driver/Src/stm32f3xx_hal_spi.o
 .text.SPI_EndRxTxTransaction
                0x000000000800aa8c       0x8c ./Drivers/STM32F3xx_HAL_Driver/Src/stm32f3xx_hal_spi.o
 .text.HAL_TIM_Base_Init
                0x000000000800ab18       0xae ./Drivers/STM32F3xx_HAL_Driver/Src/stm32f3xx_hal_tim.o
                0x000000000800ab18                HAL_TIM_Base_Init
 *fill*         0x000000000800abc6        0x2 
 .text.HAL_TIM_Base_Start
                0x000000000800abc8       0xd0 ./Drivers/STM32F3xx_HAL_Driver/Src/stm32f3xx_hal_tim.o
                0x000000000800abc8                HAL_TIM_Base_Start
 .text.HAL_TIM_PWM_Init
                0x000000000800ac98       0xae ./Drivers/STM32F3xx_HAL_Driver/Src/stm32f3xx_hal_tim.o
                0x000000000800ac98                HAL_TIM_PWM_Init
 .text.HAL_TIM_PWM_MspInit
                0x000000000800ad46       0x14 ./Drivers/STM32F3xx_HAL_Driver/Src/stm32f3xx_hal_tim.o
                0x000000000800ad46                HAL_TIM_PWM_MspInit
 *fill*         0x000000000800ad5a        0x2 
 .text.HAL_TIM_PWM_Start
                0x000000000800ad5c      0x218 ./Drivers/STM32F3xx_HAL_Driver/Src/stm32f3xx_hal_tim.o
                0x000000000800ad5c                HAL_TIM_PWM_Start
 .text.HAL_TIM_PWM_Start_IT
                0x000000000800af74      0x2b0 ./Drivers/STM32F3xx_HAL_Driver/Src/stm32f3xx_hal_tim.o
                0x000000000800af74                HAL_TIM_PWM_Start_IT
 .text.HAL_TIM_PWM_Start_DMA
                0x000000000800b224      0x448 ./Drivers/STM32F3xx_HAL_Driver/Src/stm32f3xx_hal_tim.o
                0x000000000800b224                HAL_TIM_PWM_Start_DMA
 .text.HAL_TIM_IRQHandler
                0x000000000800b66c      0x23e ./Drivers/STM32F3xx_HAL_Driver/Src/stm32f3xx_hal_tim.o
                0x000000000800b66c                HAL_TIM_IRQHandler
 *fill*         0x000000000800b8aa        0x2 
 .text.HAL_TIM_PWM_ConfigChannel
                0x000000000800b8ac      0x228 ./Drivers/STM32F3xx_HAL_Driver/Src/stm32f3xx_hal_tim.o
                0x000000000800b8ac                HAL_TIM_PWM_ConfigChannel
 .text.HAL_TIM_ConfigClockSource
                0x000000000800bad4      0x192 ./Drivers/STM32F3xx_HAL_Driver/Src/stm32f3xx_hal_tim.o
                0x000000000800bad4                HAL_TIM_ConfigClockSource
 .text.HAL_TIM_OC_DelayElapsedCallback
                0x000000000800bc66       0x14 ./Drivers/STM32F3xx_HAL_Driver/Src/stm32f3xx_hal_tim.o
                0x000000000800bc66                HAL_TIM_OC_DelayElapsedCallback
 .text.HAL_TIM_IC_CaptureCallback
                0x000000000800bc7a       0x14 ./Drivers/STM32F3xx_HAL_Driver/Src/stm32f3xx_hal_tim.o
                0x000000000800bc7a                HAL_TIM_IC_CaptureCallback
 .text.HAL_TIM_PWM_PulseFinishedCallback
                0x000000000800bc8e       0x14 ./Drivers/STM32F3xx_HAL_Driver/Src/stm32f3xx_hal_tim.o
                0x000000000800bc8e                HAL_TIM_PWM_PulseFinishedCallback
 .text.HAL_TIM_PWM_PulseFinishedHalfCpltCallback
                0x000000000800bca2       0x14 ./Drivers/STM32F3xx_HAL_Driver/Src/stm32f3xx_hal_tim.o
                0x000000000800bca2                HAL_TIM_PWM_PulseFinishedHalfCpltCallback
 .text.HAL_TIM_TriggerCallback
                0x000000000800bcb6       0x14 ./Drivers/STM32F3xx_HAL_Driver/Src/stm32f3xx_hal_tim.o
                0x000000000800bcb6                HAL_TIM_TriggerCallback
 .text.HAL_TIM_ErrorCallback
                0x000000000800bcca       0x14 ./Drivers/STM32F3xx_HAL_Driver/Src/stm32f3xx_hal_tim.o
                0x000000000800bcca                HAL_TIM_ErrorCallback
 .text.TIM_DMAError
                0x000000000800bcde       0x92 ./Drivers/STM32F3xx_HAL_Driver/Src/stm32f3xx_hal_tim.o
                0x000000000800bcde                TIM_DMAError
 .text.TIM_DMADelayPulseCplt
                0x000000000800bd70       0xa8 ./Drivers/STM32F3xx_HAL_Driver/Src/stm32f3xx_hal_tim.o
 .text.TIM_DMADelayPulseHalfCplt
                0x000000000800be18       0x68 ./Drivers/STM32F3xx_HAL_Driver/Src/stm32f3xx_hal_tim.o
                0x000000000800be18                TIM_DMADelayPulseHalfCplt
 .text.TIM_Base_SetConfig
                0x000000000800be80      0x13c ./Drivers/STM32F3xx_HAL_Driver/Src/stm32f3xx_hal_tim.o
                0x000000000800be80                TIM_Base_SetConfig
 .text.TIM_OC1_SetConfig
                0x000000000800bfbc      0x134 ./Drivers/STM32F3xx_HAL_Driver/Src/stm32f3xx_hal_tim.o
 .text.TIM_OC2_SetConfig
                0x000000000800c0f0      0x128 ./Drivers/STM32F3xx_HAL_Driver/Src/stm32f3xx_hal_tim.o
                0x000000000800c0f0                TIM_OC2_SetConfig
 .text.TIM_OC3_SetConfig
                0x000000000800c218      0x124 ./Drivers/STM32F3xx_HAL_Driver/Src/stm32f3xx_hal_tim.o
 .text.TIM_OC4_SetConfig
                0x000000000800c33c       0xe0 ./Drivers/STM32F3xx_HAL_Driver/Src/stm32f3xx_hal_tim.o
 .text.TIM_OC5_SetConfig
                0x000000000800c41c       0xd4 ./Drivers/STM32F3xx_HAL_Driver/Src/stm32f3xx_hal_tim.o
 .text.TIM_OC6_SetConfig
                0x000000000800c4f0       0xd8 ./Drivers/STM32F3xx_HAL_Driver/Src/stm32f3xx_hal_tim.o
 .text.TIM_TI1_ConfigInputStage
                0x000000000800c5c8       0x5e ./Drivers/STM32F3xx_HAL_Driver/Src/stm32f3xx_hal_tim.o
 .text.TIM_TI2_ConfigInputStage
                0x000000000800c626       0x60 ./Drivers/STM32F3xx_HAL_Driver/Src/stm32f3xx_hal_tim.o
 .text.TIM_ITRx_SetConfig
                0x000000000800c686       0x36 ./Drivers/STM32F3xx_HAL_Driver/Src/stm32f3xx_hal_tim.o
 .text.TIM_ETR_SetConfig
                0x000000000800c6bc       0x40 ./Drivers/STM32F3xx_HAL_Driver/Src/stm32f3xx_hal_tim.o
                0x000000000800c6bc                TIM_ETR_SetConfig
 .text.TIM_CCxChannelCmd
                0x000000000800c6fc       0x4a ./Drivers/STM32F3xx_HAL_Driver/Src/stm32f3xx_hal_tim.o
                0x000000000800c6fc                TIM_CCxChannelCmd
 *fill*         0x000000000800c746        0x2 
 .text.HAL_TIMEx_PWMN_Start
                0x000000000800c748      0x174 ./Drivers/STM32F3xx_HAL_Driver/Src/stm32f3xx_hal_tim_ex.o
                0x000000000800c748                HAL_TIMEx_PWMN_Start
 .text.HAL_TIMEx_MasterConfigSynchronization
                0x000000000800c8bc      0x118 ./Drivers/STM32F3xx_HAL_Driver/Src/stm32f3xx_hal_tim_ex.o
                0x000000000800c8bc                HAL_TIMEx_MasterConfigSynchronization
 .text.HAL_TIMEx_ConfigBreakDeadTime
                0x000000000800c9d4      0x10c ./Drivers/STM32F3xx_HAL_Driver/Src/stm32f3xx_hal_tim_ex.o
                0x000000000800c9d4                HAL_TIMEx_ConfigBreakDeadTime
 .text.HAL_TIMEx_CommutCallback
                0x000000000800cae0       0x14 ./Drivers/STM32F3xx_HAL_Driver/Src/stm32f3xx_hal_tim_ex.o
                0x000000000800cae0                HAL_TIMEx_CommutCallback
 .text.HAL_TIMEx_BreakCallback
                0x000000000800caf4       0x14 ./Drivers/STM32F3xx_HAL_Driver/Src/stm32f3xx_hal_tim_ex.o
                0x000000000800caf4                HAL_TIMEx_BreakCallback
 .text.HAL_TIMEx_Break2Callback
                0x000000000800cb08       0x14 ./Drivers/STM32F3xx_HAL_Driver/Src/stm32f3xx_hal_tim_ex.o
                0x000000000800cb08                HAL_TIMEx_Break2Callback
 .text.TIM_CCxNChannelCmd
                0x000000000800cb1c       0x4a ./Drivers/STM32F3xx_HAL_Driver/Src/stm32f3xx_hal_tim_ex.o
 .text.HAL_UART_Init
                0x000000000800cb66       0x9c ./Drivers/STM32F3xx_HAL_Driver/Src/stm32f3xx_hal_uart.o
                0x000000000800cb66                HAL_UART_Init
 *fill*         0x000000000800cc02        0x2 
 .text.UART_SetConfig
                0x000000000800cc04      0x3a8 ./Drivers/STM32F3xx_HAL_Driver/Src/stm32f3xx_hal_uart.o
                0x000000000800cc04                UART_SetConfig
 .text.UART_AdvFeatureConfig
                0x000000000800cfac      0x144 ./Drivers/STM32F3xx_HAL_Driver/Src/stm32f3xx_hal_uart.o
                0x000000000800cfac                UART_AdvFeatureConfig
 .text.UART_CheckIdleState
                0x000000000800d0f0      0x150 ./Drivers/STM32F3xx_HAL_Driver/Src/stm32f3xx_hal_uart.o
                0x000000000800d0f0                UART_CheckIdleState
 .text.UART_WaitOnFlagUntilTimeout
                0x000000000800d240       0xce ./Drivers/STM32F3xx_HAL_Driver/Src/stm32f3xx_hal_uart.o
                0x000000000800d240                UART_WaitOnFlagUntilTimeout
 .text.UART_EndRxTransfer
                0x000000000800d30e       0xc8 ./Drivers/STM32F3xx_HAL_Driver/Src/stm32f3xx_hal_uart.o
 .text.USB_EnableGlobalInt
                0x000000000800d3d6       0x2e ./Drivers/STM32F3xx_HAL_Driver/Src/stm32f3xx_ll_usb.o
                0x000000000800d3d6                USB_EnableGlobalInt
 .text.USB_DisableGlobalInt
                0x000000000800d404       0x36 ./Drivers/STM32F3xx_HAL_Driver/Src/stm32f3xx_ll_usb.o
                0x000000000800d404                USB_DisableGlobalInt
 .text.USB_DevInit
                0x000000000800d43a       0x42 ./Drivers/STM32F3xx_HAL_Driver/Src/stm32f3xx_ll_usb.o
                0x000000000800d43a                USB_DevInit
 .text.USB_ActivateEndpoint
                0x000000000800d47c      0x788 ./Drivers/STM32F3xx_HAL_Driver/Src/stm32f3xx_ll_usb.o
                0x000000000800d47c                USB_ActivateEndpoint
 .text.USB_DeactivateEndpoint
                0x000000000800dc04      0x3da ./Drivers/STM32F3xx_HAL_Driver/Src/stm32f3xx_ll_usb.o
                0x000000000800dc04                USB_DeactivateEndpoint
 .text.USB_EPStartXfer
                0x000000000800dfde     0x1762 ./Drivers/STM32F3xx_HAL_Driver/Src/stm32f3xx_ll_usb.o
                0x000000000800dfde                USB_EPStartXfer
 .text.USB_EPSetStall
                0x000000000800f740       0xa2 ./Drivers/STM32F3xx_HAL_Driver/Src/stm32f3xx_ll_usb.o
                0x000000000800f740                USB_EPSetStall
 .text.USB_EPClearStall
                0x000000000800f7e2      0x15c ./Drivers/STM32F3xx_HAL_Driver/Src/stm32f3xx_ll_usb.o
                0x000000000800f7e2                USB_EPClearStall
 .text.USB_SetDevAddress
                0x000000000800f93e       0x28 ./Drivers/STM32F3xx_HAL_Driver/Src/stm32f3xx_ll_usb.o
                0x000000000800f93e                USB_SetDevAddress
 .text.USB_DevConnect
                0x000000000800f966       0x16 ./Drivers/STM32F3xx_HAL_Driver/Src/stm32f3xx_ll_usb.o
                0x000000000800f966                USB_DevConnect
 .text.USB_ReadInterrupts
                0x000000000800f97c       0x20 ./Drivers/STM32F3xx_HAL_Driver/Src/stm32f3xx_ll_usb.o
                0x000000000800f97c                USB_ReadInterrupts
 .text.USB_WritePMA
                0x000000000800f99c       0x84 ./Drivers/STM32F3xx_HAL_Driver/Src/stm32f3xx_ll_usb.o
                0x000000000800f99c                USB_WritePMA
 .text.USB_ReadPMA
                0x000000000800fa20       0x98 ./Drivers/STM32F3xx_HAL_Driver/Src/stm32f3xx_ll_usb.o
                0x000000000800fa20                USB_ReadPMA
 .text.MX_FATFS_Init
                0x000000000800fab8       0x24 ./FATFS/App/fatfs.o
                0x000000000800fab8                MX_FATFS_Init
 .text.get_fattime
                0x000000000800fadc       0x10 ./FATFS/App/fatfs.o
                0x000000000800fadc                get_fattime
 .text.SD_ReadyWait
                0x000000000800faec       0x34 ./FATFS/Target/fatfs_sd.o
                0x000000000800faec                SD_ReadyWait
 .text.SD_PowerOn
                0x000000000800fb20       0xb0 ./FATFS/Target/fatfs_sd.o
                0x000000000800fb20                SD_PowerOn
 .text.SD_PowerOff
                0x000000000800fbd0       0x18 ./FATFS/Target/fatfs_sd.o
                0x000000000800fbd0                SD_PowerOff
 .text.SD_CheckPower
                0x000000000800fbe8       0x18 ./FATFS/Target/fatfs_sd.o
                0x000000000800fbe8                SD_CheckPower
 .text.SD_RxDataBlock
                0x000000000800fc00       0x6c ./FATFS/Target/fatfs_sd.o
                0x000000000800fc00                SD_RxDataBlock
 .text.SD_TxDataBlock
                0x000000000800fc6c       0xa8 ./FATFS/Target/fatfs_sd.o
                0x000000000800fc6c                SD_TxDataBlock
 .text.SD_SendCmd
                0x000000000800fd14       0xa4 ./FATFS/Target/fatfs_sd.o
                0x000000000800fd14                SD_SendCmd
 .text.SD_disk_read
                0x000000000800fdb8       0xe4 ./FATFS/Target/fatfs_sd.o
                0x000000000800fdb8                SD_disk_read
 .text.SD_disk_write
                0x000000000800fe9c      0x114 ./FATFS/Target/fatfs_sd.o
                0x000000000800fe9c                SD_disk_write
 .text.SD_disk_ioctl
                0x000000000800ffb0      0x270 ./FATFS/Target/fatfs_sd.o
                0x000000000800ffb0                SD_disk_ioctl
 .text.USER_initialize
                0x0000000008010220       0x1c ./FATFS/Target/user_diskio.o
                0x0000000008010220                USER_initialize
 .text.USER_status
                0x000000000801023c       0x1c ./FATFS/Target/user_diskio.o
                0x000000000801023c                USER_status
 .text.USER_read
                0x0000000008010258       0x26 ./FATFS/Target/user_diskio.o
                0x0000000008010258                USER_read
 .text.USER_write
                0x000000000801027e       0x26 ./FATFS/Target/user_diskio.o
                0x000000000801027e                USER_write
 .text.USER_ioctl
                0x00000000080102a4       0x26 ./FATFS/Target/user_diskio.o
                0x00000000080102a4                USER_ioctl
 *fill*         0x00000000080102ca        0x2 
 .text.SPI_Timer_On
                0x00000000080102cc       0x28 ./FATFS/Target/user_diskio_spi.o
                0x00000000080102cc                SPI_Timer_On
 .text.SPI_Timer_Status
                0x00000000080102f4       0x2c ./FATFS/Target/user_diskio_spi.o
                0x00000000080102f4                SPI_Timer_Status
 .text.xchg_spi
                0x0000000008010320       0x2c ./FATFS/Target/user_diskio_spi.o
                0x0000000008010320                xchg_spi
 .text.wait_ready
                0x000000000801034c       0x46 ./FATFS/Target/user_diskio_spi.o
                0x000000000801034c                wait_ready
 *fill*         0x0000000008010392        0x2 
 .text.despiselect
                0x0000000008010394       0x1c ./FATFS/Target/user_diskio_spi.o
                0x0000000008010394                despiselect
 .text.spiselect
                0x00000000080103b0       0x34 ./FATFS/Target/user_diskio_spi.o
                0x00000000080103b0                spiselect
 .text.send_cmd
                0x00000000080103e4       0xde ./FATFS/Target/user_diskio_spi.o
                0x00000000080103e4                send_cmd
 *fill*         0x00000000080104c2        0x2 
 .text.USER_SPI_initialize
                0x00000000080104c4      0x1d4 ./FATFS/Target/user_diskio_spi.o
                0x00000000080104c4                USER_SPI_initialize
 .text.USER_SPI_status
                0x0000000008010698       0x28 ./FATFS/Target/user_diskio_spi.o
                0x0000000008010698                USER_SPI_status
 .text.ILI9341_Init
                0x00000000080106c0      0x220 ./ILI9341/ILI9341_Driver.o
                0x00000000080106c0                ILI9341_Init
 .text.ILI9341_SPI_Init
                0x00000000080108e0       0x70 ./ILI9341/ILI9341_Driver.o
 .text.ILI9341_SPI_Send
                0x0000000008010950       0x24 ./ILI9341/ILI9341_Driver.o
                0x0000000008010950                ILI9341_SPI_Send
 .text.ILI9341_Reset
                0x0000000008010974       0x54 ./ILI9341/ILI9341_Driver.o
                0x0000000008010974                ILI9341_Reset
 .text.ILI9341_Set_Rotation
                0x00000000080109c8      0x108 ./ILI9341/ILI9341_Driver.o
                0x00000000080109c8                ILI9341_Set_Rotation
 .text.ILI9341_Set_Address
                0x0000000008010ad0       0xdc ./ILI9341/ILI9341_Driver.o
                0x0000000008010ad0                ILI9341_Set_Address
 .text.ILI9341_Draw_Pixel
                0x0000000008010bac       0x84 ./ILI9341/ILI9341_Driver.o
                0x0000000008010bac                ILI9341_Draw_Pixel
 .text.ILI9341_Draw_Circle
                0x0000000008010c30      0x400 ./ILI9341/ILI9341_Driver.o
                0x0000000008010c30                ILI9341_Draw_Circle
 .text.ILI9341_Draw_String
                0x0000000008011030      0x194 ./ILI9341/ILI9341_Driver.o
                0x0000000008011030                ILI9341_Draw_String
 .text.ILI9341_Send_Command
                0x00000000080111c4       0x38 ./ILI9341/ILI9341_Driver.o
 .text.ILI9341_Send_Data
                0x00000000080111fc       0x38 ./ILI9341/ILI9341_Driver.o
 .text.ILI9341_Draw_Char
                0x0000000008011234      0x480 ./ILI9341/ILI9341_Driver.o
                0x0000000008011234                ILI9341_Draw_Char
 .text.Before_Sending_Data
                0x00000000080116b4       0x38 ./ILI9341/ILI9341_Driver.o
 .text.Before_Sending_Command
                0x00000000080116ec       0x38 ./ILI9341/ILI9341_Driver.o
 .text.USBD_CDC_Init
                0x0000000008011724       0xf4 ./Middlewares/ST/STM32_USB_Device_Library/Class/CDC/Src/usbd_cdc.o
 .text.USBD_CDC_DeInit
                0x0000000008011818       0x6e ./Middlewares/ST/STM32_USB_Device_Library/Class/CDC/Src/usbd_cdc.o
 .text.USBD_CDC_Setup
                0x0000000008011886      0x146 ./Middlewares/ST/STM32_USB_Device_Library/Class/CDC/Src/usbd_cdc.o
 .text.USBD_CDC_DataIn
                0x00000000080119cc       0xa6 ./Middlewares/ST/STM32_USB_Device_Library/Class/CDC/Src/usbd_cdc.o
 .text.USBD_CDC_DataOut
                0x0000000008011a72       0x56 ./Middlewares/ST/STM32_USB_Device_Library/Class/CDC/Src/usbd_cdc.o
 .text.USBD_CDC_EP0_RxReady
                0x0000000008011ac8       0x50 ./Middlewares/ST/STM32_USB_Device_Library/Class/CDC/Src/usbd_cdc.o
 .text.USBD_CDC_GetFSCfgDesc
                0x0000000008011b18       0x20 ./Middlewares/ST/STM32_USB_Device_Library/Class/CDC/Src/usbd_cdc.o
 .text.USBD_CDC_GetHSCfgDesc
                0x0000000008011b38       0x20 ./Middlewares/ST/STM32_USB_Device_Library/Class/CDC/Src/usbd_cdc.o
 .text.USBD_CDC_GetOtherSpeedCfgDesc
                0x0000000008011b58       0x20 ./Middlewares/ST/STM32_USB_Device_Library/Class/CDC/Src/usbd_cdc.o
 .text.USBD_CDC_GetDeviceQualifierDescriptor
                0x0000000008011b78       0x20 ./Middlewares/ST/STM32_USB_Device_Library/Class/CDC/Src/usbd_cdc.o
                0x0000000008011b78                USBD_CDC_GetDeviceQualifierDescriptor
 .text.USBD_CDC_RegisterInterface
                0x0000000008011b98       0x2e ./Middlewares/ST/STM32_USB_Device_Library/Class/CDC/Src/usbd_cdc.o
                0x0000000008011b98                USBD_CDC_RegisterInterface
 .text.USBD_CDC_SetTxBuffer
                0x0000000008011bc6       0x34 ./Middlewares/ST/STM32_USB_Device_Library/Class/CDC/Src/usbd_cdc.o
                0x0000000008011bc6                USBD_CDC_SetTxBuffer
 .text.USBD_CDC_SetRxBuffer
                0x0000000008011bfa       0x28 ./Middlewares/ST/STM32_USB_Device_Library/Class/CDC/Src/usbd_cdc.o
                0x0000000008011bfa                USBD_CDC_SetRxBuffer
 .text.USBD_CDC_ReceivePacket
                0x0000000008011c22       0x54 ./Middlewares/ST/STM32_USB_Device_Library/Class/CDC/Src/usbd_cdc.o
                0x0000000008011c22                USBD_CDC_ReceivePacket
 .text.USBD_Init
                0x0000000008011c76       0x56 ./Middlewares/ST/STM32_USB_Device_Library/Core/Src/usbd_core.o
                0x0000000008011c76                USBD_Init
 .text.USBD_RegisterClass
                0x0000000008011ccc       0x34 ./Middlewares/ST/STM32_USB_Device_Library/Core/Src/usbd_core.o
                0x0000000008011ccc                USBD_RegisterClass
 .text.USBD_Start
                0x0000000008011d00       0x18 ./Middlewares/ST/STM32_USB_Device_Library/Core/Src/usbd_core.o
                0x0000000008011d00                USBD_Start
 .text.USBD_RunTestMode
                0x0000000008011d18       0x16 ./Middlewares/ST/STM32_USB_Device_Library/Core/Src/usbd_core.o
                0x0000000008011d18                USBD_RunTestMode
 .text.USBD_SetClassConfig
                0x0000000008011d2e       0x3e ./Middlewares/ST/STM32_USB_Device_Library/Core/Src/usbd_core.o
                0x0000000008011d2e                USBD_SetClassConfig
 .text.USBD_ClrClassConfig
                0x0000000008011d6c       0x26 ./Middlewares/ST/STM32_USB_Device_Library/Core/Src/usbd_core.o
                0x0000000008011d6c                USBD_ClrClassConfig
 .text.USBD_LL_SetupStage
                0x0000000008011d92       0x9a ./Middlewares/ST/STM32_USB_Device_Library/Core/Src/usbd_core.o
                0x0000000008011d92                USBD_LL_SetupStage
 .text.USBD_LL_DataOutStage
                0x0000000008011e2c       0xe2 ./Middlewares/ST/STM32_USB_Device_Library/Core/Src/usbd_core.o
                0x0000000008011e2c                USBD_LL_DataOutStage
 .text.USBD_LL_DataInStage
                0x0000000008011f0e      0x14a ./Middlewares/ST/STM32_USB_Device_Library/Core/Src/usbd_core.o
                0x0000000008011f0e                USBD_LL_DataInStage
 .text.USBD_LL_Reset
                0x0000000008012058       0x82 ./Middlewares/ST/STM32_USB_Device_Library/Core/Src/usbd_core.o
                0x0000000008012058                USBD_LL_Reset
 .text.USBD_LL_SetSpeed
                0x00000000080120da       0x20 ./Middlewares/ST/STM32_USB_Device_Library/Core/Src/usbd_core.o
                0x00000000080120da                USBD_LL_SetSpeed
 .text.USBD_LL_Suspend
                0x00000000080120fa       0x2a ./Middlewares/ST/STM32_USB_Device_Library/Core/Src/usbd_core.o
                0x00000000080120fa                USBD_LL_Suspend
 .text.USBD_LL_Resume
                0x0000000008012124       0x2c ./Middlewares/ST/STM32_USB_Device_Library/Core/Src/usbd_core.o
                0x0000000008012124                USBD_LL_Resume
 .text.USBD_LL_SOF
                0x0000000008012150       0x34 ./Middlewares/ST/STM32_USB_Device_Library/Core/Src/usbd_core.o
                0x0000000008012150                USBD_LL_SOF
 .text.USBD_StdDevReq
                0x0000000008012184       0xd4 ./Middlewares/ST/STM32_USB_Device_Library/Core/Src/usbd_ctlreq.o
                0x0000000008012184                USBD_StdDevReq
 .text.USBD_StdItfReq
                0x0000000008012258       0x90 ./Middlewares/ST/STM32_USB_Device_Library/Core/Src/usbd_ctlreq.o
                0x0000000008012258                USBD_StdItfReq
 .text.USBD_StdEPReq
                0x00000000080122e8      0x2c6 ./Middlewares/ST/STM32_USB_Device_Library/Core/Src/usbd_ctlreq.o
                0x00000000080122e8                USBD_StdEPReq
 *fill*         0x00000000080125ae        0x2 
 .text.USBD_GetDescriptor
                0x00000000080125b0      0x2d0 ./Middlewares/ST/STM32_USB_Device_Library/Core/Src/usbd_ctlreq.o
 .text.USBD_SetAddress
                0x0000000008012880       0x86 ./Middlewares/ST/STM32_USB_Device_Library/Core/Src/usbd_ctlreq.o
 *fill*         0x0000000008012906        0x2 
 .text.USBD_SetConfig
                0x0000000008012908      0x11c ./Middlewares/ST/STM32_USB_Device_Library/Core/Src/usbd_ctlreq.o
 .text.USBD_GetConfig
                0x0000000008012a24       0x6a ./Middlewares/ST/STM32_USB_Device_Library/Core/Src/usbd_ctlreq.o
 .text.USBD_GetStatus
                0x0000000008012a8e       0x66 ./Middlewares/ST/STM32_USB_Device_Library/Core/Src/usbd_ctlreq.o
 .text.USBD_SetFeature
                0x0000000008012af4       0x28 ./Middlewares/ST/STM32_USB_Device_Library/Core/Src/usbd_ctlreq.o
 .text.USBD_ClrFeature
                0x0000000008012b1c       0x42 ./Middlewares/ST/STM32_USB_Device_Library/Core/Src/usbd_ctlreq.o
 .text.USBD_ParseSetupRequest
                0x0000000008012b5e       0x7a ./Middlewares/ST/STM32_USB_Device_Library/Core/Src/usbd_ctlreq.o
                0x0000000008012b5e                USBD_ParseSetupRequest
 .text.USBD_CtlError
                0x0000000008012bd8       0x22 ./Middlewares/ST/STM32_USB_Device_Library/Core/Src/usbd_ctlreq.o
                0x0000000008012bd8                USBD_CtlError
 .text.USBD_GetString
                0x0000000008012bfa       0x84 ./Middlewares/ST/STM32_USB_Device_Library/Core/Src/usbd_ctlreq.o
                0x0000000008012bfa                USBD_GetString
 .text.USBD_GetLen
                0x0000000008012c7e       0x30 ./Middlewares/ST/STM32_USB_Device_Library/Core/Src/usbd_ctlreq.o
 .text.USBD_CtlSendData
                0x0000000008012cae       0x38 ./Middlewares/ST/STM32_USB_Device_Library/Core/Src/usbd_ioreq.o
                0x0000000008012cae                USBD_CtlSendData
 .text.USBD_CtlContinueSendData
                0x0000000008012ce6       0x24 ./Middlewares/ST/STM32_USB_Device_Library/Core/Src/usbd_ioreq.o
                0x0000000008012ce6                USBD_CtlContinueSendData
 .text.USBD_CtlPrepareRx
                0x0000000008012d0a       0x3c ./Middlewares/ST/STM32_USB_Device_Library/Core/Src/usbd_ioreq.o
                0x0000000008012d0a                USBD_CtlPrepareRx
 .text.USBD_CtlContinueRx
                0x0000000008012d46       0x24 ./Middlewares/ST/STM32_USB_Device_Library/Core/Src/usbd_ioreq.o
                0x0000000008012d46                USBD_CtlContinueRx
 .text.USBD_CtlSendStatus
                0x0000000008012d6a       0x26 ./Middlewares/ST/STM32_USB_Device_Library/Core/Src/usbd_ioreq.o
                0x0000000008012d6a                USBD_CtlSendStatus
 .text.USBD_CtlReceiveStatus
                0x0000000008012d90       0x26 ./Middlewares/ST/STM32_USB_Device_Library/Core/Src/usbd_ioreq.o
                0x0000000008012d90                USBD_CtlReceiveStatus
 *fill*         0x0000000008012db6        0x2 
 .text.disk_status
                0x0000000008012db8       0x34 ./Middlewares/Third_Party/FatFs/src/diskio.o
                0x0000000008012db8                disk_status
 .text.disk_initialize
                0x0000000008012dec       0x4c ./Middlewares/Third_Party/FatFs/src/diskio.o
                0x0000000008012dec                disk_initialize
 .text.disk_read
                0x0000000008012e38       0x40 ./Middlewares/Third_Party/FatFs/src/diskio.o
                0x0000000008012e38                disk_read
 .text.disk_write
                0x0000000008012e78       0x40 ./Middlewares/Third_Party/FatFs/src/diskio.o
                0x0000000008012e78                disk_write
 .text.disk_ioctl
                0x0000000008012eb8       0x3c ./Middlewares/Third_Party/FatFs/src/diskio.o
                0x0000000008012eb8                disk_ioctl
 .text.mem_cpy  0x0000000008012ef4       0x3e ./Middlewares/Third_Party/FatFs/src/ff.o
 .text.mem_set  0x0000000008012f32       0x36 ./Middlewares/Third_Party/FatFs/src/ff.o
 .text.mem_cmp  0x0000000008012f68       0x4e ./Middlewares/Third_Party/FatFs/src/ff.o
 .text.chk_chr  0x0000000008012fb6       0x36 ./Middlewares/Third_Party/FatFs/src/ff.o
 .text.chk_lock
                0x0000000008012fec       0xdc ./Middlewares/Third_Party/FatFs/src/ff.o
 .text.enq_lock
                0x00000000080130c8       0x48 ./Middlewares/Third_Party/FatFs/src/ff.o
 .text.inc_lock
                0x0000000008013110      0x170 ./Middlewares/Third_Party/FatFs/src/ff.o
 .text.dec_lock
                0x0000000008013280       0x88 ./Middlewares/Third_Party/FatFs/src/ff.o
 .text.clear_lock
                0x0000000008013308       0x54 ./Middlewares/Third_Party/FatFs/src/ff.o
 .text.sync_window
                0x000000000801335c       0x92 ./Middlewares/Third_Party/FatFs/src/ff.o
 .text.move_window
                0x00000000080133ee       0x5c ./Middlewares/Third_Party/FatFs/src/ff.o
 .text.sync_fs  0x000000000801344a      0x15a ./Middlewares/Third_Party/FatFs/src/ff.o
 .text.clust2sect
                0x00000000080135a4       0x44 ./Middlewares/Third_Party/FatFs/src/ff.o
                0x00000000080135a4                clust2sect
 .text.get_fat  0x00000000080135e8      0x174 ./Middlewares/Third_Party/FatFs/src/ff.o
                0x00000000080135e8                get_fat
 .text.put_fat  0x000000000801375c      0x21c ./Middlewares/Third_Party/FatFs/src/ff.o
                0x000000000801375c                put_fat
 .text.remove_chain
                0x0000000008013978       0xb4 ./Middlewares/Third_Party/FatFs/src/ff.o
 .text.create_chain
                0x0000000008013a2c      0x13a ./Middlewares/Third_Party/FatFs/src/ff.o
 .text.clmt_clust
                0x0000000008013b66       0x6a ./Middlewares/Third_Party/FatFs/src/ff.o
 .text.dir_sdi  0x0000000008013bd0      0x128 ./Middlewares/Third_Party/FatFs/src/ff.o
 .text.dir_next
                0x0000000008013cf8      0x1ee ./Middlewares/Third_Party/FatFs/src/ff.o
 .text.dir_alloc
                0x0000000008013ee6       0x94 ./Middlewares/Third_Party/FatFs/src/ff.o
 .text.ld_clust
                0x0000000008013f7a       0x5c ./Middlewares/Third_Party/FatFs/src/ff.o
 .text.st_clust
                0x0000000008013fd6       0x4e ./Middlewares/Third_Party/FatFs/src/ff.o
 .text.cmp_lfn  0x0000000008014024       0xdc ./Middlewares/Third_Party/FatFs/src/ff.o
 .text.fit_lfn  0x0000000008014100       0xec ./Middlewares/Third_Party/FatFs/src/ff.o
 .text.gen_numname
                0x00000000080141ec      0x11c ./Middlewares/Third_Party/FatFs/src/ff.o
 .text.sum_sfn  0x0000000008014308       0x42 ./Middlewares/Third_Party/FatFs/src/ff.o
 .text.dir_find
                0x000000000801434a      0x180 ./Middlewares/Third_Party/FatFs/src/ff.o
 *fill*         0x00000000080144ca        0x2 
 .text.dir_register
                0x00000000080144cc      0x21c ./Middlewares/Third_Party/FatFs/src/ff.o
 .text.create_name
                0x00000000080146e8      0x370 ./Middlewares/Third_Party/FatFs/src/ff.o
 .text.follow_path
                0x0000000008014a58       0xdc ./Middlewares/Third_Party/FatFs/src/ff.o
 .text.get_ldnumber
                0x0000000008014b34       0x88 ./Middlewares/Third_Party/FatFs/src/ff.o
 .text.check_fs
                0x0000000008014bbc       0xd4 ./Middlewares/Third_Party/FatFs/src/ff.o
 .text.find_volume
                0x0000000008014c90      0x590 ./Middlewares/Third_Party/FatFs/src/ff.o
 .text.validate
                0x0000000008015220       0x66 ./Middlewares/Third_Party/FatFs/src/ff.o
 *fill*         0x0000000008015286        0x2 
 .text.f_mount  0x0000000008015288       0x90 ./Middlewares/Third_Party/FatFs/src/ff.o
                0x0000000008015288                f_mount
 .text.f_open   0x0000000008015318      0x504 ./Middlewares/Third_Party/FatFs/src/ff.o
                0x0000000008015318                f_open
 .text.f_read   0x000000000801581c      0x2d6 ./Middlewares/Third_Party/FatFs/src/ff.o
                0x000000000801581c                f_read
 .text.f_sync   0x0000000008015af2      0x174 ./Middlewares/Third_Party/FatFs/src/ff.o
                0x0000000008015af2                f_sync
 .text.f_close  0x0000000008015c66       0x50 ./Middlewares/Third_Party/FatFs/src/ff.o
                0x0000000008015c66                f_close
 .text.f_lseek  0x0000000008015cb6      0x4bc ./Middlewares/Third_Party/FatFs/src/ff.o
                0x0000000008015cb6                f_lseek
 *fill*         0x0000000008016172        0x2 
 .text.FATFS_LinkDriverEx
                0x0000000008016174       0x98 ./Middlewares/Third_Party/FatFs/src/ff_gen_drv.o
                0x0000000008016174                FATFS_LinkDriverEx
 .text.FATFS_LinkDriver
                0x000000000801620c       0x1e ./Middlewares/Third_Party/FatFs/src/ff_gen_drv.o
                0x000000000801620c                FATFS_LinkDriver
 *fill*         0x000000000801622a        0x2 
 .text.ff_convert
                0x000000000801622c       0x78 ./Middlewares/Third_Party/FatFs/src/option/ccsbcs.o
                0x000000000801622c                ff_convert
 .text.ff_wtoupper
                0x00000000080162a4       0x5c ./Middlewares/Third_Party/FatFs/src/option/ccsbcs.o
                0x00000000080162a4                ff_wtoupper
 .text.f_PEL_open
                0x0000000008016300       0x90 ./Recursos/Recursos.o
                0x0000000008016300                f_PEL_open
 .text.f_PEL    0x0000000008016390       0x52 ./Recursos/Recursos.o
                0x0000000008016390                f_PEL
 *fill*         0x00000000080163e2        0x2 
 .text.f_TECLADO_ALFA_Input
                0x00000000080163e4      0x46c ./Recursos/Recursos.o
                0x00000000080163e4                f_TECLADO_ALFA_Input
 .text.f_TECLADO_ALFA_open
                0x0000000008016850       0xac ./Recursos/Recursos.o
                0x0000000008016850                f_TECLADO_ALFA_open
 .text.f_TECLADO_ALFA_fondo
                0x00000000080168fc      0x13c ./Recursos/Recursos.o
                0x00000000080168fc                f_TECLADO_ALFA_fondo
 .text.f_PIC_open
                0x0000000008016a38       0x50 ./Recursos/Recursos.o
                0x0000000008016a38                f_PIC_open
 .text.f_PIC    0x0000000008016a88      0x380 ./Recursos/Recursos.o
                0x0000000008016a88                f_PIC
 .text.BCO      0x0000000008016e08      0x310 ./Recursos/Recursos.o
                0x0000000008016e08                BCO
 .text.BCO_Activo
                0x0000000008017118      0x10c ./Recursos/Recursos.o
                0x0000000008017118                BCO_Activo
 .text.BOT      0x0000000008017224       0x66 ./Recursos/Recursos.o
                0x0000000008017224                BOT
 .text.CHECK_CIRC
                0x000000000801728a       0xb6 ./Recursos/Recursos.o
                0x000000000801728a                CHECK_CIRC
 .text.CHECK_CIRC_Activo
                0x0000000008017340       0x5c ./Recursos/Recursos.o
                0x0000000008017340                CHECK_CIRC_Activo
 .text.BOW      0x000000000801739c      0x388 ./Recursos/Recursos.o
                0x000000000801739c                BOW
 .text.SPI_TransmitReceive
                0x0000000008017724       0x3e ./Recursos/Recursos.o
                0x0000000008017724                SPI_TransmitReceive
 *fill*         0x0000000008017762        0x2 
 .text.SPI_TxByte
                0x0000000008017764       0x20 ./Recursos/Recursos.o
                0x0000000008017764                SPI_TxByte
 .text.SPI_RxByte
                0x0000000008017784       0x24 ./Recursos/Recursos.o
                0x0000000008017784                SPI_RxByte
 .text.SPI_RxBytePtr
                0x00000000080177a8       0x1c ./Recursos/Recursos.o
                0x00000000080177a8                SPI_RxBytePtr
 .text.PIC      0x00000000080177c4      0x3e0 ./Recursos/Recursos.o
                0x00000000080177c4                PIC
 .text.f_BMP    0x0000000008017ba4      0x384 ./Recursos/Recursos.o
                0x0000000008017ba4                f_BMP
 .text.FillReg  0x0000000008017f28      0x1b0 ./Recursos/Recursos.o
                0x0000000008017f28                FillReg
 .text.Encabezamiento3
                0x00000000080180d8       0x5a ./Recursos/Recursos.o
                0x00000000080180d8                Encabezamiento3
 *fill*         0x0000000008018132        0x2 
 .text.GraficarOSC
                0x0000000008018134      0x67c ./Recursos/Recursos.o
                0x0000000008018134                GraficarOSC
 .text.FondoTeclas
                0x00000000080187b0       0x20 ./Recursos/Recursos.o
                0x00000000080187b0                FondoTeclas
 .text.FondoCompletoAzul
                0x00000000080187d0       0x20 ./Recursos/Recursos.o
                0x00000000080187d0                FondoCompletoAzul
 .text.DPMChico
                0x00000000080187f0       0xe8 ./Recursos/Recursos.o
                0x00000000080187f0                DPMChico
 .text.BOW_Activo
                0x00000000080188d8       0x64 ./Recursos/Recursos.o
                0x00000000080188d8                BOW_Activo
 .text.BOT_Activo
                0x000000000801893c       0x78 ./Recursos/Recursos.o
                0x000000000801893c                BOT_Activo
 .text.LeerFlashAbs
                0x00000000080189b4       0x38 ./Recursos/Recursos.o
                0x00000000080189b4                LeerFlashAbs
 .text.LeerFlashRel
                0x00000000080189ec       0x34 ./Recursos/Recursos.o
                0x00000000080189ec                LeerFlashRel
 .text.MenuSet  0x0000000008018a20       0xbc ./Recursos/Recursos.o
                0x0000000008018a20                MenuSet
 .text.MenuPrint
                0x0000000008018adc       0x94 ./Recursos/Recursos.o
                0x0000000008018adc                MenuPrint
 .text.MenuAtencion
                0x0000000008018b70       0xe8 ./Recursos/Recursos.o
                0x0000000008018b70                MenuAtencion
 .text.XPT2046_TouchGetCoordinates
                0x0000000008018c58      0x2a0 ./Touch/XPT2046_touch.o
                0x0000000008018c58                XPT2046_TouchGetCoordinates
 .text.MX_USB_DEVICE_Init
                0x0000000008018ef8       0x60 ./USB_DEVICE/App/usb_device.o
                0x0000000008018ef8                MX_USB_DEVICE_Init
 .text.CDC_Init_FS
                0x0000000008018f58       0x28 ./USB_DEVICE/App/usbd_cdc_if.o
 .text.CDC_DeInit_FS
                0x0000000008018f80       0x10 ./USB_DEVICE/App/usbd_cdc_if.o
 .text.CDC_Control_FS
                0x0000000008018f90       0xbc ./USB_DEVICE/App/usbd_cdc_if.o
 .text.CDC_Receive_FS
                0x000000000801904c       0x58 ./USB_DEVICE/App/usbd_cdc_if.o
 .text.USBD_FS_DeviceDescriptor
                0x00000000080190a4       0x24 ./USB_DEVICE/App/usbd_desc.o
                0x00000000080190a4                USBD_FS_DeviceDescriptor
 .text.USBD_FS_LangIDStrDescriptor
                0x00000000080190c8       0x24 ./USB_DEVICE/App/usbd_desc.o
                0x00000000080190c8                USBD_FS_LangIDStrDescriptor
 .text.USBD_FS_ProductStrDescriptor
                0x00000000080190ec       0x3c ./USB_DEVICE/App/usbd_desc.o
                0x00000000080190ec                USBD_FS_ProductStrDescriptor
 .text.USBD_FS_ManufacturerStrDescriptor
                0x0000000008019128       0x28 ./USB_DEVICE/App/usbd_desc.o
                0x0000000008019128                USBD_FS_ManufacturerStrDescriptor
 .text.USBD_FS_SerialStrDescriptor
                0x0000000008019150       0x24 ./USB_DEVICE/App/usbd_desc.o
                0x0000000008019150                USBD_FS_SerialStrDescriptor
 .text.USBD_FS_ConfigStrDescriptor
                0x0000000008019174       0x3c ./USB_DEVICE/App/usbd_desc.o
                0x0000000008019174                USBD_FS_ConfigStrDescriptor
 .text.USBD_FS_InterfaceStrDescriptor
                0x00000000080191b0       0x3c ./USB_DEVICE/App/usbd_desc.o
                0x00000000080191b0                USBD_FS_InterfaceStrDescriptor
 .text.Get_SerialNum
                0x00000000080191ec       0x58 ./USB_DEVICE/App/usbd_desc.o
 .text.IntToUnicode
                0x0000000008019244       0x7e ./USB_DEVICE/App/usbd_desc.o
 *fill*         0x00000000080192c2        0x2 
 .text.HAL_PCD_MspInit
                0x00000000080192c4       0x5c ./USB_DEVICE/Target/usbd_conf.o
                0x00000000080192c4                HAL_PCD_MspInit
 .text.HAL_PCD_SetupStageCallback
                0x0000000008019320       0x24 ./USB_DEVICE/Target/usbd_conf.o
                0x0000000008019320                HAL_PCD_SetupStageCallback
 .text.HAL_PCD_DataOutStageCallback
                0x0000000008019344       0x36 ./USB_DEVICE/Target/usbd_conf.o
                0x0000000008019344                HAL_PCD_DataOutStageCallback
 .text.HAL_PCD_DataInStageCallback
                0x000000000801937a       0x34 ./USB_DEVICE/Target/usbd_conf.o
                0x000000000801937a                HAL_PCD_DataInStageCallback
 .text.HAL_PCD_SOFCallback
                0x00000000080193ae       0x1c ./USB_DEVICE/Target/usbd_conf.o
                0x00000000080193ae                HAL_PCD_SOFCallback
 .text.HAL_PCD_ResetCallback
                0x00000000080193ca       0x3c ./USB_DEVICE/Target/usbd_conf.o
                0x00000000080193ca                HAL_PCD_ResetCallback
 *fill*         0x0000000008019406        0x2 
 .text.HAL_PCD_SuspendCallback
                0x0000000008019408       0x34 ./USB_DEVICE/Target/usbd_conf.o
                0x0000000008019408                HAL_PCD_SuspendCallback
 .text.HAL_PCD_ResumeCallback
                0x000000000801943c       0x1c ./USB_DEVICE/Target/usbd_conf.o
                0x000000000801943c                HAL_PCD_ResumeCallback
 .text.USBD_LL_Init
                0x0000000008019458       0xb8 ./USB_DEVICE/Target/usbd_conf.o
                0x0000000008019458                USBD_LL_Init
 .text.USBD_LL_Start
                0x0000000008019510       0x36 ./USB_DEVICE/Target/usbd_conf.o
                0x0000000008019510                USBD_LL_Start
 .text.USBD_LL_OpenEP
                0x0000000008019546       0x4c ./USB_DEVICE/Target/usbd_conf.o
                0x0000000008019546                USBD_LL_OpenEP
 .text.USBD_LL_CloseEP
                0x0000000008019592       0x3e ./USB_DEVICE/Target/usbd_conf.o
                0x0000000008019592                USBD_LL_CloseEP
 .text.USBD_LL_StallEP
                0x00000000080195d0       0x3e ./USB_DEVICE/Target/usbd_conf.o
                0x00000000080195d0                USBD_LL_StallEP
 .text.USBD_LL_ClearStallEP
                0x000000000801960e       0x3e ./USB_DEVICE/Target/usbd_conf.o
                0x000000000801960e                USBD_LL_ClearStallEP
 .text.USBD_LL_IsStallEP
                0x000000000801964c       0x5a ./USB_DEVICE/Target/usbd_conf.o
                0x000000000801964c                USBD_LL_IsStallEP
 .text.USBD_LL_SetUSBAddress
                0x00000000080196a6       0x3e ./USB_DEVICE/Target/usbd_conf.o
                0x00000000080196a6                USBD_LL_SetUSBAddress
 .text.USBD_LL_Transmit
                0x00000000080196e4       0x46 ./USB_DEVICE/Target/usbd_conf.o
                0x00000000080196e4                USBD_LL_Transmit
 .text.USBD_LL_PrepareReceive
                0x000000000801972a       0x46 ./USB_DEVICE/Target/usbd_conf.o
                0x000000000801972a                USBD_LL_PrepareReceive
 .text.USBD_LL_GetRxDataSize
                0x0000000008019770       0x26 ./USB_DEVICE/Target/usbd_conf.o
                0x0000000008019770                USBD_LL_GetRxDataSize
 *fill*         0x0000000008019796        0x2 
 .text.USBD_static_malloc
                0x0000000008019798       0x1c ./USB_DEVICE/Target/usbd_conf.o
                0x0000000008019798                USBD_static_malloc
 .text.USBD_static_free
                0x00000000080197b4       0x14 ./USB_DEVICE/Target/usbd_conf.o
                0x00000000080197b4                USBD_static_free
 .text.HAL_PCDEx_SetConnectionState
                0x00000000080197c8       0x18 ./USB_DEVICE/Target/usbd_conf.o
                0x00000000080197c8                HAL_PCDEx_SetConnectionState
 .text.USBD_Get_USB_Status
                0x00000000080197e0       0x58 ./USB_DEVICE/Target/usbd_conf.o
 .text.sprintf  0x0000000008019838       0x40 C:/ST/STM32CubeIDE_1.14.0/STM32CubeIDE/plugins/com.st.stm32cube.ide.mcu.externaltools.gnu-tools-for-stm32.11.3.rel1.win32_1.1.100.202309141235/tools/bin/../lib/gcc/arm-none-eabi/11.3.1/../../../../arm-none-eabi/lib/thumb/v7e-m+fp/hard\libc_nano.a(libc_a-sprintf.o)
                0x0000000008019838                siprintf
                0x0000000008019838                sprintf
 .text.memset   0x0000000008019878       0x10 C:/ST/STM32CubeIDE_1.14.0/STM32CubeIDE/plugins/com.st.stm32cube.ide.mcu.externaltools.gnu-tools-for-stm32.11.3.rel1.win32_1.1.100.202309141235/tools/bin/../lib/gcc/arm-none-eabi/11.3.1/../../../../arm-none-eabi/lib/thumb/v7e-m+fp/hard\libc_nano.a(libc_a-memset.o)
                0x0000000008019878                memset
 .text.__errno  0x0000000008019888        0xc C:/ST/STM32CubeIDE_1.14.0/STM32CubeIDE/plugins/com.st.stm32cube.ide.mcu.externaltools.gnu-tools-for-stm32.11.3.rel1.win32_1.1.100.202309141235/tools/bin/../lib/gcc/arm-none-eabi/11.3.1/../../../../arm-none-eabi/lib/thumb/v7e-m+fp/hard\libc_nano.a(libc_a-errno.o)
                0x0000000008019888                __errno
 .text.__libc_init_array
                0x0000000008019894       0x48 C:/ST/STM32CubeIDE_1.14.0/STM32CubeIDE/plugins/com.st.stm32cube.ide.mcu.externaltools.gnu-tools-for-stm32.11.3.rel1.win32_1.1.100.202309141235/tools/bin/../lib/gcc/arm-none-eabi/11.3.1/../../../../arm-none-eabi/lib/thumb/v7e-m+fp/hard\libc_nano.a(libc_a-init.o)
                0x0000000008019894                __libc_init_array
 .text.__retarget_lock_acquire_recursive
                0x00000000080198dc        0x2 C:/ST/STM32CubeIDE_1.14.0/STM32CubeIDE/plugins/com.st.stm32cube.ide.mcu.externaltools.gnu-tools-for-stm32.11.3.rel1.win32_1.1.100.202309141235/tools/bin/../lib/gcc/arm-none-eabi/11.3.1/../../../../arm-none-eabi/lib/thumb/v7e-m+fp/hard\libc_nano.a(libc_a-lock.o)
                0x00000000080198dc                __retarget_lock_acquire_recursive
 .text.__retarget_lock_release_recursive
                0x00000000080198de        0x2 C:/ST/STM32CubeIDE_1.14.0/STM32CubeIDE/plugins/com.st.stm32cube.ide.mcu.externaltools.gnu-tools-for-stm32.11.3.rel1.win32_1.1.100.202309141235/tools/bin/../lib/gcc/arm-none-eabi/11.3.1/../../../../arm-none-eabi/lib/thumb/v7e-m+fp/hard\libc_nano.a(libc_a-lock.o)
                0x00000000080198de                __retarget_lock_release_recursive
 .text._free_r  0x00000000080198e0       0x98 C:/ST/STM32CubeIDE_1.14.0/STM32CubeIDE/plugins/com.st.stm32cube.ide.mcu.externaltools.gnu-tools-for-stm32.11.3.rel1.win32_1.1.100.202309141235/tools/bin/../lib/gcc/arm-none-eabi/11.3.1/../../../../arm-none-eabi/lib/thumb/v7e-m+fp/hard\libc_nano.a(libc_a-freer.o)
                0x00000000080198e0                _free_r
 .text.sbrk_aligned
                0x0000000008019978       0x40 C:/ST/STM32CubeIDE_1.14.0/STM32CubeIDE/plugins/com.st.stm32cube.ide.mcu.externaltools.gnu-tools-for-stm32.11.3.rel1.win32_1.1.100.202309141235/tools/bin/../lib/gcc/arm-none-eabi/11.3.1/../../../../arm-none-eabi/lib/thumb/v7e-m+fp/hard\libc_nano.a(libc_a-mallocr.o)
 .text._malloc_r
                0x00000000080199b8      0x100 C:/ST/STM32CubeIDE_1.14.0/STM32CubeIDE/plugins/com.st.stm32cube.ide.mcu.externaltools.gnu-tools-for-stm32.11.3.rel1.win32_1.1.100.202309141235/tools/bin/../lib/gcc/arm-none-eabi/11.3.1/../../../../arm-none-eabi/lib/thumb/v7e-m+fp/hard\libc_nano.a(libc_a-mallocr.o)
                0x00000000080199b8                _malloc_r
 .text.__malloc_lock
                0x0000000008019ab8        0xc C:/ST/STM32CubeIDE_1.14.0/STM32CubeIDE/plugins/com.st.stm32cube.ide.mcu.externaltools.gnu-tools-for-stm32.11.3.rel1.win32_1.1.100.202309141235/tools/bin/../lib/gcc/arm-none-eabi/11.3.1/../../../../arm-none-eabi/lib/thumb/v7e-m+fp/hard\libc_nano.a(libc_a-mlock.o)
                0x0000000008019ab8                __malloc_lock
 .text.__malloc_unlock
                0x0000000008019ac4        0xc C:/ST/STM32CubeIDE_1.14.0/STM32CubeIDE/plugins/com.st.stm32cube.ide.mcu.externaltools.gnu-tools-for-stm32.11.3.rel1.win32_1.1.100.202309141235/tools/bin/../lib/gcc/arm-none-eabi/11.3.1/../../../../arm-none-eabi/lib/thumb/v7e-m+fp/hard\libc_nano.a(libc_a-mlock.o)
                0x0000000008019ac4                __malloc_unlock
 .text.__ssputs_r
                0x0000000008019ad0       0xb4 C:/ST/STM32CubeIDE_1.14.0/STM32CubeIDE/plugins/com.st.stm32cube.ide.mcu.externaltools.gnu-tools-for-stm32.11.3.rel1.win32_1.1.100.202309141235/tools/bin/../lib/gcc/arm-none-eabi/11.3.1/../../../../arm-none-eabi/lib/thumb/v7e-m+fp/hard\libc_nano.a(libc_a-nano-svfprintf.o)
                0x0000000008019ad0                __ssputs_r
 .text._svfprintf_r
                0x0000000008019b84      0x1fc C:/ST/STM32CubeIDE_1.14.0/STM32CubeIDE/plugins/com.st.stm32cube.ide.mcu.externaltools.gnu-tools-for-stm32.11.3.rel1.win32_1.1.100.202309141235/tools/bin/../lib/gcc/arm-none-eabi/11.3.1/../../../../arm-none-eabi/lib/thumb/v7e-m+fp/hard\libc_nano.a(libc_a-nano-svfprintf.o)
                0x0000000008019b84                _svfiprintf_r
                0x0000000008019b84                _svfprintf_r
 .text._printf_common
                0x0000000008019d80       0xda C:/ST/STM32CubeIDE_1.14.0/STM32CubeIDE/plugins/com.st.stm32cube.ide.mcu.externaltools.gnu-tools-for-stm32.11.3.rel1.win32_1.1.100.202309141235/tools/bin/../lib/gcc/arm-none-eabi/11.3.1/../../../../arm-none-eabi/lib/thumb/v7e-m+fp/hard\libc_nano.a(libc_a-nano-vfprintf_i.o)
                0x0000000008019d80                _printf_common
 *fill*         0x0000000008019e5a        0x2 
 .text._printf_i
                0x0000000008019e5c      0x244 C:/ST/STM32CubeIDE_1.14.0/STM32CubeIDE/plugins/com.st.stm32cube.ide.mcu.externaltools.gnu-tools-for-stm32.11.3.rel1.win32_1.1.100.202309141235/tools/bin/../lib/gcc/arm-none-eabi/11.3.1/../../../../arm-none-eabi/lib/thumb/v7e-m+fp/hard\libc_nano.a(libc_a-nano-vfprintf_i.o)
                0x0000000008019e5c                _printf_i
 .text.memmove  0x000000000801a0a0       0x34 C:/ST/STM32CubeIDE_1.14.0/STM32CubeIDE/plugins/com.st.stm32cube.ide.mcu.externaltools.gnu-tools-for-stm32.11.3.rel1.win32_1.1.100.202309141235/tools/bin/../lib/gcc/arm-none-eabi/11.3.1/../../../../arm-none-eabi/lib/thumb/v7e-m+fp/hard\libc_nano.a(libc_a-memmove.o)
                0x000000000801a0a0                memmove
 .text._sbrk_r  0x000000000801a0d4       0x20 C:/ST/STM32CubeIDE_1.14.0/STM32CubeIDE/plugins/com.st.stm32cube.ide.mcu.externaltools.gnu-tools-for-stm32.11.3.rel1.win32_1.1.100.202309141235/tools/bin/../lib/gcc/arm-none-eabi/11.3.1/../../../../arm-none-eabi/lib/thumb/v7e-m+fp/hard\libc_nano.a(libc_a-sbrkr.o)
                0x000000000801a0d4                _sbrk_r
 .text.memcpy   0x000000000801a0f4       0x1c C:/ST/STM32CubeIDE_1.14.0/STM32CubeIDE/plugins/com.st.stm32cube.ide.mcu.externaltools.gnu-tools-for-stm32.11.3.rel1.win32_1.1.100.202309141235/tools/bin/../lib/gcc/arm-none-eabi/11.3.1/../../../../arm-none-eabi/lib/thumb/v7e-m+fp/hard\libc_nano.a(libc_a-memcpy-stub.o)
                0x000000000801a0f4                memcpy
 .text._realloc_r
                0x000000000801a110       0x5e C:/ST/STM32CubeIDE_1.14.0/STM32CubeIDE/plugins/com.st.stm32cube.ide.mcu.externaltools.gnu-tools-for-stm32.11.3.rel1.win32_1.1.100.202309141235/tools/bin/../lib/gcc/arm-none-eabi/11.3.1/../../../../arm-none-eabi/lib/thumb/v7e-m+fp/hard\libc_nano.a(libc_a-reallocr.o)
                0x000000000801a110                _realloc_r
 .text._malloc_usable_size_r
                0x000000000801a16e       0x10 C:/ST/STM32CubeIDE_1.14.0/STM32CubeIDE/plugins/com.st.stm32cube.ide.mcu.externaltools.gnu-tools-for-stm32.11.3.rel1.win32_1.1.100.202309141235/tools/bin/../lib/gcc/arm-none-eabi/11.3.1/../../../../arm-none-eabi/lib/thumb/v7e-m+fp/hard\libc_nano.a(libc_a-msizer.o)
                0x000000000801a16e                _malloc_usable_size_r
 *fill*         0x000000000801a17e        0x2 
 .text.sin      0x000000000801a180       0xb0 C:/ST/STM32CubeIDE_1.14.0/STM32CubeIDE/plugins/com.st.stm32cube.ide.mcu.externaltools.gnu-tools-for-stm32.11.3.rel1.win32_1.1.100.202309141235/tools/bin/../lib/gcc/arm-none-eabi/11.3.1/../../../../arm-none-eabi/lib/thumb/v7e-m+fp/hard\libm.a(libm_a-s_sin.o)
                0x000000000801a180                sin
 .text.__kernel_cos
                0x000000000801a230      0x18c C:/ST/STM32CubeIDE_1.14.0/STM32CubeIDE/plugins/com.st.stm32cube.ide.mcu.externaltools.gnu-tools-for-stm32.11.3.rel1.win32_1.1.100.202309141235/tools/bin/../lib/gcc/arm-none-eabi/11.3.1/../../../../arm-none-eabi/lib/thumb/v7e-m+fp/hard\libm.a(libm_a-k_cos.o)
                0x000000000801a230                __kernel_cos
 *fill*         0x000000000801a3bc        0x4 
 .text.__kernel_sin
                0x000000000801a3c0      0x17c C:/ST/STM32CubeIDE_1.14.0/STM32CubeIDE/plugins/com.st.stm32cube.ide.mcu.externaltools.gnu-tools-for-stm32.11.3.rel1.win32_1.1.100.202309141235/tools/bin/../lib/gcc/arm-none-eabi/11.3.1/../../../../arm-none-eabi/lib/thumb/v7e-m+fp/hard\libm.a(libm_a-k_sin.o)
                0x000000000801a3c0                __kernel_sin
 *fill*         0x000000000801a53c        0x4 
 .text.__ieee754_rem_pio2
                0x000000000801a540      0x40c C:/ST/STM32CubeIDE_1.14.0/STM32CubeIDE/plugins/com.st.stm32cube.ide.mcu.externaltools.gnu-tools-for-stm32.11.3.rel1.win32_1.1.100.202309141235/tools/bin/../lib/gcc/arm-none-eabi/11.3.1/../../../../arm-none-eabi/lib/thumb/v7e-m+fp/hard\libm.a(libm_a-e_rem_pio2.o)
                0x000000000801a540                __ieee754_rem_pio2
 .text.fabs     0x000000000801a94c       0x12 C:/ST/STM32CubeIDE_1.14.0/STM32CubeIDE/plugins/com.st.stm32cube.ide.mcu.externaltools.gnu-tools-for-stm32.11.3.rel1.win32_1.1.100.202309141235/tools/bin/../lib/gcc/arm-none-eabi/11.3.1/../../../../arm-none-eabi/lib/thumb/v7e-m+fp/hard\libm.a(libm_a-s_fabs.o)
                0x000000000801a94c                fabs
 *fill*         0x000000000801a95e        0x2 
 .text.__kernel_rem_pio2
                0x000000000801a960      0x69c C:/ST/STM32CubeIDE_1.14.0/STM32CubeIDE/plugins/com.st.stm32cube.ide.mcu.externaltools.gnu-tools-for-stm32.11.3.rel1.win32_1.1.100.202309141235/tools/bin/../lib/gcc/arm-none-eabi/11.3.1/../../../../arm-none-eabi/lib/thumb/v7e-m+fp/hard\libm.a(libm_a-k_rem_pio2.o)
                0x000000000801a960                __kernel_rem_pio2
 *fill*         0x000000000801affc        0x4 
 .text.scalbn   0x000000000801b000       0xfc C:/ST/STM32CubeIDE_1.14.0/STM32CubeIDE/plugins/com.st.stm32cube.ide.mcu.externaltools.gnu-tools-for-stm32.11.3.rel1.win32_1.1.100.202309141235/tools/bin/../lib/gcc/arm-none-eabi/11.3.1/../../../../arm-none-eabi/lib/thumb/v7e-m+fp/hard\libm.a(libm_a-s_scalbn.o)
                0x000000000801b000                scalbn
 *fill*         0x000000000801b0fc        0x4 
 .text.floor    0x000000000801b100      0x100 C:/ST/STM32CubeIDE_1.14.0/STM32CubeIDE/plugins/com.st.stm32cube.ide.mcu.externaltools.gnu-tools-for-stm32.11.3.rel1.win32_1.1.100.202309141235/tools/bin/../lib/gcc/arm-none-eabi/11.3.1/../../../../arm-none-eabi/lib/thumb/v7e-m+fp/hard\libm.a(libm_a-s_floor.o)
                0x000000000801b100                floor
 *(.glue_7)
 .glue_7        0x000000000801b200        0x0 linker stubs
 *(.glue_7t)
 .glue_7t       0x000000000801b200        0x0 linker stubs
 *(.eh_frame)
 .eh_frame      0x000000000801b200        0x0 C:/ST/STM32CubeIDE_1.14.0/STM32CubeIDE/plugins/com.st.stm32cube.ide.mcu.externaltools.gnu-tools-for-stm32.11.3.rel1.win32_1.1.100.202309141235/tools/bin/../lib/gcc/arm-none-eabi/11.3.1/thumb/v7e-m+fp/hard/crtbegin.o
 *(.init)
 .init          0x000000000801b200        0x4 C:/ST/STM32CubeIDE_1.14.0/STM32CubeIDE/plugins/com.st.stm32cube.ide.mcu.externaltools.gnu-tools-for-stm32.11.3.rel1.win32_1.1.100.202309141235/tools/bin/../lib/gcc/arm-none-eabi/11.3.1/thumb/v7e-m+fp/hard/crti.o
                0x000000000801b200                _init
 .init          0x000000000801b204        0x8 C:/ST/STM32CubeIDE_1.14.0/STM32CubeIDE/plugins/com.st.stm32cube.ide.mcu.externaltools.gnu-tools-for-stm32.11.3.rel1.win32_1.1.100.202309141235/tools/bin/../lib/gcc/arm-none-eabi/11.3.1/thumb/v7e-m+fp/hard/crtn.o
 *(.fini)