../Recursos/Recursos.c:104:6:f_PEL_open	88	static
../Recursos/Recursos.c:119:6:f_PEL	32	static
../Recursos/Recursos.c:136:6:f_PEL_close	24	static
../Recursos/Recursos.c:153:6:f_BCO_open	72	static
../Recursos/Recursos.c:166:6:f_BCO	56	static
../Recursos/Recursos.c:218:15:f_BCO_Activo	24	static
../Recursos/Recursos.c:222:6:f_BCO_close	16	static
../Recursos/Recursos.c:234:6:f_BOT_open	72	static
../Recursos/Recursos.c:246:6:f_BOT	24	static
../Recursos/Recursos.c:265:6:f_BOT_close	16	static
../Recursos/Recursos.c:274:15:f_BOT_Activo	96	static
../Recursos/Recursos.c:300:6:f_BOP	80	static
../Recursos/Recursos.c:375:6:f_TECLADO_ALFA_Input	136	static
../Recursos/Recursos.c:454:6:f_TECLADO_ALFA_open	56	static
../Recursos/Recursos.c:474:6:f_TECLADO_ALFA_fondo	80	static
../Recursos/Recursos.c:502:6:f_PIC_open	72	static
../Recursos/Recursos.c:511:6:f_PIC_close	16	static
../Recursos/Recursos.c:519:6:f_PIC	1880	static
../Recursos/Recursos.c:588:6:BCO	56	static
../Recursos/Recursos.c:639:15:BCO_Activo	32	static
../Recursos/Recursos.c:672:6:BOT	24	static
../Recursos/Recursos.c:695:6:CHECK_CIRC	32	static
../Recursos/Recursos.c:716:15:CHECK_CIRC_Activo	16	static
../Recursos/Recursos.c:737:15:BOW_PX	32	static
../Recursos/Recursos.c:747:6:BOW	56	static
../Recursos/Recursos.c:816:9:SPI_TransmitReceive	16	static
../Recursos/Recursos.c:824:6:SPI_TxByte	16	static
../Recursos/Recursos.c:829:9:SPI_RxByte	16	static
../Recursos/Recursos.c:834:6:SPI_RxBytePtr	16	static
../Recursos/Recursos.c:881:6:PIC	1120	static
../Recursos/Recursos.c:969:6:f_BMP	2432	static
../Recursos/Recursos.c:1039:6:FillReg	696	static
../Recursos/Recursos.c:1077:6:PrintCentrado	40	static
../Recursos/Recursos.c:1087:6:FondoCartel	24	static
../Recursos/Recursos.c:1092:6:AtencionTecladoNumerico	4	static
../Recursos/Recursos.c:1096:6:Encabezamiento3	32	static
../Recursos/Recursos.c:1102:6:GraficarPWM	4	static
../Recursos/Recursos.c:1106:6:GraficarOSC	544	static
../Recursos/Recursos.c:1174:6:DPM	24	static
../Recursos/Recursos.c:1210:6:Fondo	4	static
../Recursos/Recursos.c:1214:6:FondoAzul	16	static
../Recursos/Recursos.c:1218:6:FondoBlanco	16	static
../Recursos/Recursos.c:1222:6:FondoTeclas	16	static
../Recursos/Recursos.c:1226:6:FondoCompletoAzul	16	static
../Recursos/Recursos.c:1231:6:DibujarTeclasFlechas	24	static
../Recursos/Recursos.c:1258:6:Graficar	24	static
../Recursos/Recursos.c:1265:6:DPMChico	48	static
../Recursos/Recursos.c:1286:6:StaticBox	48	static
../Recursos/Recursos.c:1301:6:StaticBox2	48	static
../Recursos/Recursos.c:1314:16:StaticBox2_Activo	24	static
../Recursos/Recursos.c:1333:16:Zona_Activo	24	static
../Recursos/Recursos.c:1344:16:BOW_Activo	24	static
../Recursos/Recursos.c:1354:16:BOR_Activo	24	static
../Recursos/Recursos.c:1359:16:BOT_Activo	32	static
../Recursos/Recursos.c:1372:16:BTT_Activo	24	static
../Recursos/Recursos.c:1396:6:PEL	32	static
../Recursos/Recursos.c:1415:6:CalcularMyB	4	static
../Recursos/Recursos.c:1427:15:LeerSDAbs	16	static
../Recursos/Recursos.c:1436:15:LeerSDRel	8	static
../Recursos/Recursos.c:1443:15:readSD1	32	static
../Recursos/Recursos.c:1483:7:clmt_clustSD	32	static
../Recursos/Recursos.c:1525:15:ReconocerString	32	static
../Recursos/Recursos.c:1539:15:ReconocerInt	32	static
../Recursos/Recursos.c:1593:15:ReconocerFnInt	40	static
../Recursos/Recursos.c:1684:15:ResolverInt	32	static
../Recursos/Recursos.c:1710:8:ReconocerDouble	56	static
../Recursos/Recursos.c:1775:8:ReconocerFnDouble	64	static
../Recursos/Recursos.c:1863:8:ResolverDouble	40	static
../Recursos/Recursos.c:1885:15:TextOut	32	static
../Recursos/Recursos.c:1891:15:Display	64	static
../Recursos/Recursos.c:2093:6:BusquedaStr	32	static
../Recursos/Recursos.c:2117:15:LeerFlashAbs	16	static
../Recursos/Recursos.c:2124:15:LeerFlashRel	16	static
../Recursos/Recursos.c:2130:15:Vin2Res	24	static
../Recursos/Recursos.c:2137:15:Ajustar	24	static
../Recursos/Recursos.c:2142:6:Presentacion	16	static
../Recursos/Recursos.c:2147:6:MenuSet	32	static
../Recursos/Recursos.c:2158:6:MenuPrint	24	static
../Recursos/Recursos.c:2171:6:MenuAtencion	24	static
../Recursos/Recursos.c:2202:6:ChicharraError	4	static
../Recursos/Recursos.c:2206:14:MedirVerde	4	static
../Recursos/Recursos.c:2210:14:MedirBlanco	4	static
../Recursos/Recursos.c:2214:14:MedirCorriente	4	static
