../Recursos/Recursos.c:104:6:f_PEL_open	96	static
../Recursos/Recursos.c:136:6:f_PEL_close	24	static
../Recursos/Recursos.c:153:6:f_BCO_open	72	static
../Recursos/Recursos.c:234:6:f_BOT_open	72	static
../Recursos/Recursos.c:265:6:f_BOT_close	16	static
../Recursos/Recursos.c:222:6:f_BCO_close	0	static
../Recursos/Recursos.c:274:15:f_BOT_Activo	80	static
../Recursos/Recursos.c:502:6:f_PIC_open	16	static
../Recursos/Recursos.c:511:6:f_PIC_close	16	static
../Recursos/Recursos.c:519:6:f_PIC	1848	static
../Recursos/Recursos.c:119:6:f_PEL	8	static
../Recursos/Recursos.c:246:6:f_BOT	24	static
../Recursos/Recursos.c:474:6:f_TECLADO_ALFA_fondo	88	static
../Recursos/Recursos.c:454:6:f_TECLADO_ALFA_open	8	static
../Recursos/Recursos.c:375:6:f_TECLADO_ALFA_Input	152	static
../Recursos/Recursos.c:639:15:BCO_Activo	20	static
../Recursos/Recursos.c:218:15:f_BCO_Activo	0	static
../Recursos/Recursos.c:695:6:CHECK_CIRC	40	static
../Recursos/Recursos.c:716:15:CHECK_CIRC_Activo	8	static
../Recursos/Recursos.c:816:9:SPI_TransmitReceive	0	static
../Recursos/Recursos.c:824:6:SPI_TxByte	0	static
../Recursos/Recursos.c:829:9:SPI_RxByte	0	static
../Recursos/Recursos.c:834:6:SPI_RxBytePtr	8	static
../Recursos/Recursos.c:969:6:f_BMP	2400	static
../Recursos/Recursos.c:1039:6:FillReg	664	static
../Recursos/Recursos.c:166:6:f_BCO	40	static
../Recursos/Recursos.c:300:6:f_BOP	120	static
../Recursos/Recursos.c:747:6:BOW	72	static
../Recursos/Recursos.c:1077:6:PrintCentrado	40	static
../Recursos/Recursos.c:1087:6:FondoCartel	24	static
../Recursos/Recursos.c:1092:6:AtencionTecladoNumerico	0	static
../Recursos/Recursos.c:1096:6:Encabezamiento3	24	static
../Recursos/Recursos.c:1102:6:GraficarPWM	0	static
../Recursos/Recursos.c:1106:6:GraficarOSC	544	static
../Recursos/Recursos.c:1174:6:DPM	0	static
../Recursos/Recursos.c:1210:6:Fondo	0	static
../Recursos/Recursos.c:1214:6:FondoAzul	16	static
../Recursos/Recursos.c:1218:6:FondoBlanco	16	static
../Recursos/Recursos.c:1222:6:FondoTeclas	16	static
../Recursos/Recursos.c:1226:6:FondoCompletoAzul	16	static
../Recursos/Recursos.c:1231:6:DibujarTeclasFlechas	32	static
../Recursos/Recursos.c:1258:6:Graficar	24	static
../Recursos/Recursos.c:1265:6:DPMChico	40	static
../Recursos/Recursos.c:1286:6:StaticBox	40	static
../Recursos/Recursos.c:1314:16:StaticBox2_Activo	12	static
../Recursos/Recursos.c:1333:16:Zona_Activo	8	static
../Recursos/Recursos.c:1344:16:BOW_Activo	8	static
../Recursos/Recursos.c:737:15:BOW_PX	32	static
../Recursos/Recursos.c:1354:16:BOR_Activo	0	static
../Recursos/Recursos.c:1359:16:BOT_Activo	12	static
../Recursos/Recursos.c:1372:16:BTT_Activo	12	static
../Recursos/Recursos.c:1396:6:PEL	4	static
../Recursos/Recursos.c:1415:6:CalcularMyB	0	static
../Recursos/Recursos.c:1483:7:clmt_clustSD	0	static
../Recursos/Recursos.c:1443:15:readSD1	16	static
../Recursos/Recursos.c:1427:15:LeerSDAbs	16	static
../Recursos/Recursos.c:1436:15:LeerSDRel	8	static
../Recursos/Recursos.c:1525:15:ReconocerString	24	static
../Recursos/Recursos.c:1539:15:ReconocerInt	24	static
../Recursos/Recursos.c:1684:15:ResolverInt	24	static
../Recursos/Recursos.c:1593:15:ReconocerFnInt	24	static
../Recursos/Recursos.c:1710:8:ReconocerDouble	40	static
../Recursos/Recursos.c:1863:8:ResolverDouble	40	static
../Recursos/Recursos.c:1775:8:ReconocerFnDouble	32	static
../Recursos/Recursos.c:1885:15:TextOut	16	static
../Recursos/Recursos.c:1891:15:Display	48	static
../Recursos/Recursos.c:2093:6:BusquedaStr	24	static
../Recursos/Recursos.c:2117:15:LeerFlashAbs	0	static
../Recursos/Recursos.c:2124:15:LeerFlashRel	0	static
../Recursos/Recursos.c:881:6:PIC	1080	static
../Recursos/Recursos.c:588:6:BCO	48	static
../Recursos/Recursos.c:672:6:BOT.part.0	16	static
../Recursos/Recursos.c:672:6:BOT	4	static
../Recursos/Recursos.c:1301:6:StaticBox2	48	static
../Recursos/Recursos.c:2130:15:Vin2Res	0	static
../Recursos/Recursos.c:2137:15:Ajustar	0	static
../Recursos/Recursos.c:2142:6:Presentacion	0	static
../Recursos/Recursos.c:2147:6:MenuSet	24	static
../Recursos/Recursos.c:2158:6:MenuPrint	32	static
../Recursos/Recursos.c:2171:6:MenuAtencion	48	static
../Recursos/Recursos.c:2202:6:ChicharraError	0	static
../Recursos/Recursos.c:2206:14:MedirVerde	0	static
../Recursos/Recursos.c:2210:14:MedirBlanco	0	static
../Recursos/Recursos.c:2214:14:MedirCorriente	0	static
