../Core/Src/stm32f3xx_hal_msp.c:78:6:HAL_MspInit	8	static
../Core/Src/stm32f3xx_hal_msp.c:105:6:HAL_ADC_MspInit	72	static
../Core/Src/stm32f3xx_hal_msp.c:281:6:HAL_ADC_MspDeInit	8	static
../Core/Src/stm32f3xx_hal_msp.c:380:6:HAL_DAC_MspInit	48	static
../Core/Src/stm32f3xx_hal_msp.c:432:6:HAL_DAC_MspDeInit	8	static
../Core/Src/stm32f3xx_hal_msp.c:462:6:HAL_SPI_MspInit	40	static
../Core/Src/stm32f3xx_hal_msp.c:499:6:HAL_SPI_MspDeInit	0	static
../Core/Src/stm32f3xx_hal_msp.c:529:6:HAL_TIM_Base_MspInit	40	static
../Core/Src/stm32f3xx_hal_msp.c:616:6:HAL_TIM_MspPostInit	56	static
../Core/Src/stm32f3xx_hal_msp.c:723:6:HAL_TIM_Base_MspDeInit	0	static
../Core/Src/stm32f3xx_hal_msp.c:801:6:HAL_UART_MspInit	40	static
../Core/Src/stm32f3xx_hal_msp.c:837:6:HAL_UART_MspDeInit	0	static
