../Core/Src/stm32f3xx_it.c:58:6:SDTimer_Handler	0	static
../Core/Src/stm32f3xx_it.c:89:6:NMI_Handler	0	static
../Core/Src/stm32f3xx_it.c:102:6:HardFault_Handler	0	static
../Core/Src/stm32f3xx_it.c:117:6:MemManage_Handler	0	static
../Core/Src/stm32f3xx_it.c:132:6:BusFault_Handler	0	static
../Core/Src/stm32f3xx_it.c:147:6:UsageFault_Handler	0	static
../Core/Src/stm32f3xx_it.c:162:6:SVC_Handler	0	static
../Core/Src/stm32f3xx_it.c:175:6:DebugMon_Handler	0	static
../Core/Src/stm32f3xx_it.c:188:6:PendSV_Handler	0	static
../Core/Src/stm32f3xx_it.c:201:6:SysTick_Handler	8	static
../Core/Src/stm32f3xx_it.c:227:6:DMA1_Channel1_IRQHandler	0	static
../Core/Src/stm32f3xx_it.c:241:6:DMA1_Channel3_IRQHandler	0	static
../Core/Src/stm32f3xx_it.c:255:6:DMA1_Channel5_IRQHandler	0	static
../Core/Src/stm32f3xx_it.c:269:6:TIM1_UP_TIM16_IRQHandler	0	static
../Core/Src/stm32f3xx_it.c:283:6:TIM3_IRQHandler	0	static
../Core/Src/stm32f3xx_it.c:297:6:TIM7_IRQHandler	0	static
../Core/Src/stm32f3xx_it.c:311:6:DMA2_Channel1_IRQHandler	0	static
../Core/Src/stm32f3xx_it.c:325:6:DMA2_Channel2_IRQHandler	0	static
../Core/Src/stm32f3xx_it.c:339:6:DMA2_Channel5_IRQHandler	0	static
../Core/Src/stm32f3xx_it.c:353:6:USB_LP_IRQHandler	0	static
