Archive member included to satisfy reference by file (symbol)

C:/ST/STM32CubeIDE_1.14.0/STM32CubeIDE/plugins/com.st.stm32cube.ide.mcu.externaltools.gnu-tools-for-stm32.11.3.rel1.win32_1.1.100.202309141235/tools/bin/../lib/gcc/arm-none-eabi/11.3.1/../../../../arm-none-eabi/lib/thumb/v7e-m+fp/hard\libc_nano.a(libc_a-exit.o)
                              C:/ST/STM32CubeIDE_1.14.0/STM32CubeIDE/plugins/com.st.stm32cube.ide.mcu.externaltools.gnu-tools-for-stm32.11.3.rel1.win32_1.1.100.202309141235/tools/bin/../lib/gcc/arm-none-eabi/11.3.1/../../../../arm-none-eabi/lib/thumb/v7e-m+fp/hard/crt0.o (exit)
C:/ST/STM32CubeIDE_1.14.0/STM32CubeIDE/plugins/com.st.stm32cube.ide.mcu.externaltools.gnu-tools-for-stm32.11.3.rel1.win32_1.1.100.202309141235/tools/bin/../lib/gcc/arm-none-eabi/11.3.1/../../../../arm-none-eabi/lib/thumb/v7e-m+fp/hard\libc_nano.a(libc_a-findfp.o)
                              C:/ST/STM32CubeIDE_1.14.0/STM32CubeIDE/plugins/com.st.stm32cube.ide.mcu.externaltools.gnu-tools-for-stm32.11.3.rel1.win32_1.1.100.202309141235/tools/bin/../lib/gcc/arm-none-eabi/11.3.1/../../../../arm-none-eabi/lib/thumb/v7e-m+fp/hard\libc_nano.a(libc_a-exit.o) (__stdio_exit_handler)
C:/ST/STM32CubeIDE_1.14.0/STM32CubeIDE/plugins/com.st.stm32cube.ide.mcu.externaltools.gnu-tools-for-stm32.11.3.rel1.win32_1.1.100.202309141235/tools/bin/../lib/gcc/arm-none-eabi/11.3.1/../../../../arm-none-eabi/lib/thumb/v7e-m+fp/hard\libc_nano.a(libc_a-fwalk.o)
                              C:/ST/STM32CubeIDE_1.14.0/STM32CubeIDE/plugins/com.st.stm32cube.ide.mcu.externaltools.gnu-tools-for-stm32.11.3.rel1.win32_1.1.100.202309141235/tools/bin/../lib/gcc/arm-none-eabi/11.3.1/../../../../arm-none-eabi/lib/thumb/v7e-m+fp/hard\libc_nano.a(libc_a-findfp.o) (_fwalk_sglue)
C:/ST/STM32CubeIDE_1.14.0/STM32CubeIDE/plugins/com.st.stm32cube.ide.mcu.externaltools.gnu-tools-for-stm32.11.3.rel1.win32_1.1.100.202309141235/tools/bin/../lib/gcc/arm-none-eabi/11.3.1/../../../../arm-none-eabi/lib/thumb/v7e-m+fp/hard\libc_nano.a(libc_a-sprintf.o)
                              ./App/Aplicacion.o (sprintf)
C:/ST/STM32CubeIDE_1.14.0/STM32CubeIDE/plugins/com.st.stm32cube.ide.mcu.externaltools.gnu-tools-for-stm32.11.3.rel1.win32_1.1.100.202309141235/tools/bin/../lib/gcc/arm-none-eabi/11.3.1/../../../../arm-none-eabi/lib/thumb/v7e-m+fp/hard\libc_nano.a(libc_a-stdio.o)
                              C:/ST/STM32CubeIDE_1.14.0/STM32CubeIDE/plugins/com.st.stm32cube.ide.mcu.externaltools.gnu-tools-for-stm32.11.3.rel1.win32_1.1.100.202309141235/tools/bin/../lib/gcc/arm-none-eabi/11.3.1/../../../../arm-none-eabi/lib/thumb/v7e-m+fp/hard\libc_nano.a(libc_a-findfp.o) (__sread)
C:/ST/STM32CubeIDE_1.14.0/STM32CubeIDE/plugins/com.st.stm32cube.ide.mcu.externaltools.gnu-tools-for-stm32.11.3.rel1.win32_1.1.100.202309141235/tools/bin/../lib/gcc/arm-none-eabi/11.3.1/../../../../arm-none-eabi/lib/thumb/v7e-m+fp/hard\libc_nano.a(libc_a-memset.o)
                              C:/ST/STM32CubeIDE_1.14.0/STM32CubeIDE/plugins/com.st.stm32cube.ide.mcu.externaltools.gnu-tools-for-stm32.11.3.rel1.win32_1.1.100.202309141235/tools/bin/../lib/gcc/arm-none-eabi/11.3.1/../../../../arm-none-eabi/lib/thumb/v7e-m+fp/hard/crt0.o (memset)
C:/ST/STM32CubeIDE_1.14.0/STM32CubeIDE/plugins/com.st.stm32cube.ide.mcu.externaltools.gnu-tools-for-stm32.11.3.rel1.win32_1.1.100.202309141235/tools/bin/../lib/gcc/arm-none-eabi/11.3.1/../../../../arm-none-eabi/lib/thumb/v7e-m+fp/hard\libc_nano.a(libc_a-closer.o)
                              C:/ST/STM32CubeIDE_1.14.0/STM32CubeIDE/plugins/com.st.stm32cube.ide.mcu.externaltools.gnu-tools-for-stm32.11.3.rel1.win32_1.1.100.202309141235/tools/bin/../lib/gcc/arm-none-eabi/11.3.1/../../../../arm-none-eabi/lib/thumb/v7e-m+fp/hard\libc_nano.a(libc_a-stdio.o) (_close_r)
C:/ST/STM32CubeIDE_1.14.0/STM32CubeIDE/plugins/com.st.stm32cube.ide.mcu.externaltools.gnu-tools-for-stm32.11.3.rel1.win32_1.1.100.202309141235/tools/bin/../lib/gcc/arm-none-eabi/11.3.1/../../../../arm-none-eabi/lib/thumb/v7e-m+fp/hard\libc_nano.a(libc_a-reent.o)
                              C:/ST/STM32CubeIDE_1.14.0/STM32CubeIDE/plugins/com.st.stm32cube.ide.mcu.externaltools.gnu-tools-for-stm32.11.3.rel1.win32_1.1.100.202309141235/tools/bin/../lib/gcc/arm-none-eabi/11.3.1/../../../../arm-none-eabi/lib/thumb/v7e-m+fp/hard\libc_nano.a(libc_a-closer.o) (errno)
C:/ST/STM32CubeIDE_1.14.0/STM32CubeIDE/plugins/com.st.stm32cube.ide.mcu.externaltools.gnu-tools-for-stm32.11.3.rel1.win32_1.1.100.202309141235/tools/bin/../lib/gcc/arm-none-eabi/11.3.1/../../../../arm-none-eabi/lib/thumb/v7e-m+fp/hard\libc_nano.a(libc_a-impure.o)
                              C:/ST/STM32CubeIDE_1.14.0/STM32CubeIDE/plugins/com.st.stm32cube.ide.mcu.externaltools.gnu-tools-for-stm32.11.3.rel1.win32_1.1.100.202309141235/tools/bin/../lib/gcc/arm-none-eabi/11.3.1/../../../../arm-none-eabi/lib/thumb/v7e-m+fp/hard\libc_nano.a(libc_a-sprintf.o) (_impure_ptr)
[...]
Memory Configuration

Name             Origin             Length             Attributes
CCMRAM           0x0000000010000000 0x0000000000004000 xrw
RAM              0x0000000020000000 0x0000000000010000 xrw
FLASH            0x0000000008000000 0x0000000000080000 xr
*default*        0x0000000000000000 0xffffffffffffffff

Linker script and memory map

LOAD C:/ST/STM32CubeIDE_1.14.0/STM32CubeIDE/plugins/com.st.stm32cube.ide.mcu.externaltools.gnu-tools-for-stm32.11.3.rel1.win32_1.1.100.202309141235/tools/bin/../lib/gcc/arm-none-eabi/11.3.1/thumb/v7e-m+fp/hard/crti.o
LOAD C:/ST/STM32CubeIDE_1.14.0/STM32CubeIDE/plugins/com.st.stm32cube.ide.mcu.externaltools.gnu-tools-for-stm32.11.3.rel1.win32_1.1.100.202309141235/tools/bin/../lib/gcc/arm-none-eabi/11.3.1/thumb/v7e-m+fp/hard/crtbegin.o
LOAD C:/ST/STM32CubeIDE_1.14.0/STM32CubeIDE/plugins/com.st.stm32cube.ide.mcu.externaltools.gnu-tools-for-stm32.11.3.rel1.win32_1.1.100.202309141235/tools/bin/../lib/gcc/arm-none-eabi/11.3.1/../../../../arm-none-eabi/lib/thumb/v7e-m+fp/hard/crt0.o
LOAD ./App/Aplicacion.o
LOAD ./App/Dab.o
LOAD ./App/Idioma.o
LOAD ./App/Inverter.o
LOAD ./App/Mppt.o
LOAD ./App/OSC.o
LOAD ./App/Panel Tactil.o
LOAD ./Core/Src/main.o
LOAD ./Core/Src/stm32f3xx_hal_msp.o
LOAD ./Core/Src/stm32f3xx_it.o
LOAD ./Core/Src/syscalls.o
LOAD ./Core/Src/sysmem.o
LOAD ./Core/Src/system_stm32f3xx.o
LOAD ./Core/Startup/startup_stm32f303retx.o
LOAD ./Drivers/STM32F3xx_HAL_Driver/Src/stm32f3xx_hal.o
LOAD ./Drivers/STM32F3xx_HAL_Driver/Src/stm32f3xx_hal_adc.o
LOAD ./Drivers/STM32F3xx_HAL_Driver/Src/stm32f3xx_hal_adc_ex.o
LOAD ./Drivers/STM32F3xx_HAL_Driver/Src/stm32f3xx_hal_cortex.o
LOAD ./Drivers/STM32F3xx_HAL_Driver/Src/stm32f3xx_hal_dac.o
LOAD ./Drivers/STM32F3xx_HAL_Driver/Src/stm32f3xx_hal_dac_ex.o
LOAD ./Drivers/STM32F3xx_HAL_Driver/Src/stm32f3xx_hal_dma.o
LOAD ./Drivers/STM32F3xx_HAL_Driver/Src/stm32f3xx_hal_exti.o
LOAD ./Drivers/STM32F3xx_HAL_Driver/Src/stm32f3xx_hal_flash.o
LOAD ./Drivers/STM32F3xx_HAL_Driver/Src/stm32f3xx_hal_flash_ex.o
LOAD ./Drivers/STM32F3xx_HAL_Driver/Src/stm32f3xx_hal_gpio.o
LOAD ./Drivers/STM32F3xx_HAL_Driver/Src/stm32f3xx_hal_i2c.o
LOAD ./Drivers/STM32F3xx_HAL_Driver/Src/stm32f3xx_hal_i2c_ex.o
LOAD ./Drivers/STM32F3xx_HAL_Driver/Src/stm32f3xx_hal_pcd.o
LOAD ./Drivers/STM32F3xx_HAL_Driver/Src/stm32f3xx_hal_pcd_ex.o
LOAD ./Drivers/STM32F3xx_HAL_Driver/Src/stm32f3xx_hal_pwr.o
LOAD ./Drivers/STM32F3xx_HAL_Driver/Src/stm32f3xx_hal_pwr_ex.o
LOAD ./Drivers/STM32F3xx_HAL_Driver/Src/stm32f3xx_hal_rcc.o
LOAD ./Drivers/STM32F3xx_HAL_Driver/Src/stm32f3xx_hal_rcc_ex.o
LOAD ./Drivers/STM32F3xx_HAL_Driver/Src/stm32f3xx_hal_spi.o
LOAD ./Drivers/STM32F3xx_HAL_Driver/Src/stm32f3xx_hal_spi_ex.o
LOAD ./Drivers/STM32F3xx_HAL_Driver/Src/stm32f3xx_hal_tim.o
LOAD ./Drivers/STM32F3xx_HAL_Driver/Src/stm32f3xx_hal_tim_ex.o
LOAD ./Drivers/STM32F3xx_HAL_Driver/Src/stm32f3xx_hal_uart.o
LOAD ./Drivers/STM32F3xx_HAL_Driver/Src/stm32f3xx_hal_uart_ex.o
LOAD ./Drivers/STM32F3xx_HAL_Driver/Src/stm32f3xx_ll_usb.o
LOAD ./FATFS/App/fatfs.o
LOAD ./FATFS/Target/fatfs_sd.o
LOAD ./FATFS/Target/user_diskio.o
LOAD ./FATFS/Target/user_diskio_spi.o
LOAD ./ILI9341/ILI9341_Driver.o
LOAD ./Memoria/Memoria.o
LOAD ./Middlewares/ST/STM32_USB_Device_Library/Class/CDC/Src/usbd_cdc.o
LOAD ./Middlewares/ST/STM32_USB_Device_Library/Core/Src/usbd_core.o
LOAD ./Middlewares/ST/STM32_USB_Device_Library/Core/Src/usbd_ctlreq.o
LOAD ./Middlewares/ST/STM32_USB_Device_Library/Core/Src/usbd_ioreq.o
LOAD ./Middlewares/Third_Party/FatFs/src/diskio.o
LOAD ./Middlewares/Third_Party/FatFs/src/ff.o
LOAD ./Middlewares/Third_Party/FatFs/src/ff_gen_drv.o
LOAD ./Middlewares/Third_Party/FatFs/src/option/ccsbcs.o
LOAD ./Middlewares/Third_Party/FatFs/src/option/syscall.o
LOAD ./Recursos/Recursos.o
LOAD ./Touch/XPT2046_touch.o
LOAD ./USB_DEVICE/App/usb_device.o
LOAD ./USB_DEVICE/App/usbd_cdc_if.o
LOAD ./USB_DEVICE/App/usbd_desc.o
LOAD ./USB_DEVICE/Target/usbd_conf.o
START GROUP
LOAD C:/ST/STM32CubeIDE_1.14.0/STM32CubeIDE/plugins/com.st.stm32cube.ide.mcu.externaltools.gnu-tools-for-stm32.11.3.rel1.win32_1.1.100.202309141235/tools/bin/../lib/gcc/arm-none-eabi/11.3.1/../../../../arm-none-eabi/lib/thumb/v7e-m+fp/hard\libc_nano.a
LOAD C:/ST/STM32CubeIDE_1.14.0/STM32CubeIDE/plugins/com.st.stm32cube.ide.mcu.externaltools.gnu-tools-for-stm32.11.3.rel1.win32_1.1.100.202309141235/tools/bin/../lib/gcc/arm-none-eabi/11.3.1/../../../../arm-none-eabi/lib/thumb/v7e-m+fp/hard\libm.a
END GROUP
START GROUP
LOAD C:/ST/STM32CubeIDE_1.14.0/STM32CubeIDE/plugins/com.st.stm32cube.ide.mcu.externaltools.gnu-tools-for-stm32.11.3.rel1.win32_1.1.100.202309141235/tools/bin/../lib/gcc/arm-none-eabi/11.3.1/thumb/v7e-m+fp/hard\libgcc.a
LOAD C:/ST/STM32CubeIDE_1.14.0/STM32CubeIDE/plugins/com.st.stm32cube.ide.mcu.externaltools.gnu-tools-for-stm32.11.3.rel1.win32_1.1.100.202309141235/tools/bin/../lib/gcc/arm-none-eabi/11.3.1/../../../../arm-none-eabi/lib/thumb/v7e-m+fp/hard\libc_nano.a
END GROUP
START GROUP
LOAD C:/ST/STM32CubeIDE_1.14.0/STM32CubeIDE/plugins/com.st.stm32cube.ide.mcu.externaltools.gnu-tools-for-stm32.11.3.rel1.win32_1.1.100.202309141235/tools/bin/../lib/gcc/arm-none-eabi/11.3.1/thumb/v7e-m+fp/hard\libgcc.a
LOAD C:/ST/STM32CubeIDE_1.14.0/STM32CubeIDE/plugins/com.st.stm32cube.ide.mcu.externaltools.gnu-tools-for-stm32.11.3.rel1.win32_1.1.100.202309141235/tools/bin/../lib/gcc/arm-none-eabi/11.3.1/../../../../arm-none-eabi/lib/thumb/v7e-m+fp/hard\libc_nano.a
LOAD C:/ST/STM32CubeIDE_1.14.0/STM32CubeIDE/plugins/com.st.stm32cube.ide.mcu.externaltools.gnu-tools-for-stm32.11.3.rel1.win32_1.1.100.202309141235/tools/bin/../lib/gcc/arm-none-eabi/11.3.1/../../../../arm-none-eabi/lib/thumb/v7e-m+fp/hard\libnosys.a
END GROUP
START GROUP
LOAD C:/ST/STM32CubeIDE_1.14.0/STM32CubeIDE/plugins/com.st.stm32cube.ide.mcu.externaltools.gnu-tools-for-stm32.11.3.rel1.win32_1.1.100.202309141235/tools/bin/../lib/gcc/arm-none-eabi/11.3.1/thumb/v7e-m+fp/hard\libgcc.a
LOAD C:/ST/STM32CubeIDE_1.14.0/STM32CubeIDE/plugins/com.st.stm32cube.ide.mcu.externaltools.gnu-tools-for-stm32.11.3.rel1.win32_1.1.100.202309141235/tools/bin/../lib/gcc/arm-none-eabi/11.3.1/../../../../arm-none-eabi/lib/thumb/v7e-m+fp/hard\libc_nano.a
LOAD C:/ST/STM32CubeIDE_1.14.0/STM32CubeIDE/plugins/com.st.stm32cube.ide.mcu.externaltools.gnu-tools-for-stm32.11.3.rel1.win32_1.1.100.202309141235/tools/bin/../lib/gcc/arm-none-eabi/11.3.1/../../../../arm-none-eabi/lib/thumb/v7e-m+fp/hard\libnosys.a
END GROUP
LOAD C:/ST/STM32CubeIDE_1.14.0/STM32CubeIDE/plugins/com.st.stm32cube.ide.mcu.externaltools.gnu-tools-for-stm32.11.3.rel1.win32_1.1.100.202309141235/tools/bin/../lib/gcc/arm-none-eabi/11.3.1/thumb/v7e-m+fp/hard/crtend.o
LOAD C:/ST/STM32CubeIDE_1.14.0/STM32CubeIDE/plugins/com.st.stm32cube.ide.mcu.externaltools.gnu-tools-for-stm32.11.3.rel1.win32_1.1.100.202309141235/tools/bin/../lib/gcc/arm-none-eabi/11.3.1/thumb/v7e-m+fp/hard/crtn.o
                0x0000000020010000                _estack = (ORIGIN (RAM) + LENGTH (RAM))
                0x0000000000000200                _Min_Heap_Size = 0x200
                0x0000000000000400                _Min_Stack_Size = 0x400

.isr_vector     0x0000000008000000      0x194
                0x0000000008000000                . = ALIGN (0x4)
 *(.isr_vector)
 .isr_vector    0x0000000008000000      0x194 ./Core/Startup/startup_stm32f303retx.o
                0x0000000008000000                g_pfnVectors
                0x0000000008000194                . = ALIGN (0x4)

.text           0x00000000080001a0     0xeb58
                0x00000000080001a0                . = ALIGN (0x4)
 *(.text)
 .text          0x00000000080001a0       0x40 C:/ST/STM32CubeIDE_1.14.0/STM32CubeIDE/plugins/com.st.stm32cube.ide.mcu.externaltools.gnu-tools-for-stm32.11.3.rel1.win32_1.1.100.202309141235/tools/bin/../lib/gcc/arm-none-eabi/11.3.1/thumb/v7e-m+fp/hard/crtbegin.o
 .text          0x00000000080001e0       0x10 C:/ST/STM32CubeIDE_1.14.0/STM32CubeIDE/plugins/com.st.stm32cube.ide.mcu.externaltools.gnu-tools-for-stm32.11.3.rel1.win32_1.1.100.202309141235/tools/bin/../lib/gcc/arm-none-eabi/11.3.1/../../../../arm-none-eabi/lib/thumb/v7e-m+fp/hard\libc_nano.a(libc_a-strlen.o)
                0x00000000080001e0                strlen
 .text          0x00000000080001f0       0xa0 C:/ST/STM32CubeIDE_1.14.0/STM32CubeIDE/plugins/com.st.stm32cube.ide.mcu.externaltools.gnu-tools-for-stm32.11.3.rel1.win32_1.1.100.202309141235/tools/bin/../lib/gcc/arm-none-eabi/11.3.1/../../../../arm-none-eabi/lib/thumb/v7e-m+fp/hard\libc_nano.a(libc_a-memchr.o)
                0x00000000080001f0                memchr
 .text          0x0000000008000290      0x378 C:/ST/STM32CubeIDE_1.14.0/STM32CubeIDE/plugins/com.st.stm32cube.ide.mcu.externaltools.gnu-tools-for-stm32.11.3.rel1.win32_1.1.100.202309141235/tools/bin/../lib/gcc/arm-none-eabi/11.3.1/thumb/v7e-m+fp/hard\libgcc.a(_arm_addsubdf3.o)
                0x0000000008000290                __aeabi_drsub
                0x0000000008000298                __aeabi_dsub
                0x0000000008000298                __subdf3
                0x000000000800029c                __aeabi_dadd
                0x000000000800029c                __adddf3
                0x0000000008000514                __floatunsidf
                0x0000000008000514                __aeabi_ui2d
                0x0000000008000534                __floatsidf
                0x0000000008000534                __aeabi_i2d
                0x0000000008000558                __aeabi_f2d
                0x0000000008000558                __extendsfdf2
                0x000000000800059c                __floatundidf
                0x000000000800059c                __aeabi_ul2d
                0x00000000080005ac                __floatdidf
                0x00000000080005ac                __aeabi_l2d
 .text          0x0000000008000608      0x424 C:/ST/STM32CubeIDE_1.14.0/STM32CubeIDE/plugins/com.st.stm32cube.ide.mcu.externaltools.gnu-tools-for-stm32.11.3.rel1.win32_1.1.100.202309141235/tools/bin/../lib/gcc/arm-none-eabi/11.3.1/thumb/v7e-m+fp/hard\libgcc.a(_arm_muldivdf3.o)
                0x0000000008000608                __aeabi_dmul
                0x0000000008000608                __muldf3
                0x000000000800085c                __divdf3
                0x000000000800085c                __aeabi_ddiv
 .text          0x0000000008000a2c      0x110 C:/ST/STM32CubeIDE_1.14.0/STM32CubeIDE/plugins/com.st.stm32cube.ide.mcu.externaltools.gnu-tools-for-stm32.11.3.rel1.win32_1.1.100.202309141235/tools/bin/../lib/gcc/arm-none-eabi/11.3.1/thumb/v7e-m+fp/hard\libgcc.a(_arm_cmpdf2.o)
                0x0000000008000a2c                __gtdf2
                0x0000000008000a2c                __gedf2
                0x0000000008000a34                __ltdf2
                0x0000000008000a34                __ledf2
                0x0000000008000a3c                __nedf2
                0x0000000008000a3c                __eqdf2
                0x0000000008000a3c                __cmpdf2
                0x0000000008000ab8                __aeabi_cdrcmple
                0x0000000008000ac8                __aeabi_cdcmpeq
                0x0000000008000ac8                __aeabi_cdcmple
                0x0000000008000ad8                __aeabi_dcmpeq
                0x0000000008000aec                __aeabi_dcmplt
                0x0000000008000b00                __aeabi_dcmple
                0x0000000008000b14                __aeabi_dcmpge
                0x0000000008000b28                __aeabi_dcmpgt
 .text          0x0000000008000b3c       0x50 C:/ST/STM32CubeIDE_1.14.0/STM32CubeIDE/plugins/com.st.stm32cube.ide.mcu.externaltools.gnu-tools-for-stm32.11.3.rel1.win32_1.1.100.202309141235/tools/bin/../lib/gcc/arm-none-eabi/11.3.1/thumb/v7e-m+fp/hard\libgcc.a(_arm_fixdfsi.o)
                0x0000000008000b3c                __aeabi_d2iz
                0x0000000008000b3c                __fixdfsi
 .text          0x0000000008000b8c       0x40 C:/ST/STM32CubeIDE_1.14.0/STM32CubeIDE/plugins/com.st.stm32cube.ide.mcu.externaltools.gnu-tools-for-stm32.11.3.rel1.win32_1.1.100.202309141235/tools/bin/../lib/gcc/arm-none-eabi/11.3.1/thumb/v7e-m+fp/hard\libgcc.a(_arm_fixunsdfsi.o)
                0x0000000008000b8c                __aeabi_d2uiz
                0x0000000008000b8c                __fixunsdfsi
 *(.text*)
 .text.AppInit  0x0000000008000bcc       0x14 ./App/Aplicacion.o
                0x0000000008000bcc                AppInit
 .text.AppLoop  0x0000000008000be0      0xcc0 ./App/Aplicacion.o
                0x0000000008000be0                AppLoop
 .text.TomarCanales
                0x00000000080018a0      0x17c ./App/OSC.o
                0x00000000080018a0                TomarCanales
 .text.SetBT    0x0000000008001a1c      0x1fc ./App/OSC.o
                0x0000000008001a1c                SetBT
 .text.AtencionTecla
                0x0000000008001c18      0x568 ./App/Panel Tactil.o
                0x0000000008001c18                AtencionTecla
 .text.GenOnda  0x0000000008002180       0x80 ./Core/Src/main.o
                0x0000000008002180                GenOnda
 .text.SystemClock_Config
                0x0000000008002200       0x80 ./Core/Src/main.o
                0x0000000008002200                SystemClock_Config
 .text.startup.main
                0x0000000008002280      0x7e4 ./Core/Src/main.o
                0x0000000008002280                main
 .text.HAL_TIM_PeriodElapsedCallback
                0x0000000008002a64       0x28 ./Core/Src/main.o
                0x0000000008002a64                HAL_TIM_PeriodElapsedCallback
 .text.Error_Handler
                0x0000000008002a8c        0x2 ./Core/Src/main.o
                0x0000000008002a8c                Error_Handler
 *fill*         0x0000000008002a8e        0x2 
 .text.HAL_MspInit
                0x0000000008002a90       0x34 ./Core/Src/stm32f3xx_hal_msp.o
                0x0000000008002a90                HAL_MspInit
 .text.HAL_ADC_MspInit
                0x0000000008002ac4      0x1d8 ./Core/Src/stm32f3xx_hal_msp.o
                0x0000000008002ac4                HAL_ADC_MspInit
 .text.HAL_DAC_MspInit
                0x0000000008002c9c       0xa4 ./Core/Src/stm32f3xx_hal_msp.o
                0x0000000008002c9c                HAL_DAC_MspInit
 .text.HAL_SPI_MspInit
                0x0000000008002d40       0x68 ./Core/Src/stm32f3xx_hal_msp.o
                0x0000000008002d40                HAL_SPI_MspInit
 .text.HAL_TIM_Base_MspInit
                0x0000000008002da8      0x11c ./Core/Src/stm32f3xx_hal_msp.o
                0x0000000008002da8                HAL_TIM_Base_MspInit
 .text.HAL_TIM_MspPostInit
                0x0000000008002ec4      0x138 ./Core/Src/stm32f3xx_hal_msp.o
                0x0000000008002ec4                HAL_TIM_MspPostInit
 .text.HAL_UART_MspInit
                0x0000000008002ffc       0x64 ./Core/Src/stm32f3xx_hal_msp.o
                0x0000000008002ffc                HAL_UART_MspInit
 .text.SDTimer_Handler
                0x0000000008003060       0x20 ./Core/Src/stm32f3xx_it.o
                0x0000000008003060                SDTimer_Handler
 .text.NMI_Handler
                0x0000000008003080        0x2 ./Core/Src/stm32f3xx_it.o
                0x0000000008003080                NMI_Handler
 .text.HardFault_Handler
                0x0000000008003082        0x2 ./Core/Src/stm32f3xx_it.o
                0x0000000008003082                HardFault_Handler
 .text.MemManage_Handler
                0x0000000008003084        0x2 ./Core/Src/stm32f3xx_it.o
                0x0000000008003084                MemManage_Handler
 .text.BusFault_Handler
                0x0000000008003086        0x2 ./Core/Src/stm32f3xx_it.o
                0x0000000008003086                BusFault_Handler
 .text.UsageFault_Handler
                0x0000000008003088        0x2 ./Core/Src/stm32f3xx_it.o
                0x0000000008003088                UsageFault_Handler
 .text.SVC_Handler
                0x000000000800308a        0x2 ./Core/Src/stm32f3xx_it.o
                0x000000000800308a                SVC_Handler
 .text.DebugMon_Handler
                0x000000000800308c        0x2 ./Core/Src/stm32f3xx_it.o
                0x000000000800308c                DebugMon_Handler
 .text.PendSV_Handler
                0x000000000800308e        0x2 ./Core/Src/stm32f3xx_it.o
                0x000000000800308e                PendSV_Handler
 .text.SysTick_Handler
                0x0000000008003090       0x28 ./Core/Src/stm32f3xx_it.o
                0x0000000008003090                SysTick_Handler
 .text.DMA1_Channel1_IRQHandler
                0x00000000080030b8        0xc ./Core/Src/stm32f3xx_it.o
                0x00000000080030b8                DMA1_Channel1_IRQHandler
 .text.DMA1_Channel3_IRQHandler
                0x00000000080030c4        0xc ./Core/Src/stm32f3xx_it.o
                0x00000000080030c4                DMA1_Channel3_IRQHandler
 .text.DMA1_Channel5_IRQHandler
                0x00000000080030d0        0xc ./Core/Src/stm32f3xx_it.o
                0x00000000080030d0                DMA1_Channel5_IRQHandler
 .text.TIM1_UP_TIM16_IRQHandler
                0x00000000080030dc        0xc ./Core/Src/stm32f3xx_it.o
                0x00000000080030dc                TIM1_UP_TIM16_IRQHandler
 .text.TIM3_IRQHandler
                0x00000000080030e8        0xc ./Core/Src/stm32f3xx_it.o
                0x00000000080030e8                TIM3_IRQHandler
 .text.TIM7_IRQHandler
                0x00000000080030f4        0xc ./Core/Src/stm32f3xx_it.o
                0x00000000080030f4                TIM7_IRQHandler
 .text.DMA2_Channel1_IRQHandler
                0x0000000008003100        0xc ./Core/Src/stm32f3xx_it.o
                0x0000000008003100                DMA2_Channel1_IRQHandler
 .text.DMA2_Channel2_IRQHandler
                0x000000000800310c        0xc ./Core/Src/stm32f3xx_it.o
                0x000000000800310c                DMA2_Channel2_IRQHandler
 .text.DMA2_Channel5_IRQHandler
                0x0000000008003118        0xc ./Core/Src/stm32f3xx_it.o
                0x0000000008003118                DMA2_Channel5_IRQHandler
 .text.USB_LP_IRQHandler
                0x0000000008003124        0xc ./Core/Src/stm32f3xx_it.o
                0x0000000008003124                USB_LP_IRQHandler
 .text._sbrk    0x0000000008003130       0x34 ./Core/Src/sysmem.o
                0x0000000008003130                _sbrk
 .text.SystemInit
                0x0000000008003164       0x68 ./Core/Src/system_stm32f3xx.o
                0x0000000008003164                SystemInit
 .text.Reset_Handler
                0x00000000080031cc       0x50 ./Core/Startup/startup_stm32f303retx.o
                0x00000000080031cc                Reset_Handler
 .text.Default_Handler
                0x000000000800321c        0x2 ./Core/Startup/startup_stm32f303retx.o
                0x000000000800321c                RTC_Alarm_IRQHandler
                0x000000000800321c                TIM8_TRG_COM_IRQHandler
                0x000000000800321c                TIM8_CC_IRQHandler
                0x000000000800321c                SPI4_IRQHandler
                0x000000000800321c                TIM1_CC_IRQHandler
                0x000000000800321c                USB_HP_IRQHandler
                0x000000000800321c                PVD_IRQHandler
                0x000000000800321c                TAMP_STAMP_IRQHandler
                0x000000000800321c                EXTI3_IRQHandler
                0x000000000800321c                I2C3_ER_IRQHandler
                0x000000000800321c                USB_HP_CAN_TX_IRQHandler
                0x000000000800321c                EXTI0_IRQHandler
                0x000000000800321c                I2C2_EV_IRQHandler
                0x000000000800321c                FPU_IRQHandler
                0x000000000800321c                ADC1_2_IRQHandler
                0x000000000800321c                SPI1_IRQHandler
                0x000000000800321c                CAN_SCE_IRQHandler
                0x000000000800321c                TIM6_DAC_IRQHandler
                0x000000000800321c                TIM8_UP_IRQHandler
                0x000000000800321c                DMA1_Channel4_IRQHandler
                0x000000000800321c                TIM20_TRG_COM_IRQHandler
                0x000000000800321c                USART3_IRQHandler
                0x000000000800321c                DMA1_Channel7_IRQHandler
                0x000000000800321c                UART5_IRQHandler
                0x000000000800321c                ADC3_IRQHandler
                0x000000000800321c                TIM4_IRQHandler
                0x000000000800321c                CAN_RX1_IRQHandler
                0x000000000800321c                I2C1_EV_IRQHandler
                0x000000000800321c                DMA1_Channel6_IRQHandler
                0x000000000800321c                UART4_IRQHandler
                0x000000000800321c                DMA2_Channel4_IRQHandler
                0x000000000800321c                RCC_IRQHandler
                0x000000000800321c                TIM20_UP_IRQHandler
                0x000000000800321c                Default_Handler
                0x000000000800321c                USBWakeUp_RMP_IRQHandler
                0x000000000800321c                EXTI15_10_IRQHandler
                0x000000000800321c                I2C3_EV_IRQHandler
                0x000000000800321c                EXTI9_5_IRQHandler
                0x000000000800321c                RTC_WKUP_IRQHandler
                0x000000000800321c                SPI2_IRQHandler
                0x000000000800321c                USB_LP_CAN_RX0_IRQHandler
                0x000000000800321c                EXTI4_IRQHandler
                0x000000000800321c                TIM1_TRG_COM_TIM17_IRQHandler
                0x000000000800321c                ADC4_IRQHandler
                0x000000000800321c                WWDG_IRQHandler
                0x000000000800321c                TIM2_IRQHandler
                0x000000000800321c                COMP7_IRQHandler
                0x000000000800321c                COMP1_2_3_IRQHandler
                0x000000000800321c                EXTI1_IRQHandler
                0x000000000800321c                USART2_IRQHandler
                0x000000000800321c                COMP4_5_6_IRQHandler
                0x000000000800321c                TIM20_BRK_IRQHandler
                0x000000000800321c                I2C2_ER_IRQHandler
                0x000000000800321c                DMA1_Channel2_IRQHandler
                0x000000000800321c                TIM8_BRK_IRQHandler
                0x000000000800321c                FLASH_IRQHandler
                0x000000000800321c                TIM20_CC_IRQHandler
                0x000000000800321c                USART1_IRQHandler
                0x000000000800321c                SPI3_IRQHandler
                0x000000000800321c                I2C1_ER_IRQHandler
                0x000000000800321c                FMC_IRQHandler
                0x000000000800321c                USBWakeUp_IRQHandler
                0x000000000800321c                DMA2_Channel3_IRQHandler
                0x000000000800321c                EXTI2_TSC_IRQHandler
                0x000000000800321c                TIM1_BRK_TIM15_IRQHandler
 *fill*         0x000000000800321e        0x2 
 .text.HAL_InitTick
                0x0000000008003220       0x48 ./Drivers/STM32F3xx_HAL_Driver/Src/stm32f3xx_hal.o
                0x0000000008003220                HAL_InitTick
 .text.HAL_Init
                0x0000000008003268       0x24 ./Drivers/STM32F3xx_HAL_Driver/Src/stm32f3xx_hal.o
                0x0000000008003268                HAL_Init
 .text.HAL_IncTick
                0x000000000800328c       0x18 ./Drivers/STM32F3xx_HAL_Driver/Src/stm32f3xx_hal.o
                0x000000000800328c                HAL_IncTick
 .text.HAL_GetTick
                0x00000000080032a4        0xc ./Drivers/STM32F3xx_HAL_Driver/Src/stm32f3xx_hal.o
                0x00000000080032a4                HAL_GetTick
 .text.HAL_Delay
                0x00000000080032b0       0x28 ./Drivers/STM32F3xx_HAL_Driver/Src/stm32f3xx_hal.o
                0x00000000080032b0                HAL_Delay
 .text.HAL_ADC_ConvCpltCallback
                0x00000000080032d8        0x2 ./Drivers/STM32F3xx_HAL_Driver/Src/stm32f3xx_hal_adc.o
                0x00000000080032d8                HAL_ADC_ConvCpltCallback
 .text.HAL_ADC_ConvHalfCpltCallback
                0x00000000080032da        0x2 ./Drivers/STM32F3xx_HAL_Driver/Src/stm32f3xx_hal_adc.o
                0x00000000080032da                HAL_ADC_ConvHalfCpltCallback
 .text.HAL_ADC_ErrorCallback
                0x00000000080032dc        0x2 ./Drivers/STM32F3xx_HAL_Driver/Src/stm32f3xx_hal_adc.o
                0x00000000080032dc                HAL_ADC_ErrorCallback
 .text.ADC_Disable
                0x00000000080032de       0x76 ./Drivers/STM32F3xx_HAL_Driver/Src/stm32f3xx_hal_adc_ex.o
 .text.ADC_ConversionStop
                0x0000000008003354       0xb4 ./Drivers/STM32F3xx_HAL_Driver/Src/stm32f3xx_hal_adc_ex.o
 .text.ADC_Enable
                0x0000000008003408       0x64 ./Drivers/STM32F3xx_HAL_Driver/Src/stm32f3xx_hal_adc_ex.o
 .text.ADC_DMAError
                0x000000000800346c       0x16 ./Drivers/STM32F3xx_HAL_Driver/Src/stm32f3xx_hal_adc_ex.o
 .text.ADC_DMAHalfConvCplt
                0x0000000008003482        0x6 ./Drivers/STM32F3xx_HAL_Driver/Src/stm32f3xx_hal_adc_ex.o
 .text.ADC_DMAConvCplt
                0x0000000008003488       0x42 ./Drivers/STM32F3xx_HAL_Driver/Src/stm32f3xx_hal_adc_ex.o
 *fill*         0x00000000080034ca        0x2 
 .text.HAL_ADC_Init
                0x00000000080034cc      0x278 ./Drivers/STM32F3xx_HAL_Driver/Src/stm32f3xx_hal_adc_ex.o
                0x00000000080034cc                HAL_ADC_Init
 .text.HAL_ADC_Start_DMA
                0x0000000008003744      0x154 ./Drivers/STM32F3xx_HAL_Driver/Src/stm32f3xx_hal_adc_ex.o
                0x0000000008003744                HAL_ADC_Start_DMA
 .text.HAL_ADC_Stop_DMA
                0x0000000008003898       0x7c ./Drivers/STM32F3xx_HAL_Driver/Src/stm32f3xx_hal_adc_ex.o
                0x0000000008003898                HAL_ADC_Stop_DMA
 .text.HAL_ADC_ConfigChannel
                0x0000000008003914      0x318 ./Drivers/STM32F3xx_HAL_Driver/Src/stm32f3xx_hal_adc_ex.o
                0x0000000008003914                HAL_ADC_ConfigChannel
 .text.HAL_ADCEx_MultiModeConfigChannel
                0x0000000008003c2c      0x108 ./Drivers/STM32F3xx_HAL_Driver/Src/stm32f3xx_hal_adc_ex.o
                0x0000000008003c2c                HAL_ADCEx_MultiModeConfigChannel
 .text.HAL_NVIC_SetPriorityGrouping
                0x0000000008003d34       0x24 ./Drivers/STM32F3xx_HAL_Driver/Src/stm32f3xx_hal_cortex.o
                0x0000000008003d34                HAL_NVIC_SetPriorityGrouping
 .text.HAL_NVIC_SetPriority
                0x0000000008003d58       0x64 ./Drivers/STM32F3xx_HAL_Driver/Src/stm32f3xx_hal_cortex.o
                0x0000000008003d58                HAL_NVIC_SetPriority
 .text.HAL_NVIC_EnableIRQ
                0x0000000008003dbc       0x1c ./Drivers/STM32F3xx_HAL_Driver/Src/stm32f3xx_hal_cortex.o
                0x0000000008003dbc                HAL_NVIC_EnableIRQ
 .text.HAL_SYSTICK_Config
                0x0000000008003dd8       0x28 ./Drivers/STM32F3xx_HAL_Driver/Src/stm32f3xx_hal_cortex.o
                0x0000000008003dd8                HAL_SYSTICK_Config
 .text.HAL_DAC_Init
                0x0000000008003e00       0x26 ./Drivers/STM32F3xx_HAL_Driver/Src/stm32f3xx_hal_dac.o
                0x0000000008003e00                HAL_DAC_Init
 .text.HAL_DAC_ConvCpltCallbackCh1
                0x0000000008003e26        0x2 ./Drivers/STM32F3xx_HAL_Driver/Src/stm32f3xx_hal_dac.o
                0x0000000008003e26                HAL_DAC_ConvCpltCallbackCh1
 .text.HAL_DAC_ConvHalfCpltCallbackCh1
                0x0000000008003e28        0x2 ./Drivers/STM32F3xx_HAL_Driver/Src/stm32f3xx_hal_dac.o
                0x0000000008003e28                HAL_DAC_ConvHalfCpltCallbackCh1
 .text.HAL_DAC_ErrorCallbackCh1
                0x0000000008003e2a        0x2 ./Drivers/STM32F3xx_HAL_Driver/Src/stm32f3xx_hal_dac.o
                0x0000000008003e2a                HAL_DAC_ErrorCallbackCh1
 .text.DAC_DMAErrorCh1
                0x0000000008003e2c       0x18 ./Drivers/STM32F3xx_HAL_Driver/Src/stm32f3xx_hal_dac_ex.o
 .text.DAC_DMAHalfConvCpltCh1
                0x0000000008003e44        0x6 ./Drivers/STM32F3xx_HAL_Driver/Src/stm32f3xx_hal_dac_ex.o
 .text.DAC_DMAConvCpltCh1
                0x0000000008003e4a       0x10 ./Drivers/STM32F3xx_HAL_Driver/Src/stm32f3xx_hal_dac_ex.o
 *fill*         0x0000000008003e5a        0x2 
 .text.HAL_DAC_Start_DMA
                0x0000000008003e5c       0xd0 ./Drivers/STM32F3xx_HAL_Driver/Src/stm32f3xx_hal_dac_ex.o
                0x0000000008003e5c                HAL_DAC_Start_DMA
 .text.HAL_DAC_ConfigChannel
                0x0000000008003f2c       0x42 ./Drivers/STM32F3xx_HAL_Driver/Src/stm32f3xx_hal_dac_ex.o
                0x0000000008003f2c                HAL_DAC_ConfigChannel
 .text.HAL_DACEx_ConvCpltCallbackCh2
                0x0000000008003f6e        0x2 ./Drivers/STM32F3xx_HAL_Driver/Src/stm32f3xx_hal_dac_ex.o
                0x0000000008003f6e                HAL_DACEx_ConvCpltCallbackCh2
 .text.DAC_DMAConvCpltCh2
                0x0000000008003f70       0x10 ./Drivers/STM32F3xx_HAL_Driver/Src/stm32f3xx_hal_dac_ex.o
 .text.HAL_DACEx_ConvHalfCpltCallbackCh2
                0x0000000008003f80        0x2 ./Drivers/STM32F3xx_HAL_Driver/Src/stm32f3xx_hal_dac_ex.o
                0x0000000008003f80                HAL_DACEx_ConvHalfCpltCallbackCh2
 .text.DAC_DMAHalfConvCpltCh2
                0x0000000008003f82        0xa ./Drivers/STM32F3xx_HAL_Driver/Src/stm32f3xx_hal_dac_ex.o
 .text.HAL_DACEx_ErrorCallbackCh2
                0x0000000008003f8c        0x2 ./Drivers/STM32F3xx_HAL_Driver/Src/stm32f3xx_hal_dac_ex.o
                0x0000000008003f8c                HAL_DACEx_ErrorCallbackCh2
 .text.DAC_DMAErrorCh2
                0x0000000008003f8e       0x18 ./Drivers/STM32F3xx_HAL_Driver/Src/stm32f3xx_hal_dac_ex.o
 *fill*         0x0000000008003fa6        0x2 
 .text.DMA_CalcBaseAndBitshift
                0x0000000008003fa8       0x40 ./Drivers/STM32F3xx_HAL_Driver/Src/stm32f3xx_hal_dma.o
 .text.HAL_DMA_Init
                0x0000000008003fe8       0x44 ./Drivers/STM32F3xx_HAL_Driver/Src/stm32f3xx_hal_dma.o
                0x0000000008003fe8                HAL_DMA_Init
 .text.HAL_DMA_Start_IT
                0x000000000800402c       0x78 ./Drivers/STM32F3xx_HAL_Driver/Src/stm32f3xx_hal_dma.o
                0x000000000800402c                HAL_DMA_Start_IT
 .text.HAL_DMA_Abort
                0x00000000080040a4       0x3e ./Drivers/STM32F3xx_HAL_Driver/Src/stm32f3xx_hal_dma.o
                0x00000000080040a4                HAL_DMA_Abort
 .text.HAL_DMA_IRQHandler
                0x00000000080040e2       0x8c ./Drivers/STM32F3xx_HAL_Driver/Src/stm32f3xx_hal_dma.o
                0x00000000080040e2                HAL_DMA_IRQHandler
 *fill*         0x000000000800416e        0x2 
 .text.HAL_GPIO_Init
                0x0000000008004170      0x1a4 ./Drivers/STM32F3xx_HAL_Driver/Src/stm32f3xx_hal_gpio.o
                0x0000000008004170                HAL_GPIO_Init
 .text.HAL_GPIO_ReadPin
                0x0000000008004314        0xc ./Drivers/STM32F3xx_HAL_Driver/Src/stm32f3xx_hal_gpio.o
                0x0000000008004314                HAL_GPIO_ReadPin
 .text.HAL_GPIO_WritePin
                0x0000000008004320        0xa ./Drivers/STM32F3xx_HAL_Driver/Src/stm32f3xx_hal_gpio.o
                0x0000000008004320                HAL_GPIO_WritePin
 .text.HAL_GPIO_TogglePin
                0x000000000800432a       0x12 ./Drivers/STM32F3xx_HAL_Driver/Src/stm32f3xx_hal_gpio.o
                0x000000000800432a                HAL_GPIO_TogglePin
 .text.HAL_PCD_Init
                0x000000000800433c       0xaa ./Drivers/STM32F3xx_HAL_Driver/Src/stm32f3xx_hal_pcd.o
                0x000000000800433c                HAL_PCD_Init
 .text.HAL_PCD_Start
                0x00000000080043e6       0x32 ./Drivers/STM32F3xx_HAL_Driver/Src/stm32f3xx_hal_pcd.o
                0x00000000080043e6                HAL_PCD_Start
 .text.HAL_PCD_SetAddress
                0x0000000008004418       0x28 ./Drivers/STM32F3xx_HAL_Driver/Src/stm32f3xx_hal_pcd.o
                0x0000000008004418                HAL_PCD_SetAddress
 .text.HAL_PCD_IRQHandler
                0x0000000008004440      0x984 ./Drivers/STM32F3xx_HAL_Driver/Src/stm32f3xx_hal_pcd.o
                0x0000000008004440                HAL_PCD_IRQHandler
 .text.HAL_PCD_EP_Open
                0x0000000008004dc4       0x5e ./Drivers/STM32F3xx_HAL_Driver/Src/stm32f3xx_hal_pcd.o
                0x0000000008004dc4                HAL_PCD_EP_Open
 .text.HAL_PCD_EP_Close
                0x0000000008004e22       0x52 ./Drivers/STM32F3xx_HAL_Driver/Src/stm32f3xx_hal_pcd.o
                0x0000000008004e22                HAL_PCD_EP_Close
 .text.HAL_PCD_EP_Receive
                0x0000000008004e74       0x2c ./Drivers/STM32F3xx_HAL_Driver/Src/stm32f3xx_hal_pcd.o
                0x0000000008004e74                HAL_PCD_EP_Receive
 .text.HAL_PCD_EP_GetRxCount
                0x0000000008004ea0       0x10 ./Drivers/STM32F3xx_HAL_Driver/Src/stm32f3xx_hal_pcd.o
                0x0000000008004ea0                HAL_PCD_EP_GetRxCount
 .text.HAL_PCD_EP_Transmit
                0x0000000008004eb0       0x3c ./Drivers/STM32F3xx_HAL_Driver/Src/stm32f3xx_hal_pcd.o
                0x0000000008004eb0                HAL_PCD_EP_Transmit
 .text.HAL_PCD_EP_SetStall
                0x0000000008004eec       0x60 ./Drivers/STM32F3xx_HAL_Driver/Src/stm32f3xx_hal_pcd.o
                0x0000000008004eec                HAL_PCD_EP_SetStall
 .text.HAL_PCD_EP_ClrStall
                0x0000000008004f4c       0x64 ./Drivers/STM32F3xx_HAL_Driver/Src/stm32f3xx_hal_pcd.o
                0x0000000008004f4c                HAL_PCD_EP_ClrStall
 .text.HAL_PCDEx_PMAConfig
                0x0000000008004fb0       0x34 ./Drivers/STM32F3xx_HAL_Driver/Src/stm32f3xx_hal_pcd_ex.o
                0x0000000008004fb0                HAL_PCDEx_PMAConfig
 .text.HAL_RCC_OscConfig
                0x0000000008004fe4      0x4e0 ./Drivers/STM32F3xx_HAL_Driver/Src/stm32f3xx_hal_rcc.o
                0x0000000008004fe4                HAL_RCC_OscConfig
 .text.HAL_RCC_GetSysClockFreq
                0x00000000080054c4       0x58 ./Drivers/STM32F3xx_HAL_Driver/Src/stm32f3xx_hal_rcc.o
                0x00000000080054c4                HAL_RCC_GetSysClockFreq
 .text.HAL_RCC_ClockConfig
                0x000000000800551c      0x150 ./Drivers/STM32F3xx_HAL_Driver/Src/stm32f3xx_hal_rcc.o
                0x000000000800551c                HAL_RCC_ClockConfig
 .text.HAL_RCC_GetPCLK1Freq
                0x000000000800566c       0x30 ./Drivers/STM32F3xx_HAL_Driver/Src/stm32f3xx_hal_rcc.o
                0x000000000800566c                HAL_RCC_GetPCLK1Freq
 .text.HAL_RCC_GetPCLK2Freq
                0x000000000800569c       0x30 ./Drivers/STM32F3xx_HAL_Driver/Src/stm32f3xx_hal_rcc.o
                0x000000000800569c                HAL_RCC_GetPCLK2Freq
 .text.HAL_RCCEx_PeriphCLKConfig
                0x00000000080056cc      0x27c ./Drivers/STM32F3xx_HAL_Driver/Src/stm32f3xx_hal_rcc_ex.o
                0x00000000080056cc                HAL_RCCEx_PeriphCLKConfig
 .text.SPI_WaitFifoStateUntilTimeout.constprop.0
                0x0000000008005948       0xc8 ./Drivers/STM32F3xx_HAL_Driver/Src/stm32f3xx_hal_spi.o
 .text.SPI_WaitFlagStateUntilTimeout.constprop.0
                0x0000000008005a10       0xa4 ./Drivers/STM32F3xx_HAL_Driver/Src/stm32f3xx_hal_spi.o
 .text.SPI_EndRxTxTransaction
                0x0000000008005ab4       0x4a ./Drivers/STM32F3xx_HAL_Driver/Src/stm32f3xx_hal_spi.o
 .text.HAL_SPI_Init
                0x0000000008005afe       0xdc ./Drivers/STM32F3xx_HAL_Driver/Src/stm32f3xx_hal_spi.o
                0x0000000008005afe                HAL_SPI_Init
 .text.HAL_SPI_Transmit
                0x0000000008005bda      0x194 ./Drivers/STM32F3xx_HAL_Driver/Src/stm32f3xx_hal_spi.o
                0x0000000008005bda                HAL_SPI_Transmit
 .text.HAL_SPI_TransmitReceive
                0x0000000008005d6e      0x25c ./Drivers/STM32F3xx_HAL_Driver/Src/stm32f3xx_hal_spi.o
                0x0000000008005d6e                HAL_SPI_TransmitReceive
 .text.TIM_DMAError
                0x0000000008005fca       0x5a ./Drivers/STM32F3xx_HAL_Driver/Src/stm32f3xx_hal_tim.o
                0x0000000008005fca                TIM_DMAError
 .text.TIM_DMADelayPulseCplt
                0x0000000008006024       0x6c ./Drivers/STM32F3xx_HAL_Driver/Src/stm32f3xx_hal_tim.o
 .text.TIM_DMADelayPulseHalfCplt
                0x0000000008006090       0x3a ./Drivers/STM32F3xx_HAL_Driver/Src/stm32f3xx_hal_tim.o
                0x0000000008006090                TIM_DMADelayPulseHalfCplt
 *fill*         0x00000000080060ca        0x2 
 .text.TIM_OC1_SetConfig
                0x00000000080060cc       0xa8 ./Drivers/STM32F3xx_HAL_Driver/Src/stm32f3xx_hal_tim.o
 .text.TIM_OC3_SetConfig
                0x0000000008006174       0x98 ./Drivers/STM32F3xx_HAL_Driver/Src/stm32f3xx_hal_tim.o
 .text.TIM_OC4_SetConfig
                0x000000000800620c       0x70 ./Drivers/STM32F3xx_HAL_Driver/Src/stm32f3xx_hal_tim.o
 .text.TIM_OC5_SetConfig
                0x000000000800627c       0x70 ./Drivers/STM32F3xx_HAL_Driver/Src/stm32f3xx_hal_tim.o
 .text.TIM_OC6_SetConfig
                0x00000000080062ec       0x70 ./Drivers/STM32F3xx_HAL_Driver/Src/stm32f3xx_hal_tim.o
 .text.HAL_TIM_PWM_MspInit
                0x000000000800635c        0x2 ./Drivers/STM32F3xx_HAL_Driver/Src/stm32f3xx_hal_tim.o
                0x000000000800635c                HAL_TIM_PWM_MspInit
 .text.HAL_TIM_PeriodElapsedHalfCpltCallback
                0x000000000800635e        0x2 ./Drivers/STM32F3xx_HAL_Driver/Src/stm32f3xx_hal_tim.o
                0x000000000800635e                HAL_TIM_PeriodElapsedHalfCpltCallback
 .text.HAL_TIM_OC_DelayElapsedCallback
                0x0000000008006360        0x2 ./Drivers/STM32F3xx_HAL_Driver/Src/stm32f3xx_hal_tim.o
                0x0000000008006360                HAL_TIM_OC_DelayElapsedCallback
 .text.HAL_TIM_IC_CaptureCallback
                0x0000000008006362        0x2 ./Drivers/STM32F3xx_HAL_Driver/Src/stm32f3xx_hal_tim.o
                0x0000000008006362                HAL_TIM_IC_CaptureCallback
 .text.HAL_TIM_IC_CaptureHalfCpltCallback
                0x0000000008006364        0x2 ./Drivers/STM32F3xx_HAL_Driver/Src/stm32f3xx_hal_tim.o
                0x0000000008006364                HAL_TIM_IC_CaptureHalfCpltCallback
 .text.HAL_TIM_PWM_PulseFinishedCallback
                0x0000000008006366        0x2 ./Drivers/STM32F3xx_HAL_Driver/Src/stm32f3xx_hal_tim.o
                0x0000000008006366                HAL_TIM_PWM_PulseFinishedCallback
 .text.HAL_TIM_PWM_PulseFinishedHalfCpltCallback
                0x0000000008006368        0x2 ./Drivers/STM32F3xx_HAL_Driver/Src/stm32f3xx_hal_tim.o
                0x0000000008006368                HAL_TIM_PWM_PulseFinishedHalfCpltCallback
 .text.HAL_TIM_TriggerCallback
                0x000000000800636a        0x2 ./Drivers/STM32F3xx_HAL_Driver/Src/stm32f3xx_hal_tim.o
                0x000000000800636a                HAL_TIM_TriggerCallback
 .text.HAL_TIM_TriggerHalfCpltCallback
                0x000000000800636c        0x2 ./Drivers/STM32F3xx_HAL_Driver/Src/stm32f3xx_hal_tim.o
                0x000000000800636c                HAL_TIM_TriggerHalfCpltCallback
 .text.HAL_TIM_ErrorCallback
                0x000000000800636e        0x2 ./Drivers/STM32F3xx_HAL_Driver/Src/stm32f3xx_hal_tim.o
                0x000000000800636e                HAL_TIM_ErrorCallback
 .text.HAL_TIM_Base_Start
                0x0000000008006370       0x6c ./Drivers/STM32F3xx_HAL_Driver/Src/stm32f3xx_hal_tim.o
                0x0000000008006370                HAL_TIM_Base_Start
 .text.HAL_TIM_Base_Start_IT
                0x00000000080063dc       0x74 ./Drivers/STM32F3xx_HAL_Driver/Src/stm32f3xx_hal_tim.o
                0x00000000080063dc                HAL_TIM_Base_Start_IT
 .text.HAL_TIM_IRQHandler
                0x0000000008006450      0x17a ./Drivers/STM32F3xx_HAL_Driver/Src/stm32f3xx_hal_tim.o
                0x0000000008006450                HAL_TIM_IRQHandler
 *fill*         0x00000000080065ca        0x2 
 .text.TIM_Base_SetConfig
                0x00000000080065cc       0xd4 ./Drivers/STM32F3xx_HAL_Driver/Src/stm32f3xx_hal_tim.o
                0x00000000080065cc                TIM_Base_SetConfig
 .text.TIM_OC2_SetConfig
                0x00000000080066a0       0x9c ./Drivers/STM32F3xx_HAL_Driver/Src/stm32f3xx_hal_tim.o
                0x00000000080066a0                TIM_OC2_SetConfig
 .text.HAL_TIM_PWM_ConfigChannel
                0x000000000800673c       0xfa ./Drivers/STM32F3xx_HAL_Driver/Src/stm32f3xx_hal_tim.o
                0x000000000800673c                HAL_TIM_PWM_ConfigChannel
 .text.TIM_ETR_SetConfig
                0x0000000008006836       0x14 ./Drivers/STM32F3xx_HAL_Driver/Src/stm32f3xx_hal_tim.o
                0x0000000008006836                TIM_ETR_SetConfig
 *fill*         0x000000000800684a        0x2 
 .text.HAL_TIM_ConfigClockSource
                0x000000000800684c      0x134 ./Drivers/STM32F3xx_HAL_Driver/Src/stm32f3xx_hal_tim.o
                0x000000000800684c                HAL_TIM_ConfigClockSource
 .text.TIM_CCxChannelCmd
                0x0000000008006980       0x1c ./Drivers/STM32F3xx_HAL_Driver/Src/stm32f3xx_hal_tim.o
                0x0000000008006980                TIM_CCxChannelCmd
 .text.HAL_TIM_OC_Start
                0x000000000800699c      0x128 ./Drivers/STM32F3xx_HAL_Driver/Src/stm32f3xx_hal_tim.o
                0x000000000800699c                HAL_TIM_OC_Start
 .text.HAL_TIM_PWM_Start
                0x0000000008006ac4        0x4 ./Drivers/STM32F3xx_HAL_Driver/Src/stm32f3xx_hal_tim.o
                0x0000000008006ac4                HAL_TIM_PWM_Start
 .text.HAL_TIM_OC_Start_IT
                0x0000000008006ac8      0x150 ./Drivers/STM32F3xx_HAL_Driver/Src/stm32f3xx_hal_tim.o
                0x0000000008006ac8                HAL_TIM_OC_Start_IT
 .text.HAL_TIM_PWM_Start_IT
                0x0000000008006c18        0x4 ./Drivers/STM32F3xx_HAL_Driver/Src/stm32f3xx_hal_tim.o
                0x0000000008006c18                HAL_TIM_PWM_Start_IT
 .text.HAL_TIM_OC_Start_DMA
                0x0000000008006c1c      0x224 ./Drivers/STM32F3xx_HAL_Driver/Src/stm32f3xx_hal_tim.o
                0x0000000008006c1c                HAL_TIM_OC_Start_DMA
 .text.HAL_TIM_PWM_Start_DMA
                0x0000000008006e40        0x4 ./Drivers/STM32F3xx_HAL_Driver/Src/stm32f3xx_hal_tim.o
                0x0000000008006e40                HAL_TIM_PWM_Start_DMA
 .text.TIM_ResetCallback
                0x0000000008006e44       0x90 ./Drivers/STM32F3xx_HAL_Driver/Src/stm32f3xx_hal_tim.o
                0x0000000008006e44                TIM_ResetCallback
 .text.HAL_TIM_Base_Init
                0x0000000008006ed4       0x74 ./Drivers/STM32F3xx_HAL_Driver/Src/stm32f3xx_hal_tim.o
                0x0000000008006ed4                HAL_TIM_Base_Init
 .text.HAL_TIM_PWM_Init
                0x0000000008006f48       0x74 ./Drivers/STM32F3xx_HAL_Driver/Src/stm32f3xx_hal_tim.o
                0x0000000008006f48                HAL_TIM_PWM_Init
 .text.TIM_CCxNChannelCmd
                0x0000000008006fbc       0x1c ./Drivers/STM32F3xx_HAL_Driver/Src/stm32f3xx_hal_tim_ex.o
 .text.HAL_TIMEx_OCN_Start
                0x0000000008006fd8       0xb8 ./Drivers/STM32F3xx_HAL_Driver/Src/stm32f3xx_hal_tim_ex.o
                0x0000000008006fd8                HAL_TIMEx_OCN_Start
 .text.HAL_TIMEx_PWMN_Start
                0x0000000008007090        0x4 ./Drivers/STM32F3xx_HAL_Driver/Src/stm32f3xx_hal_tim_ex.o
                0x0000000008007090                HAL_TIMEx_PWMN_Start
 .text.HAL_TIMEx_MasterConfigSynchronization
                0x0000000008007094       0x94 ./Drivers/STM32F3xx_HAL_Driver/Src/stm32f3xx_hal_tim_ex.o
                0x0000000008007094                HAL_TIMEx_MasterConfigSynchronization
 .text.HAL_TIMEx_ConfigBreakDeadTime
                0x0000000008007128       0x8c ./Drivers/STM32F3xx_HAL_Driver/Src/stm32f3xx_hal_tim_ex.o
                0x0000000008007128                HAL_TIMEx_ConfigBreakDeadTime
 .text.HAL_TIMEx_CommutCallback
                0x00000000080071b4        0x2 ./Drivers/STM32F3xx_HAL_Driver/Src/stm32f3xx_hal_tim_ex.o
                0x00000000080071b4                HAL_TIMEx_CommutCallback
 .text.HAL_TIMEx_CommutHalfCpltCallback
                0x00000000080071b6        0x2 ./Drivers/STM32F3xx_HAL_Driver/Src/stm32f3xx_hal_tim_ex.o
                0x00000000080071b6                HAL_TIMEx_CommutHalfCpltCallback
 .text.HAL_TIMEx_BreakCallback
                0x00000000080071b8        0x2 ./Drivers/STM32F3xx_HAL_Driver/Src/stm32f3xx_hal_tim_ex.o
                0x00000000080071b8                HAL_TIMEx_BreakCallback
 .text.HAL_TIMEx_Break2Callback
                0x00000000080071ba        0x2 ./Drivers/STM32F3xx_HAL_Driver/Src/stm32f3xx_hal_tim_ex.o
                0x00000000080071ba                HAL_TIMEx_Break2Callback
 .text.UART_EndRxTransfer
                0x00000000080071bc       0x50 ./Drivers/STM32F3xx_HAL_Driver/Src/stm32f3xx_hal_uart.o
 .text.UART_SetConfig
                0x000000000800720c      0x204 ./Drivers/STM32F3xx_HAL_Driver/Src/stm32f3xx_hal_uart.o
                0x000000000800720c                UART_SetConfig
 .text.UART_AdvFeatureConfig
                0x0000000008007410       0xa8 ./Drivers/STM32F3xx_HAL_Driver/Src/stm32f3xx_hal_uart.o
                0x0000000008007410                UART_AdvFeatureConfig
 .text.UART_WaitOnFlagUntilTimeout
                0x00000000080074b8       0x88 ./Drivers/STM32F3xx_HAL_Driver/Src/stm32f3xx_hal_uart.o
                0x00000000080074b8                UART_WaitOnFlagUntilTimeout
 .text.UART_CheckIdleState
                0x0000000008007540       0xb4 ./Drivers/STM32F3xx_HAL_Driver/Src/stm32f3xx_hal_uart.o
                0x0000000008007540                UART_CheckIdleState
 .text.HAL_UART_Init
                0x00000000080075f4       0x5c ./Drivers/STM32F3xx_HAL_Driver/Src/stm32f3xx_hal_uart.o
                0x00000000080075f4                HAL_UART_Init
 .text.USB_EnableGlobalInt
                0x0000000008007650       0x12 ./Drivers/STM32F3xx_HAL_Driver/Src/stm32f3xx_ll_usb.o
                0x0000000008007650                USB_EnableGlobalInt
 .text.USB_DisableGlobalInt
                0x0000000008007662       0x14 ./Drivers/STM32F3xx_HAL_Driver/Src/stm32f3xx_ll_usb.o
                0x0000000008007662                USB_DisableGlobalInt
 .text.USB_DevInit
                0x0000000008007676       0x28 ./Drivers/STM32F3xx_HAL_Driver/Src/stm32f3xx_ll_usb.o
                0x0000000008007676                USB_DevInit
 *fill*         0x000000000800769e        0x2 
 .text.USB_ActivateEndpoint
                0x00000000080076a0      0x2c8 ./Drivers/STM32F3xx_HAL_Driver/Src/stm32f3xx_ll_usb.o
                0x00000000080076a0                USB_ActivateEndpoint
 .text.USB_DeactivateEndpoint
                0x0000000008007968      0x1a6 ./Drivers/STM32F3xx_HAL_Driver/Src/stm32f3xx_ll_usb.o
                0x0000000008007968                USB_DeactivateEndpoint
 .text.USB_EPSetStall
                0x0000000008007b0e       0x40 ./Drivers/STM32F3xx_HAL_Driver/Src/stm32f3xx_ll_usb.o
                0x0000000008007b0e                USB_EPSetStall
 .text.USB_EPClearStall
                0x0000000008007b4e       0x92 ./Drivers/STM32F3xx_HAL_Driver/Src/stm32f3xx_ll_usb.o
                0x0000000008007b4e                USB_EPClearStall
 .text.USB_SetDevAddress
                0x0000000008007be0        0xc ./Drivers/STM32F3xx_HAL_Driver/Src/stm32f3xx_ll_usb.o
                0x0000000008007be0                USB_SetDevAddress
 .text.USB_DevConnect
                0x0000000008007bec        0x4 ./Drivers/STM32F3xx_HAL_Driver/Src/stm32f3xx_ll_usb.o
                0x0000000008007bec                USB_DevConnect
 .text.USB_ReadInterrupts
                0x0000000008007bf0        0x8 ./Drivers/STM32F3xx_HAL_Driver/Src/stm32f3xx_ll_usb.o
                0x0000000008007bf0                USB_ReadInterrupts
 .text.USB_WritePMA
                0x0000000008007bf8       0x1e ./Drivers/STM32F3xx_HAL_Driver/Src/stm32f3xx_ll_usb.o
                0x0000000008007bf8                USB_WritePMA
 .text.USB_EPStartXfer
                0x0000000008007c16      0x480 ./Drivers/STM32F3xx_HAL_Driver/Src/stm32f3xx_ll_usb.o
                0x0000000008007c16                USB_EPStartXfer
 .text.USB_ReadPMA
                0x0000000008008096       0x36 ./Drivers/STM32F3xx_HAL_Driver/Src/stm32f3xx_ll_usb.o
                0x0000000008008096                USB_ReadPMA
 .text.MX_FATFS_Init
                0x00000000080080cc       0x1c ./FATFS/App/fatfs.o
                0x00000000080080cc                MX_FATFS_Init
 .text.get_fattime
                0x00000000080080e8        0x4 ./FATFS/App/fatfs.o
                0x00000000080080e8                get_fattime
 .text.SD_ReadyWait
                0x00000000080080ec       0x20 ./FATFS/Target/fatfs_sd.o
                0x00000000080080ec                SD_ReadyWait
 .text.SD_PowerOn
                0x000000000800810c       0x70 ./FATFS/Target/fatfs_sd.o
                0x000000000800810c                SD_PowerOn
 .text.SD_RxDataBlock
                0x000000000800817c       0x4c ./FATFS/Target/fatfs_sd.o
                0x000000000800817c                SD_RxDataBlock
 .text.SD_TxDataBlock
                0x00000000080081c8       0x70 ./FATFS/Target/fatfs_sd.o
                0x00000000080081c8                SD_TxDataBlock
 .text.SD_SendCmd
                0x0000000008008238       0x64 ./FATFS/Target/fatfs_sd.o
                0x0000000008008238                SD_SendCmd
 .text.SD_disk_read
                0x000000000800829c       0xa0 ./FATFS/Target/fatfs_sd.o
                0x000000000800829c                SD_disk_read
 .text.SD_disk_write
                0x000000000800833c       0xc0 ./FATFS/Target/fatfs_sd.o
                0x000000000800833c                SD_disk_write
 .text.SD_disk_ioctl
                0x00000000080083fc      0x158 ./FATFS/Target/fatfs_sd.o
                0x00000000080083fc                SD_disk_ioctl
 .text.USER_initialize
                0x0000000008008554        0x4 ./FATFS/Target/user_diskio.o
                0x0000000008008554                USER_initialize
 .text.USER_status
                0x0000000008008558        0x4 ./FATFS/Target/user_diskio.o
                0x0000000008008558                USER_status
 .text.USER_read
                0x000000000800855c        0x4 ./FATFS/Target/user_diskio.o
                0x000000000800855c                USER_read
 .text.USER_write
                0x0000000008008560        0x4 ./FATFS/Target/user_diskio.o
                0x0000000008008560                USER_write
 .text.USER_ioctl
                0x0000000008008564        0x4 ./FATFS/Target/user_diskio.o
                0x0000000008008564                USER_ioctl
 .text.SPI_Timer_On
                0x0000000008008568       0x1c ./FATFS/Target/user_diskio_spi.o
                0x0000000008008568                SPI_Timer_On
 .text.SPI_Timer_Status
                0x0000000008008584       0x24 ./FATFS/Target/user_diskio_spi.o
                0x0000000008008584                SPI_Timer_Status
 .text.xchg_spi
                0x00000000080085a8       0x28 ./FATFS/Target/user_diskio_spi.o
                0x00000000080085a8                xchg_spi
 .text.wait_ready
                0x00000000080085d0       0x2a ./FATFS/Target/user_diskio_spi.o
                0x00000000080085d0                wait_ready
 *fill*         0x00000000080085fa        0x2 
 .text.despiselect
                0x00000000080085fc       0x1c ./FATFS/Target/user_diskio_spi.o
                0x00000000080085fc                despiselect
 .text.spiselect
                0x0000000008008618       0x30 ./FATFS/Target/user_diskio_spi.o
                0x0000000008008618                spiselect
 .text.send_cmd
                0x0000000008008648       0x84 ./FATFS/Target/user_diskio_spi.o
                0x0000000008008648                send_cmd
 .text.USER_SPI_initialize
                0x00000000080086cc      0x144 ./FATFS/Target/user_diskio_spi.o
                0x00000000080086cc                USER_SPI_initialize
 .text.USER_SPI_status
                0x0000000008008810       0x10 ./FATFS/Target/user_diskio_spi.o
                0x0000000008008810                USER_SPI_status
 .text.ILI9341_SPI_Send
                0x0000000008008820       0x20 ./ILI9341/ILI9341_Driver.o
                0x0000000008008820                ILI9341_SPI_Send
 .text.ILI9341_Send_Command
                0x0000000008008840       0x50 ./ILI9341/ILI9341_Driver.o
 .text.ILI9341_Send_Data
                0x0000000008008890       0x50 ./ILI9341/ILI9341_Driver.o
 .text.ILI9341_Reset
                0x00000000080088e0       0x54 ./ILI9341/ILI9341_Driver.o
                0x00000000080088e0                ILI9341_Reset
 .text.ILI9341_Init
                0x0000000008008934      0x258 ./ILI9341/ILI9341_Driver.o
                0x0000000008008934                ILI9341_Init
 .text.ILI9341_Set_Rotation
                0x0000000008008b8c       0x7c ./ILI9341/ILI9341_Driver.o
                0x0000000008008b8c                ILI9341_Set_Rotation
 .text.ILI9341_Set_Address
                0x0000000008008c08       0xc0 ./ILI9341/ILI9341_Driver.o
                0x0000000008008c08                ILI9341_Set_Address
 .text.ILI9341_Draw_Pixel
                0x0000000008008cc8       0x70 ./ILI9341/ILI9341_Driver.o
                0x0000000008008cc8                ILI9341_Draw_Pixel
 .text.ILI9341_Draw_Circle
                0x0000000008008d38      0x2f8 ./ILI9341/ILI9341_Driver.o
                0x0000000008008d38                ILI9341_Draw_Circle
 .text.ILI9341_Draw_Char
                0x0000000008009030      0x1cc ./ILI9341/ILI9341_Driver.o
                0x0000000008009030                ILI9341_Draw_Char
 .text.ILI9341_Draw_String
                0x00000000080091fc      0x110 ./ILI9341/ILI9341_Driver.o
                0x00000000080091fc                ILI9341_Draw_String
 .text.USBD_CDC_EP0_RxReady
                0x000000000800930c       0x28 ./Middlewares/ST/STM32_USB_Device_Library/Class/CDC/Src/usbd_cdc.o
 .text.USBD_CDC_GetFSCfgDesc
                0x0000000008009334        0xc ./Middlewares/ST/STM32_USB_Device_Library/Class/CDC/Src/usbd_cdc.o
 .text.USBD_CDC_GetHSCfgDesc
                0x0000000008009340        0xc ./Middlewares/ST/STM32_USB_Device_Library/Class/CDC/Src/usbd_cdc.o
 .text.USBD_CDC_GetOtherSpeedCfgDesc
                0x000000000800934c        0xc ./Middlewares/ST/STM32_USB_Device_Library/Class/CDC/Src/usbd_cdc.o
 .text.USBD_CDC_GetDeviceQualifierDescriptor
                0x0000000008009358        0xc ./Middlewares/ST/STM32_USB_Device_Library/Class/CDC/Src/usbd_cdc.o
                0x0000000008009358                USBD_CDC_GetDeviceQualifierDescriptor
 .text.USBD_CDC_DataOut
                0x0000000008009364       0x2e ./Middlewares/ST/STM32_USB_Device_Library/Class/CDC/Src/usbd_cdc.o
 .text.USBD_CDC_DataIn
                0x0000000008009392       0x42 ./Middlewares/ST/STM32_USB_Device_Library/Class/CDC/Src/usbd_cdc.o
 .text.USBD_CDC_Setup
                0x00000000080093d4       0xb6 ./Middlewares/ST/STM32_USB_Device_Library/Class/CDC/Src/usbd_cdc.o
 .text.USBD_CDC_DeInit
                0x000000000800948a       0x42 ./Middlewares/ST/STM32_USB_Device_Library/Class/CDC/Src/usbd_cdc.o
 .text.USBD_CDC_Init
                0x00000000080094cc       0xa0 ./Middlewares/ST/STM32_USB_Device_Library/Class/CDC/Src/usbd_cdc.o
 .text.USBD_CDC_RegisterInterface
                0x000000000800956c        0xe ./Middlewares/ST/STM32_USB_Device_Library/Class/CDC/Src/usbd_cdc.o
                0x000000000800956c                USBD_CDC_RegisterInterface
 .text.USBD_CDC_SetTxBuffer
                0x000000000800957a       0x10 ./Middlewares/ST/STM32_USB_Device_Library/Class/CDC/Src/usbd_cdc.o
                0x000000000800957a                USBD_CDC_SetTxBuffer
 .text.USBD_CDC_SetRxBuffer
                0x000000000800958a        0xc ./Middlewares/ST/STM32_USB_Device_Library/Class/CDC/Src/usbd_cdc.o
                0x000000000800958a                USBD_CDC_SetRxBuffer
 .text.USBD_CDC_ReceivePacket
                0x0000000008009596       0x2e ./Middlewares/ST/STM32_USB_Device_Library/Class/CDC/Src/usbd_cdc.o
                0x0000000008009596                USBD_CDC_ReceivePacket
 .text.USBD_Init
                0x00000000080095c4       0x2a ./Middlewares/ST/STM32_USB_Device_Library/Core/Src/usbd_core.o
                0x00000000080095c4                USBD_Init
 .text.USBD_RegisterClass
                0x00000000080095ee        0xe ./Middlewares/ST/STM32_USB_Device_Library/Core/Src/usbd_core.o
                0x00000000080095ee                USBD_RegisterClass
 .text.USBD_Start
                0x00000000080095fc        0xa ./Middlewares/ST/STM32_USB_Device_Library/Core/Src/usbd_core.o
                0x00000000080095fc                USBD_Start
 .text.USBD_SetClassConfig
                0x0000000008009606       0x1a ./Middlewares/ST/STM32_USB_Device_Library/Core/Src/usbd_core.o
                0x0000000008009606                USBD_SetClassConfig
 .text.USBD_ClrClassConfig
                0x0000000008009620        0xe ./Middlewares/ST/STM32_USB_Device_Library/Core/Src/usbd_core.o
                0x0000000008009620                USBD_ClrClassConfig
 .text.USBD_LL_SetupStage
                0x000000000800962e       0x5a ./Middlewares/ST/STM32_USB_Device_Library/Core/Src/usbd_core.o
                0x000000000800962e                USBD_LL_SetupStage
 .text.USBD_LL_DataOutStage
                0x0000000008009688       0x74 ./Middlewares/ST/STM32_USB_Device_Library/Core/Src/usbd_core.o
                0x0000000008009688                USBD_LL_DataOutStage
 .text.USBD_LL_DataInStage
                0x00000000080096fc       0xb6 ./Middlewares/ST/STM32_USB_Device_Library/Core/Src/usbd_core.o
                0x00000000080096fc                USBD_LL_DataInStage
 .text.USBD_LL_Reset
                0x00000000080097b2       0x4e ./Middlewares/ST/STM32_USB_Device_Library/Core/Src/usbd_core.o
                0x00000000080097b2                USBD_LL_Reset
 .text.USBD_LL_SetSpeed
                0x0000000008009800        0x6 ./Middlewares/ST/STM32_USB_Device_Library/Core/Src/usbd_core.o
                0x0000000008009800                USBD_LL_SetSpeed
 .text.USBD_LL_Suspend
                0x0000000008009806       0x12 ./Middlewares/ST/STM32_USB_Device_Library/Core/Src/usbd_core.o
                0x0000000008009806                USBD_LL_Suspend
 .text.USBD_LL_Resume
                0x0000000008009818       0x14 ./Middlewares/ST/STM32_USB_Device_Library/Core/Src/usbd_core.o
                0x0000000008009818                USBD_LL_Resume
 .text.USBD_LL_SOF
                0x000000000800982c       0x18 ./Middlewares/ST/STM32_USB_Device_Library/Core/Src/usbd_core.o
                0x000000000800982c                USBD_LL_SOF
 .text.USBD_CtlError.constprop.0
                0x0000000008009844       0x16 ./Middlewares/ST/STM32_USB_Device_Library/Core/Src/usbd_ctlreq.o
 *fill*         0x000000000800985a        0x2 
 .text.USBD_StdDevReq
                0x000000000800985c      0x250 ./Middlewares/ST/STM32_USB_Device_Library/Core/Src/usbd_ctlreq.o
                0x000000000800985c                USBD_StdDevReq
 .text.USBD_StdItfReq
                0x0000000008009aac       0x48 ./Middlewares/ST/STM32_USB_Device_Library/Core/Src/usbd_ctlreq.o
                0x0000000008009aac                USBD_StdItfReq
 .text.USBD_StdEPReq
                0x0000000008009af4      0x110 ./Middlewares/ST/STM32_USB_Device_Library/Core/Src/usbd_ctlreq.o
                0x0000000008009af4                USBD_StdEPReq
 .text.USBD_ParseSetupRequest
                0x0000000008009c04       0x28 ./Middlewares/ST/STM32_USB_Device_Library/Core/Src/usbd_ctlreq.o
                0x0000000008009c04                USBD_ParseSetupRequest
 .text.USBD_CtlError
                0x0000000008009c2c       0x16 ./Middlewares/ST/STM32_USB_Device_Library/Core/Src/usbd_ctlreq.o
                0x0000000008009c2c                USBD_CtlError
 .text.USBD_GetString
                0x0000000008009c42       0x38 ./Middlewares/ST/STM32_USB_Device_Library/Core/Src/usbd_ctlreq.o
                0x0000000008009c42                USBD_GetString
 .text.USBD_CtlSendData
                0x0000000008009c7a       0x1a ./Middlewares/ST/STM32_USB_Device_Library/Core/Src/usbd_ioreq.o
                0x0000000008009c7a                USBD_CtlSendData
 .text.USBD_CtlContinueSendData
                0x0000000008009c94       0x10 ./Middlewares/ST/STM32_USB_Device_Library/Core/Src/usbd_ioreq.o
                0x0000000008009c94                USBD_CtlContinueSendData
 .text.USBD_CtlPrepareRx
                0x0000000008009ca4       0x1a ./Middlewares/ST/STM32_USB_Device_Library/Core/Src/usbd_ioreq.o
                0x0000000008009ca4                USBD_CtlPrepareRx
 .text.USBD_CtlContinueRx
                0x0000000008009cbe       0x10 ./Middlewares/ST/STM32_USB_Device_Library/Core/Src/usbd_ioreq.o
                0x0000000008009cbe                USBD_CtlContinueRx
 .text.USBD_CtlSendStatus
                0x0000000008009cce       0x16 ./Middlewares/ST/STM32_USB_Device_Library/Core/Src/usbd_ioreq.o
                0x0000000008009cce                USBD_CtlSendStatus
 .text.USBD_CtlReceiveStatus
                0x0000000008009ce4       0x16 ./Middlewares/ST/STM32_USB_Device_Library/Core/Src/usbd_ioreq.o
                0x0000000008009ce4                USBD_CtlReceiveStatus
 *fill*         0x0000000008009cfa        0x2 
 .text.disk_status
                0x0000000008009cfc       0x14 ./Middlewares/Third_Party/FatFs/src/diskio.o
                0x0000000008009cfc                disk_status
 .text.disk_initialize
                0x0000000008009d10       0x20 ./Middlewares/Third_Party/FatFs/src/diskio.o
                0x0000000008009d10                disk_initialize
 .text.disk_read
                0x0000000008009d30       0x1c ./Middlewares/Third_Party/FatFs/src/diskio.o
                0x0000000008009d30                disk_read
 .text.disk_write
                0x0000000008009d4c       0x1c ./Middlewares/Third_Party/FatFs/src/diskio.o
                0x0000000008009d4c                disk_write
 .text.disk_ioctl
                0x0000000008009d68       0x1c ./Middlewares/Third_Party/FatFs/src/diskio.o
                0x0000000008009d68                disk_ioctl
 .text.mem_cpy  0x0000000008009d84       0x14 ./Middlewares/Third_Party/FatFs/src/ff.o
 .text.mem_set  0x0000000008009d98        0xe ./Middlewares/Third_Party/FatFs/src/ff.o
 *fill*         0x0000000008009da6        0x2 
 .text.chk_lock
                0x0000000008009da8       0x64 ./Middlewares/Third_Party/FatFs/src/ff.o
 .text.inc_lock
                0x0000000008009e0c       0x90 ./Middlewares/Third_Party/FatFs/src/ff.o
 .text.dec_lock
                0x0000000008009e9c       0x40 ./Middlewares/Third_Party/FatFs/src/ff.o
 .text.clear_lock
                0x0000000008009edc       0x20 ./Middlewares/Third_Party/FatFs/src/ff.o
 .text.clmt_clust
                0x0000000008009efc       0x28 ./Middlewares/Third_Party/FatFs/src/ff.o
 .text.sum_sfn  0x0000000008009f24       0x1e ./Middlewares/Third_Party/FatFs/src/ff.o
 .text.get_ldnumber
                0x0000000008009f42       0x30 ./Middlewares/Third_Party/FatFs/src/ff.o
 .text.validate
                0x0000000008009f72       0x2e ./Middlewares/Third_Party/FatFs/src/ff.o
 .text.sync_window.part.0
                0x0000000008009fa0       0x54 ./Middlewares/Third_Party/FatFs/src/ff.o
 .text.sync_window
                0x0000000008009ff4        0xe ./Middlewares/Third_Party/FatFs/src/ff.o
 .text.move_window
                0x000000000800a002       0x36 ./Middlewares/Third_Party/FatFs/src/ff.o
 .text.check_fs
                0x000000000800a038       0x50 ./Middlewares/Third_Party/FatFs/src/ff.o
 .text.find_volume
                0x000000000800a088      0x23c ./Middlewares/Third_Party/FatFs/src/ff.o
 .text.sync_fs  0x000000000800a2c4       0x84 ./Middlewares/Third_Party/FatFs/src/ff.o
 .text.ld_clust.isra.0
                0x000000000800a348       0x10 ./Middlewares/Third_Party/FatFs/src/ff.o
 .text.clust2sect
                0x000000000800a358       0x1c ./Middlewares/Third_Party/FatFs/src/ff.o
                0x000000000800a358                clust2sect
 .text.get_fat  0x000000000800a374       0xc4 ./Middlewares/Third_Party/FatFs/src/ff.o
                0x000000000800a374                get_fat
 .text.dir_sdi  0x000000000800a438       0x9e ./Middlewares/Third_Party/FatFs/src/ff.o
 .text.put_fat  0x000000000800a4d6       0xf4 ./Middlewares/Third_Party/FatFs/src/ff.o
                0x000000000800a4d6                put_fat
 .text.create_chain
                0x000000000800a5ca       0xb2 ./Middlewares/Third_Party/FatFs/src/ff.o
 .text.dir_next
                0x000000000800a67c      0x116 ./Middlewares/Third_Party/FatFs/src/ff.o
 *fill*         0x000000000800a792        0x2 
 .text.dir_find
                0x000000000800a794      0x144 ./Middlewares/Third_Party/FatFs/src/ff.o
 .text.follow_path
                0x000000000800a8d8      0x254 ./Middlewares/Third_Party/FatFs/src/ff.o
 .text.dir_register
                0x000000000800ab2c      0x278 ./Middlewares/Third_Party/FatFs/src/ff.o
 .text.remove_chain
                0x000000000800ada4       0x68 ./Middlewares/Third_Party/FatFs/src/ff.o
 .text.f_mount  0x000000000800ae0c       0x54 ./Middlewares/Third_Party/FatFs/src/ff.o
                0x000000000800ae0c                f_mount
 .text.f_open   0x000000000800ae60      0x19c ./Middlewares/Third_Party/FatFs/src/ff.o
                0x000000000800ae60                f_open
 .text.f_read   0x000000000800affc      0x18e ./Middlewares/Third_Party/FatFs/src/ff.o
                0x000000000800affc                f_read
 .text.f_sync   0x000000000800b18a       0xc2 ./Middlewares/Third_Party/FatFs/src/ff.o
                0x000000000800b18a                f_sync
 .text.f_close  0x000000000800b24c       0x22 ./Middlewares/Third_Party/FatFs/src/ff.o
                0x000000000800b24c                f_close
 .text.f_lseek  0x000000000800b26e      0x294 ./Middlewares/Third_Party/FatFs/src/ff.o
                0x000000000800b26e                f_lseek
 *fill*         0x000000000800b502        0x2 
 .text.FATFS_LinkDriverEx
                0x000000000800b504       0x44 ./Middlewares/Third_Party/FatFs/src/ff_gen_drv.o
                0x000000000800b504                FATFS_LinkDriverEx
 .text.FATFS_LinkDriver
                0x000000000800b548        0x6 ./Middlewares/Third_Party/FatFs/src/ff_gen_drv.o
                0x000000000800b548                FATFS_LinkDriver
 *fill*         0x000000000800b54e        0x2 
 .text.ff_convert
                0x000000000800b550       0x38 ./Middlewares/Third_Party/FatFs/src/option/ccsbcs.o
                0x000000000800b550                ff_convert
 .text.ff_wtoupper
                0x000000000800b588       0x24 ./Middlewares/Third_Party/FatFs/src/option/ccsbcs.o
                0x000000000800b588                ff_wtoupper
 .text.f_PEL_open
                0x000000000800b5ac       0x78 ./Recursos/Recursos.o
                0x000000000800b5ac                f_PEL_open
 .text.f_PIC_open
                0x000000000800b624       0x48 ./Recursos/Recursos.o
                0x000000000800b624                f_PIC_open
 .text.f_PIC    0x000000000800b66c      0x1b0 ./Recursos/Recursos.o
                0x000000000800b66c                f_PIC
 .text.f_PEL    0x000000000800b81c       0x1c ./Recursos/Recursos.o
                0x000000000800b81c                f_PEL
 .text.f_TECLADO_ALFA_fondo
                0x000000000800b838       0xf4 ./Recursos/Recursos.o
                0x000000000800b838                f_TECLADO_ALFA_fondo
 .text.f_TECLADO_ALFA_open
                0x000000000800b92c       0x84 ./Recursos/Recursos.o
                0x000000000800b92c                f_TECLADO_ALFA_open
 .text.f_TECLADO_ALFA_Input
                0x000000000800b9b0      0x2d8 ./Recursos/Recursos.o
                0x000000000800b9b0                f_TECLADO_ALFA_Input
 .text.BCO_Activo
                0x000000000800bc88       0x78 ./Recursos/Recursos.o
                0x000000000800bc88                BCO_Activo
 .text.CHECK_CIRC
                0x000000000800bd00       0x94 ./Recursos/Recursos.o
                0x000000000800bd00                CHECK_CIRC
 .text.CHECK_CIRC_Activo
                0x000000000800bd94       0x38 ./Recursos/Recursos.o
                0x000000000800bd94                CHECK_CIRC_Activo
 .text.SPI_TransmitReceive
                0x000000000800bdcc       0x14 ./Recursos/Recursos.o
                0x000000000800bdcc                SPI_TransmitReceive
 .text.SPI_TxByte
                0x000000000800bde0        0xc ./Recursos/Recursos.o
                0x000000000800bde0                SPI_TxByte
 .text.SPI_RxByte
                0x000000000800bdec        0xc ./Recursos/Recursos.o
                0x000000000800bdec                SPI_RxByte
 .text.SPI_RxBytePtr
                0x000000000800bdf8        0xc ./Recursos/Recursos.o
                0x000000000800bdf8                SPI_RxBytePtr
 .text.f_BMP    0x000000000800be04      0x1e0 ./Recursos/Recursos.o
                0x000000000800be04                f_BMP
 .text.FillReg  0x000000000800bfe4       0xbc ./Recursos/Recursos.o
                0x000000000800bfe4                FillReg
 .text.BOW      0x000000000800c0a0      0x310 ./Recursos/Recursos.o
                0x000000000800c0a0                BOW
 .text.Encabezamiento3
                0x000000000800c3b0       0x46 ./Recursos/Recursos.o
                0x000000000800c3b0                Encabezamiento3
 *fill*         0x000000000800c3f6        0x2 
 .text.GraficarOSC
                0x000000000800c3f8      0x2d0 ./Recursos/Recursos.o
                0x000000000800c3f8                GraficarOSC
 .text.FondoTeclas
                0x000000000800c6c8       0x1c ./Recursos/Recursos.o
                0x000000000800c6c8                FondoTeclas
 .text.FondoCompletoAzul
                0x000000000800c6e4       0x1c ./Recursos/Recursos.o
                0x000000000800c6e4                FondoCompletoAzul
 .text.DPMChico
                0x000000000800c700       0xb0 ./Recursos/Recursos.o
                0x000000000800c700                DPMChico
 .text.BOW_Activo
                0x000000000800c7b0       0x38 ./Recursos/Recursos.o
                0x000000000800c7b0                BOW_Activo
 .text.BOT_Activo
                0x000000000800c7e8       0x40 ./Recursos/Recursos.o
                0x000000000800c7e8                BOT_Activo
 .text.LeerFlashAbs
                0x000000000800c828       0x18 ./Recursos/Recursos.o
                0x000000000800c828                LeerFlashAbs
 .text.LeerFlashRel
                0x000000000800c840       0x18 ./Recursos/Recursos.o
                0x000000000800c840                LeerFlashRel
 .text.PIC      0x000000000800c858      0x190 ./Recursos/Recursos.o
                0x000000000800c858                PIC
 .text.BCO      0x000000000800c9e8      0x240 ./Recursos/Recursos.o
                0x000000000800c9e8                BCO
 .text.BOT.part.0
                0x000000000800cc28       0x24 ./Recursos/Recursos.o
 .text.BOT      0x000000000800cc4c       0x26 ./Recursos/Recursos.o
                0x000000000800cc4c                BOT
 *fill*         0x000000000800cc72        0x2 
 .text.MenuSet  0x000000000800cc74       0x60 ./Recursos/Recursos.o
                0x000000000800cc74                MenuSet
 .text.MenuPrint
                0x000000000800ccd4       0x5c ./Recursos/Recursos.o
                0x000000000800ccd4                MenuPrint
 .text.MenuAtencion
                0x000000000800cd30       0xa0 ./Recursos/Recursos.o
                0x000000000800cd30                MenuAtencion
 .text.XPT2046_TouchGetCoordinates
                0x000000000800cdd0      0x154 ./Touch/XPT2046_touch.o
                0x000000000800cdd0                XPT2046_TouchGetCoordinates
 .text.MX_USB_DEVICE_Init
                0x000000000800cf24       0x50 ./USB_DEVICE/App/usb_device.o
                0x000000000800cf24                MX_USB_DEVICE_Init
 .text.CDC_DeInit_FS
                0x000000000800cf74        0x4 ./USB_DEVICE/App/usbd_cdc_if.o
 .text.CDC_Control_FS
                0x000000000800cf78        0x4 ./USB_DEVICE/App/usbd_cdc_if.o
 .text.CDC_Receive_FS
                0x000000000800cf7c       0x38 ./USB_DEVICE/App/usbd_cdc_if.o
 .text.CDC_Init_FS
                0x000000000800cfb4       0x28 ./USB_DEVICE/App/usbd_cdc_if.o
 .text.USBD_FS_DeviceDescriptor
                0x000000000800cfdc        0xc ./USB_DEVICE/App/usbd_desc.o
                0x000000000800cfdc                USBD_FS_DeviceDescriptor
 .text.USBD_FS_LangIDStrDescriptor
                0x000000000800cfe8        0xc ./USB_DEVICE/App/usbd_desc.o
                0x000000000800cfe8                USBD_FS_LangIDStrDescriptor
 .text.IntToUnicode
                0x000000000800cff4       0x2a ./USB_DEVICE/App/usbd_desc.o
 *fill*         0x000000000800d01e        0x2 
 .text.USBD_FS_SerialStrDescriptor
                0x000000000800d020       0x3c ./USB_DEVICE/App/usbd_desc.o
                0x000000000800d020                USBD_FS_SerialStrDescriptor
 .text.USBD_FS_ManufacturerStrDescriptor
                0x000000000800d05c       0x1c ./USB_DEVICE/App/usbd_desc.o
                0x000000000800d05c                USBD_FS_ManufacturerStrDescriptor
 .text.USBD_FS_ProductStrDescriptor
                0x000000000800d078       0x1c ./USB_DEVICE/App/usbd_desc.o
                0x000000000800d078                USBD_FS_ProductStrDescriptor
 .text.USBD_FS_ConfigStrDescriptor
                0x000000000800d094       0x1c ./USB_DEVICE/App/usbd_desc.o
                0x000000000800d094                USBD_FS_ConfigStrDescriptor
 .text.USBD_FS_InterfaceStrDescriptor
                0x000000000800d0b0       0x1c ./USB_DEVICE/App/usbd_desc.o
                0x000000000800d0b0                USBD_FS_InterfaceStrDescriptor
 .text.USBD_Get_USB_Status
                0x000000000800d0cc       0x10 ./USB_DEVICE/Target/usbd_conf.o
 .text.HAL_PCD_MspInit
                0x000000000800d0dc       0x50 ./USB_DEVICE/Target/usbd_conf.o
                0x000000000800d0dc                HAL_PCD_MspInit
 .text.HAL_PCD_SetupStageCallback
                0x000000000800d12c        0xc ./USB_DEVICE/Target/usbd_conf.o
                0x000000000800d12c                HAL_PCD_SetupStageCallback
 .text.HAL_PCD_DataOutStageCallback
                0x000000000800d138       0x12 ./USB_DEVICE/Target/usbd_conf.o
                0x000000000800d138                HAL_PCD_DataOutStageCallback
 .text.HAL_PCD_DataInStageCallback
                0x000000000800d14a       0x10 ./USB_DEVICE/Target/usbd_conf.o
                0x000000000800d14a                HAL_PCD_DataInStageCallback
 .text.HAL_PCD_SOFCallback
                0x000000000800d15a        0x8 ./USB_DEVICE/Target/usbd_conf.o
                0x000000000800d15a                HAL_PCD_SOFCallback
 .text.HAL_PCD_ResetCallback
                0x000000000800d162       0x24 ./USB_DEVICE/Target/usbd_conf.o
                0x000000000800d162                HAL_PCD_ResetCallback
 *fill*         0x000000000800d186        0x2 
 .text.HAL_PCD_SuspendCallback
                0x000000000800d188       0x20 ./USB_DEVICE/Target/usbd_conf.o
                0x000000000800d188                HAL_PCD_SuspendCallback
 .text.HAL_PCD_ResumeCallback
                0x000000000800d1a8        0x8 ./USB_DEVICE/Target/usbd_conf.o
                0x000000000800d1a8                HAL_PCD_ResumeCallback
 .text.USBD_LL_Init
                0x000000000800d1b0       0x84 ./USB_DEVICE/Target/usbd_conf.o
                0x000000000800d1b0                USBD_LL_Init
 .text.USBD_LL_Start
                0x000000000800d234       0x12 ./USB_DEVICE/Target/usbd_conf.o
                0x000000000800d234                USBD_LL_Start
 .text.USBD_LL_OpenEP
                0x000000000800d246       0x18 ./USB_DEVICE/Target/usbd_conf.o
                0x000000000800d246                USBD_LL_OpenEP
 .text.USBD_LL_CloseEP
                0x000000000800d25e       0x12 ./USB_DEVICE/Target/usbd_conf.o
                0x000000000800d25e                USBD_LL_CloseEP
 .text.USBD_LL_StallEP
                0x000000000800d270       0x12 ./USB_DEVICE/Target/usbd_conf.o
                0x000000000800d270                USBD_LL_StallEP
 .text.USBD_LL_ClearStallEP
                0x000000000800d282       0x12 ./USB_DEVICE/Target/usbd_conf.o
                0x000000000800d282                USBD_LL_ClearStallEP
 .text.USBD_LL_IsStallEP
                0x000000000800d294       0x26 ./USB_DEVICE/Target/usbd_conf.o
                0x000000000800d294                USBD_LL_IsStallEP
 .text.USBD_LL_SetUSBAddress
                0x000000000800d2ba       0x12 ./USB_DEVICE/Target/usbd_conf.o
                0x000000000800d2ba                USBD_LL_SetUSBAddress
 .text.USBD_LL_Transmit
                0x000000000800d2cc       0x12 ./USB_DEVICE/Target/usbd_conf.o
                0x000000000800d2cc                USBD_LL_Transmit
 .text.USBD_LL_PrepareReceive
                0x000000000800d2de       0x12 ./USB_DEVICE/Target/usbd_conf.o
                0x000000000800d2de                USBD_LL_PrepareReceive
 .text.USBD_LL_GetRxDataSize
                0x000000000800d2f0        0x8 ./USB_DEVICE/Target/usbd_conf.o
                0x000000000800d2f0                USBD_LL_GetRxDataSize
 .text.USBD_static_malloc
                0x000000000800d2f8        0x8 ./USB_DEVICE/Target/usbd_conf.o
                0x000000000800d2f8                USBD_static_malloc
 .text.USBD_static_free
                0x000000000800d300        0x2 ./USB_DEVICE/Target/usbd_conf.o
                0x000000000800d300                USBD_static_free
 .text.HAL_PCDEx_SetConnectionState
                0x000000000800d302        0x2 ./USB_DEVICE/Target/usbd_conf.o
                0x000000000800d302                HAL_PCDEx_SetConnectionState
 .text.sprintf  0x000000000800d304       0x40 C:/ST/STM32CubeIDE_1.14.0/STM32CubeIDE/plugins/com.st.stm32cube.ide.mcu.externaltools.gnu-tools-for-stm32.11.3.rel1.win32_1.1.100.202309141235/tools/bin/../lib/gcc/arm-none-eabi/11.3.1/../../../../arm-none-eabi/lib/thumb/v7e-m+fp/hard\libc_nano.a(libc_a-sprintf.o)
                0x000000000800d304                siprintf
                0x000000000800d304                sprintf
 .text.memset   0x000000000800d344       0x10 C:/ST/STM32CubeIDE_1.14.0/STM32CubeIDE/plugins/com.st.stm32cube.ide.mcu.externaltools.gnu-tools-for-stm32.11.3.rel1.win32_1.1.100.202309141235/tools/bin/../lib/gcc/arm-none-eabi/11.3.1/../../../../arm-none-eabi/lib/thumb/v7e-m+fp/hard\libc_nano.a(libc_a-memset.o)
                0x000000000800d344                memset
 .text.__errno  0x000000000800d354        0xc C:/ST/STM32CubeIDE_1.14.0/STM32CubeIDE/plugins/com.st.stm32cube.ide.mcu.externaltools.gnu-tools-for-stm32.11.3.rel1.win32_1.1.100.202309141235/tools/bin/../lib/gcc/arm-none-eabi/11.3.1/../../../../arm-none-eabi/lib/thumb/v7e-m+fp/hard\libc_nano.a(libc_a-errno.o)
                0x000000000800d354                __errno
 .text.__libc_init_array
                0x000000000800d360       0x48 C:/ST/STM32CubeIDE_1.14.0/STM32CubeIDE/plugins/com.st.stm32cube.ide.mcu.externaltools.gnu-tools-for-stm32.11.3.rel1.win32_1.1.100.202309141235/tools/bin/../lib/gcc/arm-none-eabi/11.3.1/../../../../arm-none-eabi/lib/thumb/v7e-m+fp/hard\libc_nano.a(libc_a-init.o)
                0x000000000800d360                __libc_init_array
 .text.__retarget_lock_acquire_recursive
                0x000000000800d3a8        0x2 C:/ST/STM32CubeIDE_1.14.0/STM32CubeIDE/plugins/com.st.stm32cube.ide.mcu.externaltools.gnu-tools-for-stm32.11.3.rel1.win32_1.1.100.202309141235/tools/bin/../lib/gcc/arm-none-eabi/11.3.1/../../../../arm-none-eabi/lib/thumb/v7e-m+fp/hard\libc_nano.a(libc_a-lock.o)
                0x000000000800d3a8                __retarget_lock_acquire_recursive
 .text.__retarget_lock_release_recursive
                0x000000000800d3aa        0x2 C:/ST/STM32CubeIDE_1.14.0/STM32CubeIDE/plugins/com.st.stm32cube.ide.mcu.externaltools.gnu-tools-for-stm32.11.3.rel1.win32_1.1.100.202309141235/tools/bin/../lib/gcc/arm-none-eabi/11.3.1/../../../../arm-none-eabi/lib/thumb/v7e-m+fp/hard\libc_nano.a(libc_a-lock.o)
                0x000000000800d3aa                __retarget_lock_release_recursive
 .text.strcpy   0x000000000800d3ac       0x10 C:/ST/STM32CubeIDE_1.14.0/STM32CubeIDE/plugins/com.st.stm32cube.ide.mcu.externaltools.gnu-tools-for-stm32.11.3.rel1.win32_1.1.100.202309141235/tools/bin/../lib/gcc/arm-none-eabi/11.3.1/../../../../arm-none-eabi/lib/thumb/v7e-m+fp/hard\libc_nano.a(libc_a-strcpy.o)
                0x000000000800d3ac                strcpy
 .text._free_r  0x000000000800d3bc       0x98 C:/ST/STM32CubeIDE_1.14.0/STM32CubeIDE/plugins/com.st.stm32cube.ide.mcu.externaltools.gnu-tools-for-stm32.11.3.rel1.win32_1.1.100.202309141235/tools/bin/../lib/gcc/arm-none-eabi/11.3.1/../../../../arm-none-eabi/lib/thumb/v7e-m+fp/hard\libc_nano.a(libc_a-freer.o)
                0x000000000800d3bc                _free_r
 .text.sbrk_aligned
                0x000000000800d454       0x40 C:/ST/STM32CubeIDE_1.14.0/STM32CubeIDE/plugins/com.st.stm32cube.ide.mcu.externaltools.gnu-tools-for-stm32.11.3.rel1.win32_1.1.100.202309141235/tools/bin/../lib/gcc/arm-none-eabi/11.3.1/../../../../arm-none-eabi/lib/thumb/v7e-m+fp/hard\libc_nano.a(libc_a-mallocr.o)
 .text._malloc_r
                0x000000000800d494      0x100 C:/ST/STM32CubeIDE_1.14.0/STM32CubeIDE/plugins/com.st.stm32cube.ide.mcu.externaltools.gnu-tools-for-stm32.11.3.rel1.win32_1.1.100.202309141235/tools/bin/../lib/gcc/arm-none-eabi/11.3.1/../../../../arm-none-eabi/lib/thumb/v7e-m+fp/hard\libc_nano.a(libc_a-mallocr.o)
                0x000000000800d494                _malloc_r
 .text.__malloc_lock
                0x000000000800d594        0xc C:/ST/STM32CubeIDE_1.14.0/STM32CubeIDE/plugins/com.st.stm32cube.ide.mcu.externaltools.gnu-tools-for-stm32.11.3.rel1.win32_1.1.100.202309141235/tools/bin/../lib/gcc/arm-none-eabi/11.3.1/../../../../arm-none-eabi/lib/thumb/v7e-m+fp/hard\libc_nano.a(libc_a-mlock.o)
                0x000000000800d594                __malloc_lock
 .text.__malloc_unlock
                0x000000000800d5a0        0xc C:/ST/STM32CubeIDE_1.14.0/STM32CubeIDE/plugins/com.st.stm32cube.ide.mcu.externaltools.gnu-tools-for-stm32.11.3.rel1.win32_1.1.100.202309141235/tools/bin/../lib/gcc/arm-none-eabi/11.3.1/../../../../arm-none-eabi/lib/thumb/v7e-m+fp/hard\libc_nano.a(libc_a-mlock.o)
                0x000000000800d5a0                __malloc_unlock
 .text.__ssputs_r
                0x000000000800d5ac       0xb4 C:/ST/STM32CubeIDE_1.14.0/STM32CubeIDE/plugins/com.st.stm32cube.ide.mcu.externaltools.gnu-tools-for-stm32.11.3.rel1.win32_1.1.100.202309141235/tools/bin/../lib/gcc/arm-none-eabi/11.3.1/../../../../arm-none-eabi/lib/thumb/v7e-m+fp/hard\libc_nano.a(libc_a-nano-svfprintf.o)
                0x000000000800d5ac                __ssputs_r
 .text._svfprintf_r
                0x000000000800d660      0x1fc C:/ST/STM32CubeIDE_1.14.0/STM32CubeIDE/plugins/com.st.stm32cube.ide.mcu.externaltools.gnu-tools-for-stm32.11.3.rel1.win32_1.1.100.202309141235/tools/bin/../lib/gcc/arm-none-eabi/11.3.1/../../../../arm-none-eabi/lib/thumb/v7e-m+fp/hard\libc_nano.a(libc_a-nano-svfprintf.o)
                0x000000000800d660                _svfiprintf_r
                0x000000000800d660                _svfprintf_r
 .text._printf_common
                0x000000000800d85c       0xda C:/ST/STM32CubeIDE_1.14.0/STM32CubeIDE/plugins/com.st.stm32cube.ide.mcu.externaltools.gnu-tools-for-stm32.11.3.rel1.win32_1.1.100.202309141235/tools/bin/../lib/gcc/arm-none-eabi/11.3.1/../../../../arm-none-eabi/lib/thumb/v7e-m+fp/hard\libc_nano.a(libc_a-nano-vfprintf_i.o)
                0x000000000800d85c                _printf_common
 *fill*         0x000000000800d936        0x2 
 .text._printf_i
                0x000000000800d938      0x244 C:/ST/STM32CubeIDE_1.14.0/STM32CubeIDE/plugins/com.st.stm32cube.ide.mcu.externaltools.gnu-tools-for-stm32.11.3.rel1.win32_1.1.100.202309141235/tools/bin/../lib/gcc/arm-none-eabi/11.3.1/../../../../arm-none-eabi/lib/thumb/v7e-m+fp/hard\libc_nano.a(libc_a-nano-vfprintf_i.o)
                0x000000000800d938                _printf_i
 .text.memmove  0x000000000800db7c       0x34 C:/ST/STM32CubeIDE_1.14.0/STM32CubeIDE/plugins/com.st.stm32cube.ide.mcu.externaltools.gnu-tools-for-stm32.11.3.rel1.win32_1.1.100.202309141235/tools/bin/../lib/gcc/arm-none-eabi/11.3.1/../../../../arm-none-eabi/lib/thumb/v7e-m+fp/hard\libc_nano.a(libc_a-memmove.o)
                0x000000000800db7c                memmove
 .text._sbrk_r  0x000000000800dbb0       0x20 C:/ST/STM32CubeIDE_1.14.0/STM32CubeIDE/plugins/com.st.stm32cube.ide.mcu.externaltools.gnu-tools-for-stm32.11.3.rel1.win32_1.1.100.202309141235/tools/bin/../lib/gcc/arm-none-eabi/11.3.1/../../../../arm-none-eabi/lib/thumb/v7e-m+fp/hard\libc_nano.a(libc_a-sbrkr.o)
                0x000000000800dbb0                _sbrk_r
 .text.memcpy   0x000000000800dbd0       0x1c C:/ST/STM32CubeIDE_1.14.0/STM32CubeIDE/plugins/com.st.stm32cube.ide.mcu.externaltools.gnu-tools-for-stm32.11.3.rel1.win32_1.1.100.202309141235/tools/bin/../lib/gcc/arm-none-eabi/11.3.1/../../../../arm-none-eabi/lib/thumb/v7e-m+fp/hard\libc_nano.a(libc_a-memcpy-stub.o)
                0x000000000800dbd0                memcpy
 .text._realloc_r
                0x000000000800dbec       0x5e C:/ST/STM32CubeIDE_1.14.0/STM32CubeIDE/plugins/com.st.stm32cube.ide.mcu.externaltools.gnu-tools-for-stm32.11.3.rel1.win32_1.1.100.202309141235/tools/bin/../lib/gcc/arm-none-eabi/11.3.1/../../../../arm-none-eabi/lib/thumb/v7e-m+fp/hard\libc_nano.a(libc_a-reallocr.o)
                0x000000000800dbec                _realloc_r
 .text._malloc_usable_size_r
                0x000000000800dc4a       0x10 C:/ST/STM32CubeIDE_1.14.0/STM32CubeIDE/plugins/com.st.stm32cube.ide.mcu.externaltools.gnu-tools-for-stm32.11.3.rel1.win32_1.1.100.202309141235/tools/bin/../lib/gcc/arm-none-eabi/11.3.1/../../../../arm-none-eabi/lib/thumb/v7e-m+fp/hard\libc_nano.a(libc_a-msizer.o)
                0x000000000800dc4a                _malloc_usable_size_r
 *fill*         0x000000000800dc5a        0x6 
 .text.sin      0x000000000800dc60       0xb0 C:/ST/STM32CubeIDE_1.14.0/STM32CubeIDE/plugins/com.st.stm32cube.ide.mcu.externaltools.gnu-tools-for-stm32.11.3.rel1.win32_1.1.100.202309141235/tools/bin/../lib/gcc/arm-none-eabi/11.3.1/../../../../arm-none-eabi/lib/thumb/v7e-m+fp/hard\libm.a(libm_a-s_sin.o)
                0x000000000800dc60                sin
 .text.__kernel_cos
                0x000000000800dd10      0x18c C:/ST/STM32CubeIDE_1.14.0/STM32CubeIDE/plugins/com.st.stm32cube.ide.mcu.externaltools.gnu-tools-for-stm32.11.3.rel1.win32_1.1.100.202309141235/tools/bin/../lib/gcc/arm-none-eabi/11.3.1/../../../../arm-none-eabi/lib/thumb/v7e-m+fp/hard\libm.a(libm_a-k_cos.o)
                0x000000000800dd10                __kernel_cos
 *fill*         0x000000000800de9c        0x4 
 .text.__kernel_sin
                0x000000000800dea0      0x17c C:/ST/STM32CubeIDE_1.14.0/STM32CubeIDE/plugins/com.st.stm32cube.ide.mcu.externaltools.gnu-tools-for-stm32.11.3.rel1.win32_1.1.100.202309141235/tools/bin/../lib/gcc/arm-none-eabi/11.3.1/../../../../arm-none-eabi/lib/thumb/v7e-m+fp/hard\libm.a(libm_a-k_sin.o)
                0x000000000800dea0                __kernel_sin
 *fill*         0x000000000800e01c        0x4 
 .text.__ieee754_rem_pio2
                0x000000000800e020      0x40c C:/ST/STM32CubeIDE_1.14.0/STM32CubeIDE/plugins/com.st.stm32cube.ide.mcu.externaltools.gnu-tools-for-stm32.11.3.rel1.win32_1.1.100.202309141235/tools/bin/../lib/gcc/arm-none-eabi/11.3.1/../../../../arm-none-eabi/lib/thumb/v7e-m+fp/hard\libm.a(libm_a-e_rem_pio2.o)
                0x000000000800e020                __ieee754_rem_pio2
 .text.fabs     0x000000000800e42c       0x12 C:/ST/STM32CubeIDE_1.14.0/STM32CubeIDE/plugins/com.st.stm32cube.ide.mcu.externaltools.gnu-tools-for-stm32.11.3.rel1.win32_1.1.100.202309141235/tools/bin/../lib/gcc/arm-none-eabi/11.3.1/../../../../arm-none-eabi/lib/thumb/v7e-m+fp/hard\libm.a(libm_a-s_fabs.o)
                0x000000000800e42c                fabs
 *fill*         0x000000000800e43e        0x2 
 .text.__kernel_rem_pio2
                0x000000000800e440      0x69c C:/ST/STM32CubeIDE_1.14.0/STM32CubeIDE/plugins/com.st.stm32cube.ide.mcu.externaltools.gnu-tools-for-stm32.11.3.rel1.win32_1.1.100.202309141235/tools/bin/../lib/gcc/arm-none-eabi/11.3.1/../../../../arm-none-eabi/lib/thumb/v7e-m+fp/hard\libm.a(libm_a-k_rem_pio2.o)
                0x000000000800e440                __kernel_rem_pio2
 *fill*         0x000000000800eadc        0x4 
 .text.scalbn   0x000000000800eae0       0xfc C:/ST/STM32CubeIDE_1.14.0/STM32CubeIDE/plugins/com.st.stm32cube.ide.mcu.externaltools.gnu-tools-for-stm32.11.3.rel1.win32_1.1.100.202309141235/tools/bin/../lib/gcc/arm-none-eabi/11.3.1/../../../../arm-none-eabi/lib/thumb/v7e-m+fp/hard\libm.a(libm_a-s_scalbn.o)
                0x000000000800eae0                scalbn
 *fill*         0x000000000800ebdc        0x4 
 .text.floor    0x000000000800ebe0      0x100 C:/ST/STM32CubeIDE_1.14.0/STM32CubeIDE/plugins/com.st.stm32cube.ide.mcu.externaltools.gnu-tools-for-stm32.11.3.rel1.win32_1.1.100.202309141235/tools/bin/../lib/gcc/arm-none-eabi/11.3.1/../../../../arm-none-eabi/lib/thumb/v7e-m+fp/hard\libm.a(libm_a-s_floor.o)
                0x000000000800ebe0                floor
 *(.glue_7)
 .glue_7        0x000000000800ece0        0x0 linker stubs
 *(.glue_7t)
 .glue_7t       0x000000000800ece0        0x0 linker stubs
 *(.eh_frame)
 .eh_frame      0x000000000800ece0        0x0 C:/ST/STM32CubeIDE_1.14.0/STM32CubeIDE/plugins/com.st.stm32cube.ide.mcu.externaltools.gnu-tools-for-stm32.11.3.rel1.win32_1.1.100.202309141235/tools/bin/../lib/gcc/arm-none-eabi/11.3.1/thumb/v7e-m+fp/hard/crtbegin.o
 *(.init)
 .init          0x000000000800ece0        0x4 C:/ST/STM32CubeIDE_1.14.0/STM32CubeIDE/plugins/com.st.stm32cube.ide.mcu.externaltools.gnu-tools-for-stm32.11.3.rel1.win32_1.1.100.202309141235/tools/bin/../lib/gcc/arm-none-eabi/11.3.1/thumb/v7e-m+fp/hard/crti.o
                0x000000000800ece0                _init
 .init          0x000000000800ece4        0x8 C:/ST/STM32CubeIDE_1.14.0/STM32CubeIDE/plugins/com.st.stm32cube.ide.mcu.externaltools.gnu-tools-for-stm32.11.3.rel1.win32_1.1.100.202309141235/tools/bin/../lib/gcc/arm-none-eabi/11.3.1/thumb/v7e-m+fp/hard/crtn.o
 *(.fini)
 .fini          0x000000000800ecec        0x4 C:/ST/STM32CubeIDE_1.14.0/STM32CubeIDE/plugins/com.st.stm32cube.ide.mcu.externaltools.gnu-tools-for-stm32.11.3.rel1.win32_1.1.100.202309141235/tools/bin/../lib/gcc/arm-none-eabi/11.3.1/thumb/v7e-m+fp/hard/crti.o
                0x000000000800ecec                _fini
 .fini          0x000000000800ecf0        0x8 C:/ST/STM32CubeIDE_1.14.0/STM32CubeIDE/plugins/com.st.stm32cube.ide.mcu.externaltools.gnu-tools-for-stm32.11.3.rel1.win32_1.1.100.202309141235/tools/bin/../lib/gcc/arm-none-eabi/11.3.1/thumb/v7e-m+fp/hard/crtn.o
                0x000000000800ecf8                . = ALIGN (0x4)
                0x000000000800ecf8                _etext = .

.vfp11_veneer   0x000000000800ecf8        0x0
 .vfp11_veneer  0x000000000800ecf8        0x0 linker stubs

.v4_bx          0x000000000800ecf8        0x0
 .v4_bx         0x000000000800ecf8        0x0 linker stubs

.iplt           0x000000000800ecf8        0x0
 .iplt          0x000000000800ecf8        0x0 C:/ST/STM32CubeIDE_1.14.0/STM32CubeIDE/plugins/com.st.stm32cube.ide.mcu.externaltools.gnu-tools-for-stm32.11.3.rel1.win32_1.1.100.202309141235/tools/bin/../lib/gcc/arm-none-eabi/11.3.1/thumb/v7e-m+fp/hard/crtbegin.o

.rodata         0x000000000800ecf8     0x23f0
                0x000000000800ecf8                . = ALIGN (0x4)
 *(.rodata)
 *(.rodata*)
 .rodata.AppLoop.str1.1
                0x000000000800ecf8      0x456 ./App/Aplicacion.o
                                        0x46e (size before relaxing)
 .rodata.INGRESAR
                0x000000000800f14e        0x9 ./App/Idioma.o
                0x000000000800f14e                INGRESAR
 .rodata.SALIR  0x000000000800f157        0x6 ./App/Idioma.o
                0x000000000800f157                SALIR
 .rodata.AtencionTecla.str1.1
                0x000000000800f15d        0xd ./App/Panel Tactil.o
                                         0x3c (size before relaxing)
 .rodata.main.str1.1
                0x000000000800f16a        0x1 ./Core/Src/main.o
 *fill*         0x000000000800f16a        0x2 
 .rodata.SPWM   0x000000000800f16c      0x3e8 ./Core/Src/main.o
                0x000000000800f16c                SPWM
 .rodata.AHBPrescTable
                0x000000000800f554       0x10 ./Core/Src/system_stm32f3xx.o
                0x000000000800f554                AHBPrescTable
 .rodata.APBPrescTable
                0x000000000800f564        0x8 ./Core/Src/system_stm32f3xx.o
                0x000000000800f564                APBPrescTable
 .rodata.aPLLMULFactorTable
                0x000000000800f56c       0x10 ./Drivers/STM32F3xx_HAL_Driver/Src/stm32f3xx_hal_rcc.o
 .rodata.aPredivFactorTable
                0x000000000800f57c       0x10 ./Drivers/STM32F3xx_HAL_Driver/Src/stm32f3xx_hal_rcc.o
 .rodata.CSWTCH.53
                0x000000000800f58c        0x3 ./Drivers/STM32F3xx_HAL_Driver/Src/stm32f3xx_hal_uart.o
 .rodata.chars16
                0x000000000800f58f      0x5f0 ./ILI9341/ILI9341_Driver.o
 .rodata.chars8
                0x000000000800fb7f      0x2d8 ./ILI9341/ILI9341_Driver.o
 .rodata.BOT_ADER
                0x000000000800fe57      0x2dd ./Memoria/Memoria.o
                0x000000000800fe57                BOT_ADER
 .rodata.BOT_AIZQ
                0x0000000008010134      0x2d9 ./Memoria/Memoria.o
                0x0000000008010134                BOT_AIZQ
 .rodata.CORREDERA
                0x000000000801040d      0x35b ./Memoria/Memoria.o